[0.042s] Invoking command in '/home/jacob/MTRN4231/MTRN4231/fruit_picker_ws/build/user_input': CMAKE_PREFIX_PATH=${CMAKE_PREFIX_PATH}:/opt/ros/humble /usr/bin/cmake /home/jacob/MTRN4231/MTRN4231/fruit_picker_ws/src/user_input -DCMAKE_INSTALL_PREFIX=/home/jacob/MTRN4231/MTRN4231/fruit_picker_ws/install/user_input
[0.478s] -- The C compiler identification is GNU 11.4.0
[1.762s] -- The CXX compiler identification is GNU 11.4.0
[2.735s] -- Detecting C compiler ABI info
[3.099s] -- Detecting C compiler ABI info - done
[3.121s] -- Check for working C compiler: /usr/bin/cc - skipped
[3.121s] -- Detecting C compile features
[3.122s] -- Detecting C compile features - done
[3.127s] -- Detecting CXX compiler ABI info
[3.549s] -- Detecting CXX compiler ABI info - done
[3.562s] -- Check for working CXX compiler: /usr/bin/c++ - skipped
[3.563s] -- Detecting CXX compile features
[3.563s] -- Detecting CXX compile features - done
[3.568s] -- Found ament_cmake: 1.3.12 (/opt/ros/humble/share/ament_cmake/cmake)
[3.950s] -- Found Python3: /usr/bin/python3 (found version "3.10.12") found components: Interpreter 
[4.183s] -- Found rclcpp: 16.0.15 (/opt/ros/humble/share/rclcpp/cmake)
[4.678s] -- Found rosidl_generator_c: 3.1.7 (/opt/ros/humble/share/rosidl_generator_c/cmake)
[4.691s] -- Found rosidl_adapter: 3.1.7 (/opt/ros/humble/share/rosidl_adapter/cmake)
[4.712s] -- Found rosidl_generator_cpp: 3.1.7 (/opt/ros/humble/share/rosidl_generator_cpp/cmake)
[4.749s] -- Using all available rosidl_typesupport_c: rosidl_typesupport_fastrtps_c;rosidl_typesupport_introspection_c
[4.814s] -- Using all available rosidl_typesupport_cpp: rosidl_typesupport_fastrtps_cpp;rosidl_typesupport_introspection_cpp
[5.166s] -- Found rmw_implementation_cmake: 6.1.2 (/opt/ros/humble/share/rmw_implementation_cmake/cmake)
[5.179s] -- Found rmw_fastrtps_cpp: 6.2.8 (/opt/ros/humble/share/rmw_fastrtps_cpp/cmake)
[9.124s] -- Found OpenSSL: /usr/lib/x86_64-linux-gnu/libcrypto.so (found version "3.0.2")  
[12.720s] -- Found FastRTPS: /opt/ros/humble/include  
[18.485s] -- Using RMW implementation 'rmw_fastrtps_cpp' as default
[18.516s] -- Looking for pthread.h
[18.816s] -- Looking for pthread.h - found
[18.817s] -- Performing Test CMAKE_HAVE_LIBC_PTHREAD
[19.140s] -- Performing Test CMAKE_HAVE_LIBC_PTHREAD - Success
[19.142s] -- Found Threads: TRUE  
[19.294s] -- Found rclcpp_action: 16.0.15 (/opt/ros/humble/share/rclcpp_action/cmake)
[19.367s] -- Found rclcpp_components: 16.0.15 (/opt/ros/humble/share/rclcpp_components/cmake)
[19.442s] -- Found input_interfaces: 0.0.0 (/home/jacob/MTRN4231/MTRN4231/fruit_picker_ws/install/input_interfaces/share/input_interfaces/cmake)
[19.469s] -- Found ament_lint_auto: 0.12.14 (/opt/ros/humble/share/ament_lint_auto/cmake)
[19.593s] -- Added test 'cppcheck' to perform static code analysis on C / C++ code
[19.594s] -- Configured cppcheck include dirs: $<BUILD_INTERFACE:/home/jacob/MTRN4231/MTRN4231/fruit_picker_ws/src/user_input/include>
[19.594s] -- Configured cppcheck exclude dirs and/or files: 
[19.596s] -- Added test 'flake8' to check Python code syntax and style conventions
[19.598s] -- Added test 'lint_cmake' to check CMake code style
[19.601s] -- Added test 'pep257' to check Python code against some of the docstring style conventions in PEP 257
[19.607s] -- Added test 'uncrustify' to check C / C++ code style
[19.607s] -- Configured uncrustify additional arguments: 
[19.610s] -- Added test 'xmllint' to check XML markup files
[19.615s] -- Configuring done
[19.670s] -- Generating done
[19.687s] -- Build files have been written to: /home/jacob/MTRN4231/MTRN4231/fruit_picker_ws/build/user_input
[19.708s] Invoked command in '/home/jacob/MTRN4231/MTRN4231/fruit_picker_ws/build/user_input' returned '0': CMAKE_PREFIX_PATH=${CMAKE_PREFIX_PATH}:/opt/ros/humble /usr/bin/cmake /home/jacob/MTRN4231/MTRN4231/fruit_picker_ws/src/user_input -DCMAKE_INSTALL_PREFIX=/home/jacob/MTRN4231/MTRN4231/fruit_picker_ws/install/user_input
[19.712s] Invoking command in '/home/jacob/MTRN4231/MTRN4231/fruit_picker_ws/build/user_input': CMAKE_PREFIX_PATH=${CMAKE_PREFIX_PATH}:/opt/ros/humble /usr/bin/cmake --build /home/jacob/MTRN4231/MTRN4231/fruit_picker_ws/build/user_input -- -j8 -l8
[19.795s] [ 25%] [32mBuilding CXX object CMakeFiles/user_interface_node.dir/rclcpp_components/node_main_user_interface_node.cpp.o[0m
[19.800s] [ 50%] [32mBuilding CXX object CMakeFiles/action_server.dir/src/user_interface.cpp.o[0m
[19.990s] [01m[K/home/jacob/MTRN4231/MTRN4231/fruit_picker_ws/src/user_input/src/user_interface.cpp:5:10:[m[K [01;31m[Kfatal error: [m[Kinput_interfaces/action/userInput.hpp: No such file or directory
[19.990s]     5 | #include [01;31m[K"input_interfaces/action/userInput.hpp"[m[K
[19.990s]       |          [01;31m[K^~~~~~~~~~~~~~~~~~~~~~~~~~~~~~~~~~~~~~~[m[K
[19.990s] compilation terminated.
[19.996s] gmake[2]: *** [CMakeFiles/action_server.dir/build.make:76: CMakeFiles/action_server.dir/src/user_interface.cpp.o] Error 1
[19.997s] gmake[1]: *** [CMakeFiles/Makefile2:139: CMakeFiles/action_server.dir/all] Error 2
[19.997s] gmake[1]: *** Waiting for unfinished jobs....
[25.041s] [ 75%] [32m[1mLinking CXX executable user_interface_node[0m
[25.502s] [ 75%] Built target user_interface_node
[25.504s] gmake: *** [Makefile:146: all] Error 2
[25.508s] Invoked command in '/home/jacob/MTRN4231/MTRN4231/fruit_picker_ws/build/user_input' returned '2': CMAKE_PREFIX_PATH=${CMAKE_PREFIX_PATH}:/opt/ros/humble /usr/bin/cmake --build /home/jacob/MTRN4231/MTRN4231/fruit_picker_ws/build/user_input -- -j8 -l8
