[0.043s] Invoking command in '/home/jacob/MTRN4231/MTRN4231/fruit_picker_ws/src/build/user_input': CMAKE_PREFIX_PATH=/opt/ros/humble /usr/bin/cmake /home/jacob/MTRN4231/MTRN4231/fruit_picker_ws/src/user_input -DCMAKE_INSTALL_PREFIX=/home/jacob/MTRN4231/MTRN4231/fruit_picker_ws/src/install/user_input
[0.073s] -- Found ament_cmake: 1.3.12 (/opt/ros/humble/share/ament_cmake/cmake)
[0.574s] -- Found rclcpp: 16.0.15 (/opt/ros/humble/share/rclcpp/cmake)
[1.175s] -- Found rosidl_generator_c: 3.1.7 (/opt/ros/humble/share/rosidl_generator_c/cmake)
[1.196s] -- Found rosidl_adapter: 3.1.7 (/opt/ros/humble/share/rosidl_adapter/cmake)
[1.212s] -- Found rosidl_generator_cpp: 3.1.7 (/opt/ros/humble/share/rosidl_generator_cpp/cmake)
[1.240s] -- Using all available rosidl_typesupport_c: rosidl_typesupport_fastrtps_c;rosidl_typesupport_introspection_c
[1.272s] -- Using all available rosidl_typesupport_cpp: rosidl_typesupport_fastrtps_cpp;rosidl_typesupport_introspection_cpp
[1.365s] -- Found rmw_implementation_cmake: 6.1.2 (/opt/ros/humble/share/rmw_implementation_cmake/cmake)
[1.374s] -- Found rmw_fastrtps_cpp: 6.2.8 (/opt/ros/humble/share/rmw_fastrtps_cpp/cmake)
[17.451s] -- Using RMW implementation 'rmw_fastrtps_cpp' as default
[17.520s] -- Found rclcpp_action: 16.0.15 (/opt/ros/humble/share/rclcpp_action/cmake)
[21.215s] [31mCMake Error at CMakeLists.txt:16 (find_package):
[21.215s]   By not providing "Findinput_interfaces.cmake" in CMAKE_MODULE_PATH this
[21.215s]   project has asked CMake to find a package configuration file provided by
[21.215s]   "input_interfaces", but CMake did not find one.
[21.216s] 
[21.216s]   Could not find a package configuration file provided by "input_interfaces"
[21.216s]   with any of the following names:
[21.216s] 
[21.216s]     input_interfacesConfig.cmake
[21.216s]     input_interfaces-config.cmake
[21.216s] 
[21.216s]   Add the installation prefix of "input_interfaces" to CMAKE_PREFIX_PATH or
[21.216s]   set "input_interfaces_DIR" to a directory containing one of the above
[21.216s]   files.  If "input_interfaces" provides a separate development package or
[21.216s]   SDK, be sure it has been installed.
[21.216s] 
[21.216s] [0m
[21.217s] -- Configuring incomplete, errors occurred!
[21.217s] See also "/home/jacob/MTRN4231/MTRN4231/fruit_picker_ws/src/build/user_input/CMakeFiles/CMakeOutput.log".
[21.229s] Invoked command in '/home/jacob/MTRN4231/MTRN4231/fruit_picker_ws/src/build/user_input' returned '1': CMAKE_PREFIX_PATH=/opt/ros/humble /usr/bin/cmake /home/jacob/MTRN4231/MTRN4231/fruit_picker_ws/src/user_input -DCMAKE_INSTALL_PREFIX=/home/jacob/MTRN4231/MTRN4231/fruit_picker_ws/src/install/user_input
