[0.043s] Invoking command in '/home/jacob/MTRN4231/MTRN4231/fruit_picker_ws/build/user_input': CMAKE_PREFIX_PATH=${CMAKE_PREFIX_PATH}:/opt/ros/humble /usr/bin/cmake --build /home/jacob/MTRN4231/MTRN4231/fruit_picker_ws/build/user_input -- -j8 -l8
[0.208s] [ 25%] Built target start_node
[0.212s] [ 37%] [32mBuilding CXX object CMakeFiles/action_client.dir/src/start.cpp.o[0m
[0.218s] [ 62%] Built target user_interface_node
[0.224s] [ 75%] [32mBuilding CXX object CMakeFiles/action_server.dir/src/user_interface.cpp.o[0m
[6.403s] [01m[K/home/jacob/MTRN4231/MTRN4231/fruit_picker_ws/src/user_input/src/user_interface.cpp:19:3:[m[K [01;31m[Kerror: [m[K‘[01m[KUSER_INPUT_PUBLIC[m[K’ does not name a type
[6.403s]    19 |   [01;31m[KUSER_INPUT_PUBLIC[m[K
[6.403s]       |   [01;31m[K^~~~~~~~~~~~~~~~~[m[K
[7.711s] In file included from [01m[K/usr/include/x86_64-linux-gnu/c++/11/bits/c++allocator.h:33[m[K,
[7.711s]                  from [01m[K/usr/include/c++/11/bits/allocator.h:46[m[K,
[7.712s]                  from [01m[K/usr/include/c++/11/unordered_map:40[m[K,
[7.712s]                  from [01m[K/usr/include/c++/11/functional:61[m[K,
[7.712s]                  from [01m[K/home/jacob/MTRN4231/MTRN4231/fruit_picker_ws/src/user_input/src/user_interface.cpp:1[m[K:
[7.712s] /usr/include/c++/11/ext/new_allocator.h: In instantiation of ‘[01m[Kvoid __gnu_cxx::new_allocator<_Tp>::construct(_Up*, _Args&& ...) [with _Up = user_input::UserInterfaceActionServer; _Args = {const rclcpp::NodeOptions&}; _Tp = user_input::UserInterfaceActionServer][m[K’:
[7.712s] [01m[K/usr/include/c++/11/bits/alloc_traits.h:516:17:[m[K   required from ‘[01m[Kstatic void std::allocator_traits<std::allocator<_Tp1> >::construct(std::allocator_traits<std::allocator<_Tp1> >::allocator_type&, _Up*, _Args&& ...) [with _Up = user_input::UserInterfaceActionServer; _Args = {const rclcpp::NodeOptions&}; _Tp = user_input::UserInterfaceActionServer; std::allocator_traits<std::allocator<_Tp1> >::allocator_type = std::allocator<user_input::UserInterfaceActionServer>][m[K’
[7.713s] [01m[K/usr/include/c++/11/bits/shared_ptr_base.h:519:39:[m[K   required from ‘[01m[Kstd::_Sp_counted_ptr_inplace<_Tp, _Alloc, _Lp>::_Sp_counted_ptr_inplace(_Alloc, _Args&& ...) [with _Args = {const rclcpp::NodeOptions&}; _Tp = user_input::UserInterfaceActionServer; _Alloc = std::allocator<user_input::UserInterfaceActionServer>; __gnu_cxx::_Lock_policy _Lp = __gnu_cxx::_S_atomic][m[K’
[7.713s] [01m[K/usr/include/c++/11/bits/shared_ptr_base.h:650:16:[m[K   required from ‘[01m[Kstd::__shared_count<_Lp>::__shared_count(_Tp*&, std::_Sp_alloc_shared_tag<_Alloc>, _Args&& ...) [with _Tp = user_input::UserInterfaceActionServer; _Alloc = std::allocator<user_input::UserInterfaceActionServer>; _Args = {const rclcpp::NodeOptions&}; __gnu_cxx::_Lock_policy _Lp = __gnu_cxx::_S_atomic][m[K’
[7.713s] [01m[K/usr/include/c++/11/bits/shared_ptr_base.h:1342:14:[m[K   required from ‘[01m[Kstd::__shared_ptr<_Tp, _Lp>::__shared_ptr(std::_Sp_alloc_shared_tag<_Tp>, _Args&& ...) [with _Alloc = std::allocator<user_input::UserInterfaceActionServer>; _Args = {const rclcpp::NodeOptions&}; _Tp = user_input::UserInterfaceActionServer; __gnu_cxx::_Lock_policy _Lp = __gnu_cxx::_S_atomic][m[K’
[7.713s] [01m[K/usr/include/c++/11/bits/shared_ptr.h:409:59:[m[K   required from ‘[01m[Kstd::shared_ptr<_Tp>::shared_ptr(std::_Sp_alloc_shared_tag<_Tp>, _Args&& ...) [with _Alloc = std::allocator<user_input::UserInterfaceActionServer>; _Args = {const rclcpp::NodeOptions&}; _Tp = user_input::UserInterfaceActionServer][m[K’
[7.713s] [01m[K/usr/include/c++/11/bits/shared_ptr.h:862:14:[m[K   required from ‘[01m[Kstd::shared_ptr<_Tp> std::allocate_shared(const _Alloc&, _Args&& ...) [with _Tp = user_input::UserInterfaceActionServer; _Alloc = std::allocator<user_input::UserInterfaceActionServer>; _Args = {const rclcpp::NodeOptions&}][m[K’
[7.714s] [01m[K/usr/include/c++/11/bits/shared_ptr.h:878:39:[m[K   required from ‘[01m[Kstd::shared_ptr<_Tp> std::make_shared(_Args&& ...) [with _Tp = user_input::UserInterfaceActionServer; _Args = {const rclcpp::NodeOptions&}][m[K’
[7.714s] [01m[K/opt/ros/humble/include/rclcpp_components/rclcpp_components/node_factory_template.hpp:45:40:[m[K   required from ‘[01m[Krclcpp_components::NodeInstanceWrapper rclcpp_components::NodeFactoryTemplate<NodeT>::create_node_instance(const rclcpp::NodeOptions&) [with NodeT = user_input::UserInterfaceActionServer][m[K’
[7.714s] [01m[K/opt/ros/humble/include/rclcpp_components/rclcpp_components/node_factory_template.hpp:43:3:[m[K   required from here
[7.715s] [01m[K/usr/include/c++/11/ext/new_allocator.h:162:11:[m[K [01;31m[Kerror: [m[Kno matching function for call to ‘[01m[Kuser_input::UserInterfaceActionServer::UserInterfaceActionServer(const rclcpp::NodeOptions&)[m[K’
[7.715s]   162 |         { [01;31m[K::new((void *)__p) _Up(std::forward<_Args>(__args)...)[m[K; }
[7.715s]       |           [01;31m[K^~~~~~~~~~~~~~~~~~~~~~~~~~~~~~~~~~~~~~~~~~~~~~~~~~~~~~[m[K
[7.716s] [01m[K/home/jacob/MTRN4231/MTRN4231/fruit_picker_ws/src/user_input/src/user_interface.cpp:13:7:[m[K [01;36m[Knote: [m[Kcandidate: ‘[01m[Kuser_input::UserInterfaceActionServer::UserInterfaceActionServer()[m[K’ (deleted)
[7.716s]    13 | class [01;36m[KUserInterfaceActionServer[m[K : public rclcpp::Node
[7.716s]       |       [01;36m[K^~~~~~~~~~~~~~~~~~~~~~~~~[m[K
[7.716s] [01m[K/home/jacob/MTRN4231/MTRN4231/fruit_picker_ws/src/user_input/src/user_interface.cpp:13:7:[m[K [01;36m[Knote: [m[K  candidate expects 0 arguments, 1 provided
[7.716s] [01m[K/home/jacob/MTRN4231/MTRN4231/fruit_picker_ws/src/user_input/src/user_interface.cpp:13:7:[m[K [01;36m[Knote: [m[Kcandidate: ‘[01m[Kuser_input::UserInterfaceActionServer::UserInterfaceActionServer(const user_input::UserInterfaceActionServer&)[m[K’ (deleted)
[7.717s] [01m[K/home/jacob/MTRN4231/MTRN4231/fruit_picker_ws/src/user_input/src/user_interface.cpp:13:7:[m[K [01;36m[Knote: [m[K  no known conversion for argument 1 from ‘[01m[Kconst rclcpp::NodeOptions[m[K’ to ‘[01m[Kconst user_input::UserInterfaceActionServer&[m[K’
[7.717s] [01m[K/home/jacob/MTRN4231/MTRN4231/fruit_picker_ws/src/user_input/src/user_interface.cpp:13:7:[m[K [01;36m[Knote: [m[Kcandidate: ‘[01m[Kuser_input::UserInterfaceActionServer::UserInterfaceActionServer(user_input::UserInterfaceActionServer&&)[m[K’ (deleted)
[7.717s] [01m[K/home/jacob/MTRN4231/MTRN4231/fruit_picker_ws/src/user_input/src/user_interface.cpp:13:7:[m[K [01;36m[Knote: [m[K  no known conversion for argument 1 from ‘[01m[Kconst rclcpp::NodeOptions[m[K’ to ‘[01m[Kuser_input::UserInterfaceActionServer&&[m[K’
[7.981s] gmake[2]: *** [CMakeFiles/action_server.dir/build.make:76: CMakeFiles/action_server.dir/src/user_interface.cpp.o] Error 1
[7.985s] gmake[1]: *** [CMakeFiles/Makefile2:195: CMakeFiles/action_server.dir/all] Error 2
[7.985s] gmake[1]: *** Waiting for unfinished jobs....
[10.344s] [ 87%] [32m[1mLinking CXX shared library libaction_client.so[0m
[10.980s] [ 87%] Built target action_client
[10.984s] gmake: *** [Makefile:146: all] Error 2
[10.989s] Invoked command in '/home/jacob/MTRN4231/MTRN4231/fruit_picker_ws/build/user_input' returned '2': CMAKE_PREFIX_PATH=${CMAKE_PREFIX_PATH}:/opt/ros/humble /usr/bin/cmake --build /home/jacob/MTRN4231/MTRN4231/fruit_picker_ws/build/user_input -- -j8 -l8
