[0.044s] Invoking command in '/home/jacob/MTRN4231/MTRN4231/fruit_picker_ws/build/user_input': CMAKE_PREFIX_PATH=${CMAKE_PREFIX_PATH}:/opt/ros/humble /usr/bin/cmake --build /home/jacob/MTRN4231/MTRN4231/fruit_picker_ws/build/user_input -- -j8 -l8
[0.211s] [35m[1mConsolidate compiler generated dependencies of target action_client[0m
[0.239s] [ 25%] Built target start_node
[0.271s] [ 50%] Built target action_server
[0.297s] [ 62%] [32mBuilding CXX object CMakeFiles/action_client.dir/src/start.cpp.o[0m
[0.303s] [ 87%] Built target user_interface_node
[8.871s] [100%] [32m[1mLinking CXX shared library libaction_client.so[0m
[9.456s] [100%] Built target action_client
[9.487s] Invoked command in '/home/jacob/MTRN4231/MTRN4231/fruit_picker_ws/build/user_input' returned '0': CMAKE_PREFIX_PATH=${CMAKE_PREFIX_PATH}:/opt/ros/humble /usr/bin/cmake --build /home/jacob/MTRN4231/MTRN4231/fruit_picker_ws/build/user_input -- -j8 -l8
[9.489s] Invoking command in '/home/jacob/MTRN4231/MTRN4231/fruit_picker_ws/build/user_input': CMAKE_PREFIX_PATH=${CMAKE_PREFIX_PATH}:/opt/ros/humble /usr/bin/cmake --install /home/jacob/MTRN4231/MTRN4231/fruit_picker_ws/build/user_input
[9.500s] -- Install configuration: ""
[9.500s] -- Up-to-date: /home/jacob/MTRN4231/MTRN4231/fruit_picker_ws/install/user_input/lib/user_input/start_node
[9.501s] -- Installing: /home/jacob/MTRN4231/MTRN4231/fruit_picker_ws/install/user_input/lib/libaction_client.so
[9.507s] -- Set runtime path of "/home/jacob/MTRN4231/MTRN4231/fruit_picker_ws/install/user_input/lib/libaction_client.so" to ""
[9.508s] -- Up-to-date: /home/jacob/MTRN4231/MTRN4231/fruit_picker_ws/install/user_input/lib/user_input/user_interface_node
[9.509s] -- Up-to-date: /home/jacob/MTRN4231/MTRN4231/fruit_picker_ws/install/user_input/lib/libaction_server.so
[9.510s] -- Up-to-date: /home/jacob/MTRN4231/MTRN4231/fruit_picker_ws/install/user_input/share/ament_index/resource_index/package_run_dependencies/user_input
[9.510s] -- Up-to-date: /home/jacob/MTRN4231/MTRN4231/fruit_picker_ws/install/user_input/share/ament_index/resource_index/parent_prefix_path/user_input
[9.511s] -- Up-to-date: /home/jacob/MTRN4231/MTRN4231/fruit_picker_ws/install/user_input/share/user_input/environment/ament_prefix_path.sh
[9.511s] -- Up-to-date: /home/jacob/MTRN4231/MTRN4231/fruit_picker_ws/install/user_input/share/user_input/environment/ament_prefix_path.dsv
[9.511s] -- Up-to-date: /home/jacob/MTRN4231/MTRN4231/fruit_picker_ws/install/user_input/share/user_input/environment/path.sh
[9.512s] -- Up-to-date: /home/jacob/MTRN4231/MTRN4231/fruit_picker_ws/install/user_input/share/user_input/environment/path.dsv
[9.512s] -- Up-to-date: /home/jacob/MTRN4231/MTRN4231/fruit_picker_ws/install/user_input/share/user_input/local_setup.bash
[9.512s] -- Up-to-date: /home/jacob/MTRN4231/MTRN4231/fruit_picker_ws/install/user_input/share/user_input/local_setup.sh
[9.513s] -- Up-to-date: /home/jacob/MTRN4231/MTRN4231/fruit_picker_ws/install/user_input/share/user_input/local_setup.zsh
[9.513s] -- Up-to-date: /home/jacob/MTRN4231/MTRN4231/fruit_picker_ws/install/user_input/share/user_input/local_setup.dsv
[9.513s] -- Installing: /home/jacob/MTRN4231/MTRN4231/fruit_picker_ws/install/user_input/share/user_input/package.dsv
[9.513s] -- Up-to-date: /home/jacob/MTRN4231/MTRN4231/fruit_picker_ws/install/user_input/share/ament_index/resource_index/packages/user_input
[9.513s] -- Up-to-date: /home/jacob/MTRN4231/MTRN4231/fruit_picker_ws/install/user_input/share/ament_index/resource_index/rclcpp_components/user_input
[9.514s] -- Up-to-date: /home/jacob/MTRN4231/MTRN4231/fruit_picker_ws/install/user_input/share/user_input/cmake/user_inputConfig.cmake
[9.514s] -- Up-to-date: /home/jacob/MTRN4231/MTRN4231/fruit_picker_ws/install/user_input/share/user_input/cmake/user_inputConfig-version.cmake
[9.514s] -- Up-to-date: /home/jacob/MTRN4231/MTRN4231/fruit_picker_ws/install/user_input/share/user_input/package.xml
[9.516s] Invoked command in '/home/jacob/MTRN4231/MTRN4231/fruit_picker_ws/build/user_input' returned '0': CMAKE_PREFIX_PATH=${CMAKE_PREFIX_PATH}:/opt/ros/humble /usr/bin/cmake --install /home/jacob/MTRN4231/MTRN4231/fruit_picker_ws/build/user_input
