[0.035s] Invoking command in '/home/jacob/MTRN4231/MTRN4231/fruit_picker_ws/build/input_interfaces': CMAKE_PREFIX_PATH=${CMAKE_PREFIX_PATH}:/opt/ros/humble /usr/bin/cmake --build /home/jacob/MTRN4231/MTRN4231/fruit_picker_ws/build/input_interfaces -- -j8 -l8
[0.155s] [  9%] Built target input_interfaces__rosidl_generator_c
[0.155s] [ 12%] Built target input_interfaces__cpp
[0.188s] [ 12%] Built target ament_cmake_python_copy_input_interfaces
[0.239s] [ 22%] Built target input_interfaces__rosidl_typesupport_c
[0.240s] [ 32%] Built target input_interfaces__rosidl_typesupport_fastrtps_c
[0.240s] [ 41%] Built target input_interfaces__rosidl_typesupport_introspection_c
[0.243s] [ 51%] Built target input_interfaces__rosidl_typesupport_cpp
[0.246s] [ 61%] Built target input_interfaces__rosidl_typesupport_introspection_cpp
[0.250s] [ 70%] Built target input_interfaces__rosidl_typesupport_fastrtps_cpp
[0.308s] [ 70%] Built target input_interfaces
[0.365s] [ 74%] Built target input_interfaces__py
[0.432s] [ 80%] Built target input_interfaces__rosidl_generator_py
[0.490s] [ 87%] Built target input_interfaces__rosidl_typesupport_introspection_c__pyext
[0.494s] [ 93%] Built target input_interfaces__rosidl_typesupport_fastrtps_c__pyext
[0.494s] [100%] Built target input_interfaces__rosidl_typesupport_c__pyext
[0.810s] running egg_info
[0.813s] writing input_interfaces.egg-info/PKG-INFO
[0.813s] writing dependency_links to input_interfaces.egg-info/dependency_links.txt
[0.814s] writing top-level names to input_interfaces.egg-info/top_level.txt
[0.818s] reading manifest file 'input_interfaces.egg-info/SOURCES.txt'
[0.818s] writing manifest file 'input_interfaces.egg-info/SOURCES.txt'
[0.871s] [100%] Built target ament_cmake_python_build_input_interfaces_egg
[0.899s] Invoked command in '/home/jacob/MTRN4231/MTRN4231/fruit_picker_ws/build/input_interfaces' returned '0': CMAKE_PREFIX_PATH=${CMAKE_PREFIX_PATH}:/opt/ros/humble /usr/bin/cmake --build /home/jacob/MTRN4231/MTRN4231/fruit_picker_ws/build/input_interfaces -- -j8 -l8
[0.923s] Invoking command in '/home/jacob/MTRN4231/MTRN4231/fruit_picker_ws/build/input_interfaces': CMAKE_PREFIX_PATH=${CMAKE_PREFIX_PATH}:/opt/ros/humble /usr/bin/cmake --install /home/jacob/MTRN4231/MTRN4231/fruit_picker_ws/build/input_interfaces
[0.939s] -- Install configuration: ""
[0.939s] -- Up-to-date: /home/jacob/MTRN4231/MTRN4231/fruit_picker_ws/install/input_interfaces/share/ament_index/resource_index/rosidl_interfaces/input_interfaces
[0.940s] -- Up-to-date: /home/jacob/MTRN4231/MTRN4231/fruit_picker_ws/install/input_interfaces/include/input_interfaces/input_interfaces
[0.940s] -- Up-to-date: /home/jacob/MTRN4231/MTRN4231/fruit_picker_ws/install/input_interfaces/include/input_interfaces/input_interfaces/msg
[0.940s] -- Up-to-date: /home/jacob/MTRN4231/MTRN4231/fruit_picker_ws/install/input_interfaces/include/input_interfaces/input_interfaces/msg/rosidl_generator_c__visibility_control.h
[0.941s] -- Up-to-date: /home/jacob/MTRN4231/MTRN4231/fruit_picker_ws/install/input_interfaces/include/input_interfaces/input_interfaces/action
[0.941s] -- Up-to-date: /home/jacob/MTRN4231/MTRN4231/fruit_picker_ws/install/input_interfaces/include/input_interfaces/input_interfaces/action/user_input.h
[0.941s] -- Up-to-date: /home/jacob/MTRN4231/MTRN4231/fruit_picker_ws/install/input_interfaces/include/input_interfaces/input_interfaces/action/detail
[0.941s] -- Up-to-date: /home/jacob/MTRN4231/MTRN4231/fruit_picker_ws/install/input_interfaces/include/input_interfaces/input_interfaces/action/detail/user_input__struct.h
[0.941s] -- Up-to-date: /home/jacob/MTRN4231/MTRN4231/fruit_picker_ws/install/input_interfaces/include/input_interfaces/input_interfaces/action/detail/user_input__functions.c
[0.942s] -- Up-to-date: /home/jacob/MTRN4231/MTRN4231/fruit_picker_ws/install/input_interfaces/include/input_interfaces/input_interfaces/action/detail/user_input__type_support.h
[0.942s] -- Up-to-date: /home/jacob/MTRN4231/MTRN4231/fruit_picker_ws/install/input_interfaces/include/input_interfaces/input_interfaces/action/detail/user_input__functions.h
[0.942s] -- Up-to-date: /home/jacob/MTRN4231/MTRN4231/fruit_picker_ws/install/input_interfaces/share/input_interfaces/environment/library_path.sh
[0.943s] -- Up-to-date: /home/jacob/MTRN4231/MTRN4231/fruit_picker_ws/install/input_interfaces/share/input_interfaces/environment/library_path.dsv
[0.943s] -- Up-to-date: /home/jacob/MTRN4231/MTRN4231/fruit_picker_ws/install/input_interfaces/lib/libinput_interfaces__rosidl_generator_c.so
[0.944s] -- Up-to-date: /home/jacob/MTRN4231/MTRN4231/fruit_picker_ws/install/input_interfaces/include/input_interfaces/input_interfaces
[0.944s] -- Up-to-date: /home/jacob/MTRN4231/MTRN4231/fruit_picker_ws/install/input_interfaces/include/input_interfaces/input_interfaces/msg
[0.944s] -- Up-to-date: /home/jacob/MTRN4231/MTRN4231/fruit_picker_ws/install/input_interfaces/include/input_interfaces/input_interfaces/msg/rosidl_typesupport_fastrtps_c__visibility_control.h
[0.944s] -- Up-to-date: /home/jacob/MTRN4231/MTRN4231/fruit_picker_ws/install/input_interfaces/include/input_interfaces/input_interfaces/action
[0.944s] -- Up-to-date: /home/jacob/MTRN4231/MTRN4231/fruit_picker_ws/install/input_interfaces/include/input_interfaces/input_interfaces/action/detail
[0.944s] -- Up-to-date: /home/jacob/MTRN4231/MTRN4231/fruit_picker_ws/install/input_interfaces/include/input_interfaces/input_interfaces/action/detail/user_input__rosidl_typesupport_fastrtps_c.h
[0.945s] -- Up-to-date: /home/jacob/MTRN4231/MTRN4231/fruit_picker_ws/install/input_interfaces/lib/libinput_interfaces__rosidl_typesupport_fastrtps_c.so
[0.945s] -- Up-to-date: /home/jacob/MTRN4231/MTRN4231/fruit_picker_ws/install/input_interfaces/include/input_interfaces/input_interfaces
[0.946s] -- Up-to-date: /home/jacob/MTRN4231/MTRN4231/fruit_picker_ws/install/input_interfaces/include/input_interfaces/input_interfaces/msg
[0.946s] -- Up-to-date: /home/jacob/MTRN4231/MTRN4231/fruit_picker_ws/install/input_interfaces/include/input_interfaces/input_interfaces/msg/rosidl_typesupport_introspection_c__visibility_control.h
[0.946s] -- Up-to-date: /home/jacob/MTRN4231/MTRN4231/fruit_picker_ws/install/input_interfaces/include/input_interfaces/input_interfaces/action
[0.947s] -- Up-to-date: /home/jacob/MTRN4231/MTRN4231/fruit_picker_ws/install/input_interfaces/include/input_interfaces/input_interfaces/action/detail
[0.947s] -- Up-to-date: /home/jacob/MTRN4231/MTRN4231/fruit_picker_ws/install/input_interfaces/include/input_interfaces/input_interfaces/action/detail/user_input__rosidl_typesupport_introspection_c.h
[0.948s] -- Up-to-date: /home/jacob/MTRN4231/MTRN4231/fruit_picker_ws/install/input_interfaces/include/input_interfaces/input_interfaces/action/detail/user_input__type_support.c
[0.948s] -- Up-to-date: /home/jacob/MTRN4231/MTRN4231/fruit_picker_ws/install/input_interfaces/lib/libinput_interfaces__rosidl_typesupport_introspection_c.so
[0.949s] -- Up-to-date: /home/jacob/MTRN4231/MTRN4231/fruit_picker_ws/install/input_interfaces/lib/libinput_interfaces__rosidl_typesupport_c.so
[0.949s] -- Up-to-date: /home/jacob/MTRN4231/MTRN4231/fruit_picker_ws/install/input_interfaces/include/input_interfaces/input_interfaces
[0.950s] -- Up-to-date: /home/jacob/MTRN4231/MTRN4231/fruit_picker_ws/install/input_interfaces/include/input_interfaces/input_interfaces/msg
[0.950s] -- Up-to-date: /home/jacob/MTRN4231/MTRN4231/fruit_picker_ws/install/input_interfaces/include/input_interfaces/input_interfaces/msg/rosidl_generator_cpp__visibility_control.hpp
[0.951s] -- Up-to-date: /home/jacob/MTRN4231/MTRN4231/fruit_picker_ws/install/input_interfaces/include/input_interfaces/input_interfaces/action
[0.951s] -- Up-to-date: /home/jacob/MTRN4231/MTRN4231/fruit_picker_ws/install/input_interfaces/include/input_interfaces/input_interfaces/action/user_input.hpp
[0.951s] -- Up-to-date: /home/jacob/MTRN4231/MTRN4231/fruit_picker_ws/install/input_interfaces/include/input_interfaces/input_interfaces/action/detail
[0.952s] -- Up-to-date: /home/jacob/MTRN4231/MTRN4231/fruit_picker_ws/install/input_interfaces/include/input_interfaces/input_interfaces/action/detail/user_input__traits.hpp
[0.952s] -- Up-to-date: /home/jacob/MTRN4231/MTRN4231/fruit_picker_ws/install/input_interfaces/include/input_interfaces/input_interfaces/action/detail/user_input__struct.hpp
[0.952s] -- Up-to-date: /home/jacob/MTRN4231/MTRN4231/fruit_picker_ws/install/input_interfaces/include/input_interfaces/input_interfaces/action/detail/user_input__builder.hpp
[0.953s] -- Up-to-date: /home/jacob/MTRN4231/MTRN4231/fruit_picker_ws/install/input_interfaces/include/input_interfaces/input_interfaces/action/detail/user_input__type_support.hpp
[0.953s] -- Up-to-date: /home/jacob/MTRN4231/MTRN4231/fruit_picker_ws/install/input_interfaces/include/input_interfaces/input_interfaces
[0.953s] -- Up-to-date: /home/jacob/MTRN4231/MTRN4231/fruit_picker_ws/install/input_interfaces/include/input_interfaces/input_interfaces/msg
[0.953s] -- Up-to-date: /home/jacob/MTRN4231/MTRN4231/fruit_picker_ws/install/input_interfaces/include/input_interfaces/input_interfaces/msg/rosidl_typesupport_fastrtps_cpp__visibility_control.h
[0.953s] -- Up-to-date: /home/jacob/MTRN4231/MTRN4231/fruit_picker_ws/install/input_interfaces/include/input_interfaces/input_interfaces/action
[0.954s] -- Up-to-date: /home/jacob/MTRN4231/MTRN4231/fruit_picker_ws/install/input_interfaces/include/input_interfaces/input_interfaces/action/detail
[0.954s] -- Up-to-date: /home/jacob/MTRN4231/MTRN4231/fruit_picker_ws/install/input_interfaces/include/input_interfaces/input_interfaces/action/detail/user_input__rosidl_typesupport_fastrtps_cpp.hpp
[0.955s] -- Up-to-date: /home/jacob/MTRN4231/MTRN4231/fruit_picker_ws/install/input_interfaces/include/input_interfaces/input_interfaces/action/detail/dds_fastrtps
[0.955s] -- Up-to-date: /home/jacob/MTRN4231/MTRN4231/fruit_picker_ws/install/input_interfaces/lib/libinput_interfaces__rosidl_typesupport_fastrtps_cpp.so
[0.956s] -- Up-to-date: /home/jacob/MTRN4231/MTRN4231/fruit_picker_ws/install/input_interfaces/include/input_interfaces/input_interfaces
[0.956s] -- Up-to-date: /home/jacob/MTRN4231/MTRN4231/fruit_picker_ws/install/input_interfaces/include/input_interfaces/input_interfaces/action
[0.957s] -- Up-to-date: /home/jacob/MTRN4231/MTRN4231/fruit_picker_ws/install/input_interfaces/include/input_interfaces/input_interfaces/action/detail
[0.957s] -- Up-to-date: /home/jacob/MTRN4231/MTRN4231/fruit_picker_ws/install/input_interfaces/include/input_interfaces/input_interfaces/action/detail/user_input__rosidl_typesupport_introspection_cpp.hpp
[0.957s] -- Up-to-date: /home/jacob/MTRN4231/MTRN4231/fruit_picker_ws/install/input_interfaces/include/input_interfaces/input_interfaces/action/detail/user_input__type_support.cpp
[0.958s] -- Up-to-date: /home/jacob/MTRN4231/MTRN4231/fruit_picker_ws/install/input_interfaces/lib/libinput_interfaces__rosidl_typesupport_introspection_cpp.so
[0.958s] -- Up-to-date: /home/jacob/MTRN4231/MTRN4231/fruit_picker_ws/install/input_interfaces/lib/libinput_interfaces__rosidl_typesupport_cpp.so
[0.959s] -- Up-to-date: /home/jacob/MTRN4231/MTRN4231/fruit_picker_ws/install/input_interfaces/share/input_interfaces/environment/pythonpath.sh
[0.959s] -- Up-to-date: /home/jacob/MTRN4231/MTRN4231/fruit_picker_ws/install/input_interfaces/share/input_interfaces/environment/pythonpath.dsv
[0.959s] -- Up-to-date: /home/jacob/MTRN4231/MTRN4231/fruit_picker_ws/install/input_interfaces/local/lib/python3.10/dist-packages/input_interfaces-0.0.0-py3.10.egg-info
[0.960s] -- Installing: /home/jacob/MTRN4231/MTRN4231/fruit_picker_ws/install/input_interfaces/local/lib/python3.10/dist-packages/input_interfaces-0.0.0-py3.10.egg-info/SOURCES.txt
[0.960s] -- Installing: /home/jacob/MTRN4231/MTRN4231/fruit_picker_ws/install/input_interfaces/local/lib/python3.10/dist-packages/input_interfaces-0.0.0-py3.10.egg-info/dependency_links.txt
[0.960s] -- Installing: /home/jacob/MTRN4231/MTRN4231/fruit_picker_ws/install/input_interfaces/local/lib/python3.10/dist-packages/input_interfaces-0.0.0-py3.10.egg-info/top_level.txt
[0.960s] -- Installing: /home/jacob/MTRN4231/MTRN4231/fruit_picker_ws/install/input_interfaces/local/lib/python3.10/dist-packages/input_interfaces-0.0.0-py3.10.egg-info/PKG-INFO
[0.960s] -- Up-to-date: /home/jacob/MTRN4231/MTRN4231/fruit_picker_ws/install/input_interfaces/local/lib/python3.10/dist-packages/input_interfaces
[0.960s] -- Up-to-date: /home/jacob/MTRN4231/MTRN4231/fruit_picker_ws/install/input_interfaces/local/lib/python3.10/dist-packages/input_interfaces/libinput_interfaces__rosidl_generator_py.so
[0.961s] -- Up-to-date: /home/jacob/MTRN4231/MTRN4231/fruit_picker_ws/install/input_interfaces/local/lib/python3.10/dist-packages/input_interfaces/__init__.py
[0.961s] -- Up-to-date: /home/jacob/MTRN4231/MTRN4231/fruit_picker_ws/install/input_interfaces/local/lib/python3.10/dist-packages/input_interfaces/_input_interfaces_s.ep.rosidl_typesupport_fastrtps_c.c
[0.961s] -- Up-to-date: /home/jacob/MTRN4231/MTRN4231/fruit_picker_ws/install/input_interfaces/local/lib/python3.10/dist-packages/input_interfaces/input_interfaces_s__rosidl_typesupport_c.cpython-310-x86_64-linux-gnu.so
[0.962s] -- Up-to-date: /home/jacob/MTRN4231/MTRN4231/fruit_picker_ws/install/input_interfaces/local/lib/python3.10/dist-packages/input_interfaces/_input_interfaces_s.ep.rosidl_typesupport_introspection_c.c
[0.962s] -- Up-to-date: /home/jacob/MTRN4231/MTRN4231/fruit_picker_ws/install/input_interfaces/local/lib/python3.10/dist-packages/input_interfaces/input_interfaces_s__rosidl_typesupport_introspection_c.cpython-310-x86_64-linux-gnu.so
[0.962s] -- Up-to-date: /home/jacob/MTRN4231/MTRN4231/fruit_picker_ws/install/input_interfaces/local/lib/python3.10/dist-packages/input_interfaces/action
[0.962s] -- Up-to-date: /home/jacob/MTRN4231/MTRN4231/fruit_picker_ws/install/input_interfaces/local/lib/python3.10/dist-packages/input_interfaces/action/__init__.py
[0.962s] -- Up-to-date: /home/jacob/MTRN4231/MTRN4231/fruit_picker_ws/install/input_interfaces/local/lib/python3.10/dist-packages/input_interfaces/action/_user_input.py
[0.962s] -- Up-to-date: /home/jacob/MTRN4231/MTRN4231/fruit_picker_ws/install/input_interfaces/local/lib/python3.10/dist-packages/input_interfaces/action/_user_input_s.c
[0.963s] -- Up-to-date: /home/jacob/MTRN4231/MTRN4231/fruit_picker_ws/install/input_interfaces/local/lib/python3.10/dist-packages/input_interfaces/input_interfaces_s__rosidl_typesupport_fastrtps_c.cpython-310-x86_64-linux-gnu.so
[0.963s] -- Up-to-date: /home/jacob/MTRN4231/MTRN4231/fruit_picker_ws/install/input_interfaces/local/lib/python3.10/dist-packages/input_interfaces/_input_interfaces_s.ep.rosidl_typesupport_c.c
[1.017s] Listing '/home/jacob/MTRN4231/MTRN4231/fruit_picker_ws/install/input_interfaces/local/lib/python3.10/dist-packages/input_interfaces'...
[1.017s] Listing '/home/jacob/MTRN4231/MTRN4231/fruit_picker_ws/install/input_interfaces/local/lib/python3.10/dist-packages/input_interfaces/action'...
[1.028s] -- Up-to-date: /home/jacob/MTRN4231/MTRN4231/fruit_picker_ws/install/input_interfaces/local/lib/python3.10/dist-packages/input_interfaces/input_interfaces_s__rosidl_typesupport_fastrtps_c.cpython-310-x86_64-linux-gnu.so
[1.029s] -- Up-to-date: /home/jacob/MTRN4231/MTRN4231/fruit_picker_ws/install/input_interfaces/local/lib/python3.10/dist-packages/input_interfaces/input_interfaces_s__rosidl_typesupport_introspection_c.cpython-310-x86_64-linux-gnu.so
[1.030s] -- Up-to-date: /home/jacob/MTRN4231/MTRN4231/fruit_picker_ws/install/input_interfaces/local/lib/python3.10/dist-packages/input_interfaces/input_interfaces_s__rosidl_typesupport_c.cpython-310-x86_64-linux-gnu.so
[1.030s] -- Up-to-date: /home/jacob/MTRN4231/MTRN4231/fruit_picker_ws/install/input_interfaces/lib/libinput_interfaces__rosidl_generator_py.so
[1.031s] -- Up-to-date: /home/jacob/MTRN4231/MTRN4231/fruit_picker_ws/install/input_interfaces/share/input_interfaces/action/UserInput.idl
[1.031s] -- Up-to-date: /home/jacob/MTRN4231/MTRN4231/fruit_picker_ws/install/input_interfaces/share/input_interfaces/action/UserInput.action
[1.032s] -- Up-to-date: /home/jacob/MTRN4231/MTRN4231/fruit_picker_ws/install/input_interfaces/share/ament_index/resource_index/package_run_dependencies/input_interfaces
[1.032s] -- Up-to-date: /home/jacob/MTRN4231/MTRN4231/fruit_picker_ws/install/input_interfaces/share/ament_index/resource_index/parent_prefix_path/input_interfaces
[1.032s] -- Up-to-date: /home/jacob/MTRN4231/MTRN4231/fruit_picker_ws/install/input_interfaces/share/input_interfaces/environment/ament_prefix_path.sh
[1.032s] -- Up-to-date: /home/jacob/MTRN4231/MTRN4231/fruit_picker_ws/install/input_interfaces/share/input_interfaces/environment/ament_prefix_path.dsv
[1.033s] -- Up-to-date: /home/jacob/MTRN4231/MTRN4231/fruit_picker_ws/install/input_interfaces/share/input_interfaces/environment/path.sh
[1.033s] -- Up-to-date: /home/jacob/MTRN4231/MTRN4231/fruit_picker_ws/install/input_interfaces/share/input_interfaces/environment/path.dsv
[1.033s] -- Up-to-date: /home/jacob/MTRN4231/MTRN4231/fruit_picker_ws/install/input_interfaces/share/input_interfaces/local_setup.bash
[1.033s] -- Up-to-date: /home/jacob/MTRN4231/MTRN4231/fruit_picker_ws/install/input_interfaces/share/input_interfaces/local_setup.sh
[1.033s] -- Up-to-date: /home/jacob/MTRN4231/MTRN4231/fruit_picker_ws/install/input_interfaces/share/input_interfaces/local_setup.zsh
[1.033s] -- Up-to-date: /home/jacob/MTRN4231/MTRN4231/fruit_picker_ws/install/input_interfaces/share/input_interfaces/local_setup.dsv
[1.034s] -- Installing: /home/jacob/MTRN4231/MTRN4231/fruit_picker_ws/install/input_interfaces/share/input_interfaces/package.dsv
[1.034s] -- Up-to-date: /home/jacob/MTRN4231/MTRN4231/fruit_picker_ws/install/input_interfaces/share/ament_index/resource_index/packages/input_interfaces
[1.034s] -- Up-to-date: /home/jacob/MTRN4231/MTRN4231/fruit_picker_ws/install/input_interfaces/share/input_interfaces/cmake/export_input_interfaces__rosidl_generator_cExport.cmake
[1.035s] -- Up-to-date: /home/jacob/MTRN4231/MTRN4231/fruit_picker_ws/install/input_interfaces/share/input_interfaces/cmake/export_input_interfaces__rosidl_generator_cExport-noconfig.cmake
[1.035s] -- Up-to-date: /home/jacob/MTRN4231/MTRN4231/fruit_picker_ws/install/input_interfaces/share/input_interfaces/cmake/export_input_interfaces__rosidl_typesupport_fastrtps_cExport.cmake
[1.035s] -- Up-to-date: /home/jacob/MTRN4231/MTRN4231/fruit_picker_ws/install/input_interfaces/share/input_interfaces/cmake/export_input_interfaces__rosidl_typesupport_fastrtps_cExport-noconfig.cmake
[1.035s] -- Up-to-date: /home/jacob/MTRN4231/MTRN4231/fruit_picker_ws/install/input_interfaces/share/input_interfaces/cmake/input_interfaces__rosidl_typesupport_introspection_cExport.cmake
[1.035s] -- Up-to-date: /home/jacob/MTRN4231/MTRN4231/fruit_picker_ws/install/input_interfaces/share/input_interfaces/cmake/input_interfaces__rosidl_typesupport_introspection_cExport-noconfig.cmake
[1.036s] -- Up-to-date: /home/jacob/MTRN4231/MTRN4231/fruit_picker_ws/install/input_interfaces/share/input_interfaces/cmake/input_interfaces__rosidl_typesupport_cExport.cmake
[1.036s] -- Up-to-date: /home/jacob/MTRN4231/MTRN4231/fruit_picker_ws/install/input_interfaces/share/input_interfaces/cmake/input_interfaces__rosidl_typesupport_cExport-noconfig.cmake
[1.036s] -- Up-to-date: /home/jacob/MTRN4231/MTRN4231/fruit_picker_ws/install/input_interfaces/share/input_interfaces/cmake/export_input_interfaces__rosidl_generator_cppExport.cmake
[1.037s] -- Up-to-date: /home/jacob/MTRN4231/MTRN4231/fruit_picker_ws/install/input_interfaces/share/input_interfaces/cmake/export_input_interfaces__rosidl_typesupport_fastrtps_cppExport.cmake
[1.037s] -- Up-to-date: /home/jacob/MTRN4231/MTRN4231/fruit_picker_ws/install/input_interfaces/share/input_interfaces/cmake/export_input_interfaces__rosidl_typesupport_fastrtps_cppExport-noconfig.cmake
[1.037s] -- Up-to-date: /home/jacob/MTRN4231/MTRN4231/fruit_picker_ws/install/input_interfaces/share/input_interfaces/cmake/input_interfaces__rosidl_typesupport_introspection_cppExport.cmake
[1.038s] -- Up-to-date: /home/jacob/MTRN4231/MTRN4231/fruit_picker_ws/install/input_interfaces/share/input_interfaces/cmake/input_interfaces__rosidl_typesupport_introspection_cppExport-noconfig.cmake
[1.038s] -- Up-to-date: /home/jacob/MTRN4231/MTRN4231/fruit_picker_ws/install/input_interfaces/share/input_interfaces/cmake/input_interfaces__rosidl_typesupport_cppExport.cmake
[1.038s] -- Up-to-date: /home/jacob/MTRN4231/MTRN4231/fruit_picker_ws/install/input_interfaces/share/input_interfaces/cmake/input_interfaces__rosidl_typesupport_cppExport-noconfig.cmake
[1.039s] -- Up-to-date: /home/jacob/MTRN4231/MTRN4231/fruit_picker_ws/install/input_interfaces/share/input_interfaces/cmake/export_input_interfaces__rosidl_generator_pyExport.cmake
[1.039s] -- Up-to-date: /home/jacob/MTRN4231/MTRN4231/fruit_picker_ws/install/input_interfaces/share/input_interfaces/cmake/export_input_interfaces__rosidl_generator_pyExport-noconfig.cmake
[1.040s] -- Up-to-date: /home/jacob/MTRN4231/MTRN4231/fruit_picker_ws/install/input_interfaces/share/input_interfaces/cmake/rosidl_cmake-extras.cmake
[1.041s] -- Up-to-date: /home/jacob/MTRN4231/MTRN4231/fruit_picker_ws/install/input_interfaces/share/input_interfaces/cmake/ament_cmake_export_dependencies-extras.cmake
[1.041s] -- Up-to-date: /home/jacob/MTRN4231/MTRN4231/fruit_picker_ws/install/input_interfaces/share/input_interfaces/cmake/ament_cmake_export_include_directories-extras.cmake
[1.041s] -- Up-to-date: /home/jacob/MTRN4231/MTRN4231/fruit_picker_ws/install/input_interfaces/share/input_interfaces/cmake/ament_cmake_export_libraries-extras.cmake
[1.042s] -- Up-to-date: /home/jacob/MTRN4231/MTRN4231/fruit_picker_ws/install/input_interfaces/share/input_interfaces/cmake/ament_cmake_export_targets-extras.cmake
[1.042s] -- Up-to-date: /home/jacob/MTRN4231/MTRN4231/fruit_picker_ws/install/input_interfaces/share/input_interfaces/cmake/rosidl_cmake_export_typesupport_targets-extras.cmake
[1.043s] -- Up-to-date: /home/jacob/MTRN4231/MTRN4231/fruit_picker_ws/install/input_interfaces/share/input_interfaces/cmake/rosidl_cmake_export_typesupport_libraries-extras.cmake
[1.043s] -- Up-to-date: /home/jacob/MTRN4231/MTRN4231/fruit_picker_ws/install/input_interfaces/share/input_interfaces/cmake/input_interfacesConfig.cmake
[1.043s] -- Up-to-date: /home/jacob/MTRN4231/MTRN4231/fruit_picker_ws/install/input_interfaces/share/input_interfaces/cmake/input_interfacesConfig-version.cmake
[1.043s] -- Up-to-date: /home/jacob/MTRN4231/MTRN4231/fruit_picker_ws/install/input_interfaces/share/input_interfaces/package.xml
[1.046s] Invoked command in '/home/jacob/MTRN4231/MTRN4231/fruit_picker_ws/build/input_interfaces' returned '0': CMAKE_PREFIX_PATH=${CMAKE_PREFIX_PATH}:/opt/ros/humble /usr/bin/cmake --install /home/jacob/MTRN4231/MTRN4231/fruit_picker_ws/build/input_interfaces
