[0.045s] Invoking command in '/home/jacob/MTRN4231/MTRN4231/fruit_picker_ws/build/input_interfaces': CMAKE_PREFIX_PATH=${CMAKE_PREFIX_PATH}:/opt/ros/humble /usr/bin/cmake --build /home/jacob/MTRN4231/MTRN4231/fruit_picker_ws/build/input_interfaces -- -j8 -l8
[0.174s] [35m[1mConsolidate compiler generated dependencies of target input_interfaces__rosidl_generator_c[0m
[0.207s] [  3%] Built target input_interfaces__cpp
[0.215s] [ 12%] Built target input_interfaces__rosidl_generator_c
[0.230s] [ 12%] Built target ament_cmake_python_copy_input_interfaces
[0.245s] [35m[1mConsolidate compiler generated dependencies of target input_interfaces__rosidl_typesupport_fastrtps_cpp[0m
[0.261s] [35m[1mConsolidate compiler generated dependencies of target input_interfaces__rosidl_typesupport_introspection_cpp[0m
[0.262s] [35m[1mConsolidate compiler generated dependencies of target input_interfaces__rosidl_typesupport_c[0m
[0.278s] [35m[1mConsolidate compiler generated dependencies of target input_interfaces__rosidl_typesupport_introspection_c[0m
[0.279s] [35m[1mConsolidate compiler generated dependencies of target input_interfaces__rosidl_typesupport_cpp[0m
[0.289s] [35m[1mConsolidate compiler generated dependencies of target input_interfaces__rosidl_typesupport_fastrtps_c[0m
[0.311s] [ 22%] Built target input_interfaces__rosidl_typesupport_fastrtps_cpp
[0.320s] [ 32%] Built target input_interfaces__rosidl_typesupport_c
[0.355s] [ 41%] Built target input_interfaces__rosidl_typesupport_introspection_cpp
[0.355s] [ 51%] Built target input_interfaces__rosidl_typesupport_introspection_c
[0.367s] [ 61%] Built target input_interfaces__rosidl_typesupport_cpp
[0.372s] [ 70%] Built target input_interfaces__rosidl_typesupport_fastrtps_c
[0.415s] [ 70%] Built target input_interfaces
[0.468s] [ 74%] Built target input_interfaces__py
[0.493s] [35m[1mConsolidate compiler generated dependencies of target input_interfaces__rosidl_generator_py[0m
[0.526s] [ 80%] Built target input_interfaces__rosidl_generator_py
[0.563s] [35m[1mConsolidate compiler generated dependencies of target input_interfaces__rosidl_typesupport_introspection_c__pyext[0m
[0.563s] [35m[1mConsolidate compiler generated dependencies of target input_interfaces__rosidl_typesupport_fastrtps_c__pyext[0m
[0.563s] [35m[1mConsolidate compiler generated dependencies of target input_interfaces__rosidl_typesupport_c__pyext[0m
[0.602s] [ 87%] Built target input_interfaces__rosidl_typesupport_introspection_c__pyext
[0.604s] [ 93%] Built target input_interfaces__rosidl_typesupport_fastrtps_c__pyext
[0.608s] [100%] Built target input_interfaces__rosidl_typesupport_c__pyext
[0.936s] running egg_info
[0.940s] writing input_interfaces.egg-info/PKG-INFO
[0.941s] writing dependency_links to input_interfaces.egg-info/dependency_links.txt
[0.942s] writing top-level names to input_interfaces.egg-info/top_level.txt
[0.946s] reading manifest file 'input_interfaces.egg-info/SOURCES.txt'
[0.947s] writing manifest file 'input_interfaces.egg-info/SOURCES.txt'
[1.008s] [100%] Built target ament_cmake_python_build_input_interfaces_egg
