[0.025s] Invoking command in '/home/jacob/MTRN4231/MTRN4231/fruit_picker_ws/build/input_interfaces': CMAKE_PREFIX_PATH=/opt/ros/humble /usr/bin/cmake --build /home/jacob/MTRN4231/MTRN4231/fruit_picker_ws/build/input_interfaces -- -j8 -l8
[0.065s] -- Found ament_cmake: 1.3.12 (/opt/ros/humble/share/ament_cmake/cmake)
[0.359s] -- Found rosidl_default_generators: 1.2.0 (/opt/ros/humble/share/rosidl_default_generators/cmake)
[0.361s] -- Using all available rosidl_typesupport_c: rosidl_typesupport_fastrtps_c;rosidl_typesupport_introspection_c
[0.365s] -- Found rosidl_adapter: 3.1.7 (/opt/ros/humble/share/rosidl_adapter/cmake)
[0.762s] -- Using all available rosidl_typesupport_cpp: rosidl_typesupport_fastrtps_cpp;rosidl_typesupport_introspection_cpp
[1.363s] -- Found ament_cmake_ros: 0.10.0 (/opt/ros/humble/share/ament_cmake_ros/cmake)
[1.753s] -- Using all available rosidl_typesupport_c: rosidl_typesupport_fastrtps_c;rosidl_typesupport_introspection_c
[2.197s] -- Using all available rosidl_typesupport_cpp: rosidl_typesupport_fastrtps_cpp;rosidl_typesupport_introspection_cpp
[2.243s] -- Found python_cmake_module: 0.10.0 (/opt/ros/humble/share/python_cmake_module/cmake)
[2.278s] -- Using PYTHON_EXECUTABLE: /usr/bin/python3
[2.278s] -- Using PYTHON_INCLUDE_DIRS: /usr/include/python3.10
[2.278s] -- Using PYTHON_LIBRARIES: /usr/lib/x86_64-linux-gnu/libpython3.10.so
[2.303s] -- Found ament_lint_auto: 0.12.14 (/opt/ros/humble/share/ament_lint_auto/cmake)
[2.319s] -- Added test 'lint_cmake' to check CMake code style
[2.322s] -- Added test 'xmllint' to check XML markup files
[2.331s] -- Configuring done
[2.405s] -- Generating done
[2.443s] -- Build files have been written to: /home/jacob/MTRN4231/MTRN4231/fruit_picker_ws/build/input_interfaces
[2.490s] [  3%] [34m[1mGenerating C code for ROS interfaces[0m
[2.522s] [  6%] [34m[1mGenerating C++ code for ROS interfaces[0m
[2.538s] [  6%] Built target ament_cmake_python_copy_input_interfaces
[3.149s] running egg_info
[3.152s] writing input_interfaces.egg-info/PKG-INFO
[3.152s] writing dependency_links to input_interfaces.egg-info/dependency_links.txt
[3.153s] writing top-level names to input_interfaces.egg-info/top_level.txt
[3.158s] reading manifest file 'input_interfaces.egg-info/SOURCES.txt'
[3.159s] writing manifest file 'input_interfaces.egg-info/SOURCES.txt'
[3.216s] [  6%] Built target ament_cmake_python_build_input_interfaces_egg
[3.515s] [35m[1mConsolidate compiler generated dependencies of target input_interfaces__rosidl_generator_c[0m
[3.542s] [  9%] [32mBuilding C object CMakeFiles/input_interfaces__rosidl_generator_c.dir/rosidl_generator_c/input_interfaces/action/detail/user_input__functions.c.o[0m
[3.554s] [  9%] Built target input_interfaces__cpp
[3.576s] [ 19%] [34m[1mGenerating C++ introspection for ROS interfaces[0m
[3.576s] [ 19%] [34m[1mGenerating C++ type support dispatch for ROS interfaces[0m
[3.576s] [ 19%] [34m[1mGenerating C++ type support for eProsima Fast-RTPS[0m
[3.581s] In file included from [01m[K/home/jacob/MTRN4231/MTRN4231/fruit_picker_ws/build/input_interfaces/rosidl_generator_c/input_interfaces/action/detail/user_input__functions.h:19[m[K,
[3.581s]                  from [01m[K/home/jacob/MTRN4231/MTRN4231/fruit_picker_ws/build/input_interfaces/rosidl_generator_c/input_interfaces/action/detail/user_input__functions.c:4[m[K:
[3.582s] [01m[K/home/jacob/MTRN4231/MTRN4231/fruit_picker_ws/build/input_interfaces/rosidl_generator_c/input_interfaces/action/detail/user_input__struct.h:60:10:[m[K [01;31m[Kfatal error: [m[Kinput_interfaces/msg/detail/string__struct.h: No such file or directory
[3.582s]    60 | #include [01;31m[K"input_interfaces/msg/detail/string__struct.h"[m[K
[3.582s]       |          [01;31m[K^~~~~~~~~~~~~~~~~~~~~~~~~~~~~~~~~~~~~~~~~~~~~~[m[K
[3.582s] compilation terminated.
[3.583s] gmake[2]: *** [CMakeFiles/input_interfaces__rosidl_generator_c.dir/build.make:112: CMakeFiles/input_interfaces__rosidl_generator_c.dir/rosidl_generator_c/input_interfaces/action/detail/user_input__functions.c.o] Error 1
[3.584s] gmake[1]: *** [CMakeFiles/Makefile2:213: CMakeFiles/input_interfaces__rosidl_generator_c.dir/all] Error 2
[3.584s] gmake[1]: *** Waiting for unfinished jobs....
[4.113s] [35m[1mConsolidate compiler generated dependencies of target input_interfaces__rosidl_typesupport_cpp[0m
[4.136s] [ 22%] [32mBuilding CXX object CMakeFiles/input_interfaces__rosidl_typesupport_cpp.dir/rosidl_typesupport_cpp/input_interfaces/action/user_input__type_support.cpp.o[0m
[4.247s] [35m[1mConsolidate compiler generated dependencies of target input_interfaces__rosidl_typesupport_introspection_cpp[0m
[4.255s] In file included from [01m[K/home/jacob/MTRN4231/MTRN4231/fruit_picker_ws/build/input_interfaces/rosidl_typesupport_cpp/input_interfaces/action/user_input__type_support.cpp:7[m[K:
[4.255s] [01m[K/home/jacob/MTRN4231/MTRN4231/fruit_picker_ws/build/input_interfaces/rosidl_generator_cpp/input_interfaces/action/detail/user_input__struct.hpp:248:10:[m[K [01;31m[Kfatal error: [m[Kinput_interfaces/msg/detail/string__struct.hpp: No such file or directory
[4.255s]   248 | #include [01;31m[K"input_interfaces/msg/detail/string__struct.hpp"[m[K
[4.256s]       |          [01;31m[K^~~~~~~~~~~~~~~~~~~~~~~~~~~~~~~~~~~~~~~~~~~~~~~~[m[K
[4.256s] compilation terminated.
[4.259s] gmake[2]: *** [CMakeFiles/input_interfaces__rosidl_typesupport_cpp.dir/build.make:93: CMakeFiles/input_interfaces__rosidl_typesupport_cpp.dir/rosidl_typesupport_cpp/input_interfaces/action/user_input__type_support.cpp.o] Error 1
[4.260s] gmake[1]: *** [CMakeFiles/Makefile2:395: CMakeFiles/input_interfaces__rosidl_typesupport_cpp.dir/all] Error 2
[4.273s] [ 25%] [32mBuilding CXX object CMakeFiles/input_interfaces__rosidl_typesupport_introspection_cpp.dir/rosidl_typesupport_introspection_cpp/input_interfaces/action/detail/user_input__type_support.cpp.o[0m
[4.342s] [35m[1mConsolidate compiler generated dependencies of target input_interfaces__rosidl_typesupport_fastrtps_cpp[0m
[4.366s] [ 29%] [32mBuilding CXX object CMakeFiles/input_interfaces__rosidl_typesupport_fastrtps_cpp.dir/rosidl_typesupport_fastrtps_cpp/input_interfaces/action/detail/dds_fastrtps/user_input__type_support.cpp.o[0m
[4.405s] In file included from [01m[K/home/jacob/MTRN4231/MTRN4231/fruit_picker_ws/build/input_interfaces/rosidl_typesupport_introspection_cpp/input_interfaces/action/detail/user_input__type_support.cpp:12[m[K:
[4.405s] [01m[K/home/jacob/MTRN4231/MTRN4231/fruit_picker_ws/build/input_interfaces/rosidl_generator_cpp/input_interfaces/action/detail/user_input__struct.hpp:248:10:[m[K [01;31m[Kfatal error: [m[Kinput_interfaces/msg/detail/string__struct.hpp: No such file or directory
[4.405s]   248 | #include [01;31m[K"input_interfaces/msg/detail/string__struct.hpp"[m[K
[4.405s]       |          [01;31m[K^~~~~~~~~~~~~~~~~~~~~~~~~~~~~~~~~~~~~~~~~~~~~~~~[m[K
[4.405s] compilation terminated.
[4.408s] gmake[2]: *** [CMakeFiles/input_interfaces__rosidl_typesupport_introspection_cpp.dir/build.make:98: CMakeFiles/input_interfaces__rosidl_typesupport_introspection_cpp.dir/rosidl_typesupport_introspection_cpp/input_interfaces/action/detail/user_input__type_support.cpp.o] Error 1
[4.408s] gmake[1]: *** [CMakeFiles/Makefile2:369: CMakeFiles/input_interfaces__rosidl_typesupport_introspection_cpp.dir/all] Error 2
[4.480s] In file included from [01m[K/home/jacob/MTRN4231/MTRN4231/fruit_picker_ws/build/input_interfaces/rosidl_typesupport_fastrtps_cpp/input_interfaces/action/detail/user_input__rosidl_typesupport_fastrtps_cpp.hpp:11[m[K,
[4.480s]                  from [01m[K/home/jacob/MTRN4231/MTRN4231/fruit_picker_ws/build/input_interfaces/rosidl_typesupport_fastrtps_cpp/input_interfaces/action/detail/dds_fastrtps/user_input__type_support.cpp:4[m[K:
[4.481s] [01m[K/home/jacob/MTRN4231/MTRN4231/fruit_picker_ws/build/input_interfaces/rosidl_generator_cpp/input_interfaces/action/detail/user_input__struct.hpp:248:10:[m[K [01;31m[Kfatal error: [m[Kinput_interfaces/msg/detail/string__struct.hpp: No such file or directory
[4.481s]   248 | #include [01;31m[K"input_interfaces/msg/detail/string__struct.hpp"[m[K
[4.481s]       |          [01;31m[K^~~~~~~~~~~~~~~~~~~~~~~~~~~~~~~~~~~~~~~~~~~~~~~~[m[K
[4.481s] compilation terminated.
[4.483s] gmake[2]: *** [CMakeFiles/input_interfaces__rosidl_typesupport_fastrtps_cpp.dir/build.make:98: CMakeFiles/input_interfaces__rosidl_typesupport_fastrtps_cpp.dir/rosidl_typesupport_fastrtps_cpp/input_interfaces/action/detail/dds_fastrtps/user_input__type_support.cpp.o] Error 1
[4.484s] gmake[1]: *** [CMakeFiles/Makefile2:343: CMakeFiles/input_interfaces__rosidl_typesupport_fastrtps_cpp.dir/all] Error 2
[4.484s] gmake: *** [Makefile:146: all] Error 2
[4.488s] Invoked command in '/home/jacob/MTRN4231/MTRN4231/fruit_picker_ws/build/input_interfaces' returned '2': CMAKE_PREFIX_PATH=/opt/ros/humble /usr/bin/cmake --build /home/jacob/MTRN4231/MTRN4231/fruit_picker_ws/build/input_interfaces -- -j8 -l8
