[0.455s] DEBUG:colcon:Command line arguments: ['/usr/bin/colcon', 'build']
[0.455s] DEBUG:colcon:Parsed command line arguments: Namespace(log_base=None, log_level=None, verb_name='build', build_base='build', install_base='install', merge_install=False, symlink_install=False, test_result_base=None, continue_on_error=False, executor='parallel', parallel_workers=8, event_handlers=None, ignore_user_meta=False, metas=['./colcon.meta'], base_paths=['.'], packages_ignore=None, packages_ignore_regex=None, paths=None, packages_up_to=None, packages_up_to_regex=None, packages_above=None, packages_above_and_dependencies=None, packages_above_depth=None, packages_select_by_dep=None, packages_skip_by_dep=None, packages_skip_up_to=None, packages_select_build_failed=False, packages_skip_build_finished=False, packages_select_test_failures=False, packages_skip_test_passed=False, packages_select=None, packages_skip=None, packages_select_regex=None, packages_skip_regex=None, packages_start=None, packages_end=None, allow_overriding=[], cmake_args=None, cmake_target=None, cmake_target_skip_unavailable=False, cmake_clean_cache=False, cmake_clean_first=False, cmake_force_configure=False, ament_cmake_args=None, catkin_cmake_args=None, catkin_skip_building_tests=False, mixin_files=None, mixin=None, verb_parser=<colcon_mixin.mixin.mixin_argument.MixinArgumentDecorator object at 0x7b2daee5f5e0>, verb_extension=<colcon_core.verb.build.BuildVerb object at 0x7b2daee5ec20>, main=<bound method BuildVerb.main of <colcon_core.verb.build.BuildVerb object at 0x7b2daee5ec20>>, mixin_verb=('build',))
[0.873s] Level 1:colcon.colcon_core.package_discovery:discover_packages(colcon_meta) check parameters
[0.873s] Level 1:colcon.colcon_core.package_discovery:discover_packages(recursive) check parameters
[0.874s] Level 1:colcon.colcon_core.package_discovery:discover_packages(ignore) check parameters
[0.874s] Level 1:colcon.colcon_core.package_discovery:discover_packages(path) check parameters
[0.874s] Level 1:colcon.colcon_core.package_discovery:discover_packages(colcon_meta) discover
[0.874s] Level 1:colcon.colcon_core.package_discovery:discover_packages(recursive) discover
[0.874s] INFO:colcon.colcon_core.package_discovery:Crawling recursively for packages in '/home/jacob/MTRN4231/MTRN4231/fruit_picker_ws'
[0.874s] Level 1:colcon.colcon_core.package_identification:_identify(.) by extensions ['ignore', 'ignore_ament_install']
[0.874s] Level 1:colcon.colcon_core.package_identification:_identify(.) by extension 'ignore'
[0.874s] Level 1:colcon.colcon_core.package_identification:_identify(.) by extension 'ignore_ament_install'
[0.874s] Level 1:colcon.colcon_core.package_identification:_identify(.) by extensions ['colcon_pkg']
[0.874s] Level 1:colcon.colcon_core.package_identification:_identify(.) by extension 'colcon_pkg'
[0.874s] Level 1:colcon.colcon_core.package_identification:_identify(.) by extensions ['colcon_meta']
[0.874s] Level 1:colcon.colcon_core.package_identification:_identify(.) by extension 'colcon_meta'
[0.875s] Level 1:colcon.colcon_core.package_identification:_identify(.) by extensions ['ros']
[0.875s] Level 1:colcon.colcon_core.package_identification:_identify(.) by extension 'ros'
[0.913s] Level 1:colcon.colcon_core.package_identification:_identify(.) by extensions ['cmake', 'python']
[0.913s] Level 1:colcon.colcon_core.package_identification:_identify(.) by extension 'cmake'
[0.913s] Level 1:colcon.colcon_core.package_identification:_identify(.) by extension 'python'
[0.913s] Level 1:colcon.colcon_core.package_identification:_identify(.) by extensions ['python_setup_py']
[0.913s] Level 1:colcon.colcon_core.package_identification:_identify(.) by extension 'python_setup_py'
[0.913s] Level 1:colcon.colcon_core.package_identification:_identify(build) by extensions ['ignore', 'ignore_ament_install']
[0.914s] Level 1:colcon.colcon_core.package_identification:_identify(build) by extension 'ignore'
[0.914s] Level 1:colcon.colcon_core.package_identification:_identify(build) ignored
[0.915s] Level 1:colcon.colcon_core.package_identification:_identify(install) by extensions ['ignore', 'ignore_ament_install']
[0.915s] Level 1:colcon.colcon_core.package_identification:_identify(install) by extension 'ignore'
[0.916s] Level 1:colcon.colcon_core.package_identification:_identify(install) ignored
[0.917s] Level 1:colcon.colcon_core.package_identification:_identify(log) by extensions ['ignore', 'ignore_ament_install']
[0.917s] Level 1:colcon.colcon_core.package_identification:_identify(log) by extension 'ignore'
[0.917s] Level 1:colcon.colcon_core.package_identification:_identify(log) ignored
[0.917s] Level 1:colcon.colcon_core.package_identification:_identify(src) by extensions ['ignore', 'ignore_ament_install']
[0.918s] Level 1:colcon.colcon_core.package_identification:_identify(src) by extension 'ignore'
[0.918s] Level 1:colcon.colcon_core.package_identification:_identify(src) by extension 'ignore_ament_install'
[0.918s] Level 1:colcon.colcon_core.package_identification:_identify(src) by extensions ['colcon_pkg']
[0.918s] Level 1:colcon.colcon_core.package_identification:_identify(src) by extension 'colcon_pkg'
[0.918s] Level 1:colcon.colcon_core.package_identification:_identify(src) by extensions ['colcon_meta']
[0.918s] Level 1:colcon.colcon_core.package_identification:_identify(src) by extension 'colcon_meta'
[0.918s] Level 1:colcon.colcon_core.package_identification:_identify(src) by extensions ['ros']
[0.918s] Level 1:colcon.colcon_core.package_identification:_identify(src) by extension 'ros'
[0.919s] Level 1:colcon.colcon_core.package_identification:_identify(src) by extensions ['cmake', 'python']
[0.919s] Level 1:colcon.colcon_core.package_identification:_identify(src) by extension 'cmake'
[0.919s] Level 1:colcon.colcon_core.package_identification:_identify(src) by extension 'python'
[0.919s] Level 1:colcon.colcon_core.package_identification:_identify(src) by extensions ['python_setup_py']
[0.919s] Level 1:colcon.colcon_core.package_identification:_identify(src) by extension 'python_setup_py'
[0.919s] Level 1:colcon.colcon_core.package_identification:_identify(src/build) by extensions ['ignore', 'ignore_ament_install']
[0.919s] Level 1:colcon.colcon_core.package_identification:_identify(src/build) by extension 'ignore'
[0.920s] Level 1:colcon.colcon_core.package_identification:_identify(src/build) ignored
[0.920s] Level 1:colcon.colcon_core.package_identification:_identify(src/input_interfaces) by extensions ['ignore', 'ignore_ament_install']
[0.920s] Level 1:colcon.colcon_core.package_identification:_identify(src/input_interfaces) by extension 'ignore'
[0.920s] Level 1:colcon.colcon_core.package_identification:_identify(src/input_interfaces) by extension 'ignore_ament_install'
[0.920s] Level 1:colcon.colcon_core.package_identification:_identify(src/input_interfaces) by extensions ['colcon_pkg']
[0.920s] Level 1:colcon.colcon_core.package_identification:_identify(src/input_interfaces) by extension 'colcon_pkg'
[0.920s] Level 1:colcon.colcon_core.package_identification:_identify(src/input_interfaces) by extensions ['colcon_meta']
[0.921s] Level 1:colcon.colcon_core.package_identification:_identify(src/input_interfaces) by extension 'colcon_meta'
[0.921s] Level 1:colcon.colcon_core.package_identification:_identify(src/input_interfaces) by extensions ['ros']
[0.921s] Level 1:colcon.colcon_core.package_identification:_identify(src/input_interfaces) by extension 'ros'
[0.925s] DEBUG:colcon.colcon_core.package_identification:Package 'src/input_interfaces' with type 'ros.ament_cmake' and name 'input_interfaces'
[0.925s] Level 1:colcon.colcon_core.package_identification:_identify(src/install) by extensions ['ignore', 'ignore_ament_install']
[0.925s] Level 1:colcon.colcon_core.package_identification:_identify(src/install) by extension 'ignore'
[0.925s] Level 1:colcon.colcon_core.package_identification:_identify(src/install) ignored
[0.926s] Level 1:colcon.colcon_core.package_identification:_identify(src/log) by extensions ['ignore', 'ignore_ament_install']
[0.926s] Level 1:colcon.colcon_core.package_identification:_identify(src/log) by extension 'ignore'
[0.926s] Level 1:colcon.colcon_core.package_identification:_identify(src/log) ignored
[0.926s] Level 1:colcon.colcon_core.package_identification:_identify(src/user_input) by extensions ['ignore', 'ignore_ament_install']
[0.926s] Level 1:colcon.colcon_core.package_identification:_identify(src/user_input) by extension 'ignore'
[0.926s] Level 1:colcon.colcon_core.package_identification:_identify(src/user_input) by extension 'ignore_ament_install'
[0.926s] Level 1:colcon.colcon_core.package_identification:_identify(src/user_input) by extensions ['colcon_pkg']
[0.926s] Level 1:colcon.colcon_core.package_identification:_identify(src/user_input) by extension 'colcon_pkg'
[0.926s] Level 1:colcon.colcon_core.package_identification:_identify(src/user_input) by extensions ['colcon_meta']
[0.927s] Level 1:colcon.colcon_core.package_identification:_identify(src/user_input) by extension 'colcon_meta'
[0.927s] Level 1:colcon.colcon_core.package_identification:_identify(src/user_input) by extensions ['ros']
[0.927s] Level 1:colcon.colcon_core.package_identification:_identify(src/user_input) by extension 'ros'
[0.928s] DEBUG:colcon.colcon_core.package_identification:Package 'src/user_input' with type 'ros.ament_cmake' and name 'user_input'
[0.928s] Level 1:colcon.colcon_core.package_discovery:discover_packages(recursive) using defaults
[0.928s] Level 1:colcon.colcon_core.package_discovery:discover_packages(ignore) discover
[0.928s] Level 1:colcon.colcon_core.package_discovery:discover_packages(ignore) using defaults
[0.928s] Level 1:colcon.colcon_core.package_discovery:discover_packages(path) discover
[0.928s] Level 1:colcon.colcon_core.package_discovery:discover_packages(path) using defaults
[0.964s] Level 1:colcon.colcon_core.package_discovery:discover_packages(prefix_path) check parameters
[0.964s] Level 1:colcon.colcon_core.package_discovery:discover_packages(prefix_path) discover
[0.969s] DEBUG:colcon.colcon_installed_package_information.package_discovery:Found 2 installed packages in /home/jacob/MTRN4231/MTRN4231/fruit_picker_ws/install
[0.971s] DEBUG:colcon.colcon_installed_package_information.package_discovery:Found 271 installed packages in /opt/ros/humble
[0.973s] Level 1:colcon.colcon_core.package_discovery:discover_packages(prefix_path) using defaults
[1.047s] Level 5:colcon.colcon_core.verb:set package 'input_interfaces' build argument 'cmake_args' from command line to 'None'
[1.048s] Level 5:colcon.colcon_core.verb:set package 'input_interfaces' build argument 'cmake_target' from command line to 'None'
[1.049s] Level 5:colcon.colcon_core.verb:set package 'input_interfaces' build argument 'cmake_target_skip_unavailable' from command line to 'False'
[1.049s] Level 5:colcon.colcon_core.verb:set package 'input_interfaces' build argument 'cmake_clean_cache' from command line to 'False'
[1.049s] Level 5:colcon.colcon_core.verb:set package 'input_interfaces' build argument 'cmake_clean_first' from command line to 'False'
[1.049s] Level 5:colcon.colcon_core.verb:set package 'input_interfaces' build argument 'cmake_force_configure' from command line to 'False'
[1.049s] Level 5:colcon.colcon_core.verb:set package 'input_interfaces' build argument 'ament_cmake_args' from command line to 'None'
[1.049s] Level 5:colcon.colcon_core.verb:set package 'input_interfaces' build argument 'catkin_cmake_args' from command line to 'None'
[1.049s] Level 5:colcon.colcon_core.verb:set package 'input_interfaces' build argument 'catkin_skip_building_tests' from command line to 'False'
[1.049s] DEBUG:colcon.colcon_core.verb:Building package 'input_interfaces' with the following arguments: {'ament_cmake_args': None, 'build_base': '/home/jacob/MTRN4231/MTRN4231/fruit_picker_ws/build/input_interfaces', 'catkin_cmake_args': None, 'catkin_skip_building_tests': False, 'cmake_args': None, 'cmake_clean_cache': False, 'cmake_clean_first': False, 'cmake_force_configure': False, 'cmake_target': None, 'cmake_target_skip_unavailable': False, 'install_base': '/home/jacob/MTRN4231/MTRN4231/fruit_picker_ws/install/input_interfaces', 'merge_install': False, 'path': '/home/jacob/MTRN4231/MTRN4231/fruit_picker_ws/src/input_interfaces', 'symlink_install': False, 'test_result_base': None}
[1.051s] Level 5:colcon.colcon_core.verb:set package 'user_input' build argument 'cmake_args' from command line to 'None'
[1.051s] Level 5:colcon.colcon_core.verb:set package 'user_input' build argument 'cmake_target' from command line to 'None'
[1.051s] Level 5:colcon.colcon_core.verb:set package 'user_input' build argument 'cmake_target_skip_unavailable' from command line to 'False'
[1.051s] Level 5:colcon.colcon_core.verb:set package 'user_input' build argument 'cmake_clean_cache' from command line to 'False'
[1.052s] Level 5:colcon.colcon_core.verb:set package 'user_input' build argument 'cmake_clean_first' from command line to 'False'
[1.052s] Level 5:colcon.colcon_core.verb:set package 'user_input' build argument 'cmake_force_configure' from command line to 'False'
[1.052s] Level 5:colcon.colcon_core.verb:set package 'user_input' build argument 'ament_cmake_args' from command line to 'None'
[1.052s] Level 5:colcon.colcon_core.verb:set package 'user_input' build argument 'catkin_cmake_args' from command line to 'None'
[1.052s] Level 5:colcon.colcon_core.verb:set package 'user_input' build argument 'catkin_skip_building_tests' from command line to 'False'
[1.052s] DEBUG:colcon.colcon_core.verb:Building package 'user_input' with the following arguments: {'ament_cmake_args': None, 'build_base': '/home/jacob/MTRN4231/MTRN4231/fruit_picker_ws/build/user_input', 'catkin_cmake_args': None, 'catkin_skip_building_tests': False, 'cmake_args': None, 'cmake_clean_cache': False, 'cmake_clean_first': False, 'cmake_force_configure': False, 'cmake_target': None, 'cmake_target_skip_unavailable': False, 'install_base': '/home/jacob/MTRN4231/MTRN4231/fruit_picker_ws/install/user_input', 'merge_install': False, 'path': '/home/jacob/MTRN4231/MTRN4231/fruit_picker_ws/src/user_input', 'symlink_install': False, 'test_result_base': None}
[1.052s] INFO:colcon.colcon_core.executor:Executing jobs using 'parallel' executor
[1.055s] DEBUG:colcon.colcon_parallel_executor.executor.parallel:run_until_complete
[1.056s] INFO:colcon.colcon_ros.task.ament_cmake.build:Building ROS package in '/home/jacob/MTRN4231/MTRN4231/fruit_picker_ws/src/input_interfaces' with build type 'ament_cmake'
[1.056s] INFO:colcon.colcon_cmake.task.cmake.build:Building CMake package in '/home/jacob/MTRN4231/MTRN4231/fruit_picker_ws/src/input_interfaces'
[1.063s] INFO:colcon.colcon_core.plugin_system:Skipping extension 'colcon_core.shell.bat': Not used on non-Windows systems
[1.064s] INFO:colcon.colcon_core.shell:Skip shell extension 'powershell' for command environment: Not usable outside of PowerShell
[1.064s] DEBUG:colcon.colcon_core.shell:Skip shell extension 'dsv' for command environment
[1.074s] INFO:colcon.colcon_ros.task.ament_cmake.build:Building ROS package in '/home/jacob/MTRN4231/MTRN4231/fruit_picker_ws/src/user_input' with build type 'ament_cmake'
[1.075s] INFO:colcon.colcon_cmake.task.cmake.build:Building CMake package in '/home/jacob/MTRN4231/MTRN4231/fruit_picker_ws/src/user_input'
[1.076s] INFO:colcon.colcon_core.shell:Skip shell extension 'powershell' for command environment: Not usable outside of PowerShell
[1.076s] DEBUG:colcon.colcon_core.shell:Skip shell extension 'dsv' for command environment
[1.102s] DEBUG:colcon.colcon_core.event_handler.log_command:Invoking command in '/home/jacob/MTRN4231/MTRN4231/fruit_picker_ws/build/input_interfaces': CMAKE_PREFIX_PATH=${CMAKE_PREFIX_PATH}:/opt/ros/humble /usr/bin/cmake --build /home/jacob/MTRN4231/MTRN4231/fruit_picker_ws/build/input_interfaces -- -j8 -l8
[1.112s] DEBUG:colcon.colcon_core.event_handler.log_command:Invoking command in '/home/jacob/MTRN4231/MTRN4231/fruit_picker_ws/build/user_input': CMAKE_PREFIX_PATH=${CMAKE_PREFIX_PATH}:/opt/ros/humble /usr/bin/cmake --build /home/jacob/MTRN4231/MTRN4231/fruit_picker_ws/build/user_input -- -j8 -l8
[2.153s] DEBUG:colcon.colcon_core.event_handler.log_command:Invoked command in '/home/jacob/MTRN4231/MTRN4231/fruit_picker_ws/build/input_interfaces' returned '0': CMAKE_PREFIX_PATH=${CMAKE_PREFIX_PATH}:/opt/ros/humble /usr/bin/cmake --build /home/jacob/MTRN4231/MTRN4231/fruit_picker_ws/build/input_interfaces -- -j8 -l8
[2.176s] DEBUG:colcon.colcon_core.event_handler.log_command:Invoking command in '/home/jacob/MTRN4231/MTRN4231/fruit_picker_ws/build/input_interfaces': CMAKE_PREFIX_PATH=${CMAKE_PREFIX_PATH}:/opt/ros/humble /usr/bin/cmake --install /home/jacob/MTRN4231/MTRN4231/fruit_picker_ws/build/input_interfaces
[2.349s] Level 1:colcon.colcon_core.environment:create_environment_scripts_only(input_interfaces)
[2.352s] DEBUG:colcon.colcon_core.event_handler.log_command:Invoked command in '/home/jacob/MTRN4231/MTRN4231/fruit_picker_ws/build/input_interfaces' returned '0': CMAKE_PREFIX_PATH=${CMAKE_PREFIX_PATH}:/opt/ros/humble /usr/bin/cmake --install /home/jacob/MTRN4231/MTRN4231/fruit_picker_ws/build/input_interfaces
[2.356s] Level 1:colcon.colcon_core.environment:checking '/home/jacob/MTRN4231/MTRN4231/fruit_picker_ws/install/input_interfaces' for CMake module files
[2.357s] Level 1:colcon.colcon_core.environment:checking '/home/jacob/MTRN4231/MTRN4231/fruit_picker_ws/install/input_interfaces' for CMake config files
[2.358s] Level 1:colcon.colcon_core.shell:create_environment_hook('input_interfaces', 'cmake_prefix_path')
[2.358s] INFO:colcon.colcon_core.shell:Creating environment hook '/home/jacob/MTRN4231/MTRN4231/fruit_picker_ws/install/input_interfaces/share/input_interfaces/hook/cmake_prefix_path.ps1'
[2.359s] INFO:colcon.colcon_core.shell:Creating environment descriptor '/home/jacob/MTRN4231/MTRN4231/fruit_picker_ws/install/input_interfaces/share/input_interfaces/hook/cmake_prefix_path.dsv'
[2.360s] INFO:colcon.colcon_core.shell:Creating environment hook '/home/jacob/MTRN4231/MTRN4231/fruit_picker_ws/install/input_interfaces/share/input_interfaces/hook/cmake_prefix_path.sh'
[2.362s] Level 1:colcon.colcon_core.environment:checking '/home/jacob/MTRN4231/MTRN4231/fruit_picker_ws/install/input_interfaces/lib'
[2.362s] Level 1:colcon.colcon_core.shell:create_environment_hook('input_interfaces', 'ld_library_path_lib')
[2.363s] INFO:colcon.colcon_core.shell:Creating environment hook '/home/jacob/MTRN4231/MTRN4231/fruit_picker_ws/install/input_interfaces/share/input_interfaces/hook/ld_library_path_lib.ps1'
[2.364s] INFO:colcon.colcon_core.shell:Creating environment descriptor '/home/jacob/MTRN4231/MTRN4231/fruit_picker_ws/install/input_interfaces/share/input_interfaces/hook/ld_library_path_lib.dsv'
[2.365s] INFO:colcon.colcon_core.shell:Creating environment hook '/home/jacob/MTRN4231/MTRN4231/fruit_picker_ws/install/input_interfaces/share/input_interfaces/hook/ld_library_path_lib.sh'
[2.366s] Level 1:colcon.colcon_core.environment:checking '/home/jacob/MTRN4231/MTRN4231/fruit_picker_ws/install/input_interfaces/bin'
[2.367s] Level 1:colcon.colcon_core.environment:checking '/home/jacob/MTRN4231/MTRN4231/fruit_picker_ws/install/input_interfaces/lib/pkgconfig/input_interfaces.pc'
[2.367s] Level 1:colcon.colcon_core.environment:checking '/home/jacob/MTRN4231/MTRN4231/fruit_picker_ws/install/input_interfaces/lib/python3.10/site-packages'
[2.368s] Level 1:colcon.colcon_core.environment:checking '/home/jacob/MTRN4231/MTRN4231/fruit_picker_ws/install/input_interfaces/bin'
[2.369s] INFO:colcon.colcon_core.shell:Creating package script '/home/jacob/MTRN4231/MTRN4231/fruit_picker_ws/install/input_interfaces/share/input_interfaces/package.ps1'
[2.371s] INFO:colcon.colcon_core.shell:Creating package descriptor '/home/jacob/MTRN4231/MTRN4231/fruit_picker_ws/install/input_interfaces/share/input_interfaces/package.dsv'
[2.373s] INFO:colcon.colcon_core.shell:Creating package script '/home/jacob/MTRN4231/MTRN4231/fruit_picker_ws/install/input_interfaces/share/input_interfaces/package.sh'
[2.375s] INFO:colcon.colcon_core.shell:Creating package script '/home/jacob/MTRN4231/MTRN4231/fruit_picker_ws/install/input_interfaces/share/input_interfaces/package.bash'
[2.377s] INFO:colcon.colcon_core.shell:Creating package script '/home/jacob/MTRN4231/MTRN4231/fruit_picker_ws/install/input_interfaces/share/input_interfaces/package.zsh'
[2.380s] Level 1:colcon.colcon_core.environment:create_file_with_runtime_dependencies(/home/jacob/MTRN4231/MTRN4231/fruit_picker_ws/install/input_interfaces/share/colcon-core/packages/input_interfaces)
[2.381s] Level 1:colcon.colcon_core.environment:create_environment_scripts_only(input_interfaces)
[2.382s] Level 1:colcon.colcon_core.environment:checking '/home/jacob/MTRN4231/MTRN4231/fruit_picker_ws/install/input_interfaces' for CMake module files
[2.385s] Level 1:colcon.colcon_core.environment:checking '/home/jacob/MTRN4231/MTRN4231/fruit_picker_ws/install/input_interfaces' for CMake config files
[2.386s] Level 1:colcon.colcon_core.shell:create_environment_hook('input_interfaces', 'cmake_prefix_path')
[2.386s] INFO:colcon.colcon_core.shell:Creating environment hook '/home/jacob/MTRN4231/MTRN4231/fruit_picker_ws/install/input_interfaces/share/input_interfaces/hook/cmake_prefix_path.ps1'
[2.387s] INFO:colcon.colcon_core.shell:Creating environment descriptor '/home/jacob/MTRN4231/MTRN4231/fruit_picker_ws/install/input_interfaces/share/input_interfaces/hook/cmake_prefix_path.dsv'
[2.388s] INFO:colcon.colcon_core.shell:Creating environment hook '/home/jacob/MTRN4231/MTRN4231/fruit_picker_ws/install/input_interfaces/share/input_interfaces/hook/cmake_prefix_path.sh'
[2.389s] Level 1:colcon.colcon_core.environment:checking '/home/jacob/MTRN4231/MTRN4231/fruit_picker_ws/install/input_interfaces/lib'
[2.389s] Level 1:colcon.colcon_core.shell:create_environment_hook('input_interfaces', 'ld_library_path_lib')
[2.389s] INFO:colcon.colcon_core.shell:Creating environment hook '/home/jacob/MTRN4231/MTRN4231/fruit_picker_ws/install/input_interfaces/share/input_interfaces/hook/ld_library_path_lib.ps1'
[2.390s] INFO:colcon.colcon_core.shell:Creating environment descriptor '/home/jacob/MTRN4231/MTRN4231/fruit_picker_ws/install/input_interfaces/share/input_interfaces/hook/ld_library_path_lib.dsv'
[2.391s] INFO:colcon.colcon_core.shell:Creating environment hook '/home/jacob/MTRN4231/MTRN4231/fruit_picker_ws/install/input_interfaces/share/input_interfaces/hook/ld_library_path_lib.sh'
[2.392s] Level 1:colcon.colcon_core.environment:checking '/home/jacob/MTRN4231/MTRN4231/fruit_picker_ws/install/input_interfaces/bin'
[2.392s] Level 1:colcon.colcon_core.environment:checking '/home/jacob/MTRN4231/MTRN4231/fruit_picker_ws/install/input_interfaces/lib/pkgconfig/input_interfaces.pc'
[2.392s] Level 1:colcon.colcon_core.environment:checking '/home/jacob/MTRN4231/MTRN4231/fruit_picker_ws/install/input_interfaces/lib/python3.10/site-packages'
[2.393s] Level 1:colcon.colcon_core.environment:checking '/home/jacob/MTRN4231/MTRN4231/fruit_picker_ws/install/input_interfaces/bin'
[2.393s] INFO:colcon.colcon_core.shell:Creating package script '/home/jacob/MTRN4231/MTRN4231/fruit_picker_ws/install/input_interfaces/share/input_interfaces/package.ps1'
[2.394s] INFO:colcon.colcon_core.shell:Creating package descriptor '/home/jacob/MTRN4231/MTRN4231/fruit_picker_ws/install/input_interfaces/share/input_interfaces/package.dsv'
[2.395s] INFO:colcon.colcon_core.shell:Creating package script '/home/jacob/MTRN4231/MTRN4231/fruit_picker_ws/install/input_interfaces/share/input_interfaces/package.sh'
[2.396s] INFO:colcon.colcon_core.shell:Creating package script '/home/jacob/MTRN4231/MTRN4231/fruit_picker_ws/install/input_interfaces/share/input_interfaces/package.bash'
[2.397s] INFO:colcon.colcon_core.shell:Creating package script '/home/jacob/MTRN4231/MTRN4231/fruit_picker_ws/install/input_interfaces/share/input_interfaces/package.zsh'
[2.399s] Level 1:colcon.colcon_core.environment:create_file_with_runtime_dependencies(/home/jacob/MTRN4231/MTRN4231/fruit_picker_ws/install/input_interfaces/share/colcon-core/packages/input_interfaces)
[9.992s] DEBUG:colcon.colcon_core.event_handler.log_command:Invoked command in '/home/jacob/MTRN4231/MTRN4231/fruit_picker_ws/build/user_input' returned '0': CMAKE_PREFIX_PATH=${CMAKE_PREFIX_PATH}:/opt/ros/humble /usr/bin/cmake --build /home/jacob/MTRN4231/MTRN4231/fruit_picker_ws/build/user_input -- -j8 -l8
[9.999s] DEBUG:colcon.colcon_core.event_handler.log_command:Invoking command in '/home/jacob/MTRN4231/MTRN4231/fruit_picker_ws/build/user_input': CMAKE_PREFIX_PATH=${CMAKE_PREFIX_PATH}:/opt/ros/humble /usr/bin/cmake --install /home/jacob/MTRN4231/MTRN4231/fruit_picker_ws/build/user_input
[10.023s] Level 1:colcon.colcon_core.environment:create_environment_scripts_only(user_input)
[10.024s] Level 1:colcon.colcon_core.environment:checking '/home/jacob/MTRN4231/MTRN4231/fruit_picker_ws/install/user_input' for CMake module files
[10.025s] DEBUG:colcon.colcon_core.event_handler.log_command:Invoked command in '/home/jacob/MTRN4231/MTRN4231/fruit_picker_ws/build/user_input' returned '0': CMAKE_PREFIX_PATH=${CMAKE_PREFIX_PATH}:/opt/ros/humble /usr/bin/cmake --install /home/jacob/MTRN4231/MTRN4231/fruit_picker_ws/build/user_input
[10.025s] Level 1:colcon.colcon_core.environment:checking '/home/jacob/MTRN4231/MTRN4231/fruit_picker_ws/install/user_input' for CMake config files
[10.026s] Level 1:colcon.colcon_core.shell:create_environment_hook('user_input', 'cmake_prefix_path')
[10.026s] INFO:colcon.colcon_core.shell:Creating environment hook '/home/jacob/MTRN4231/MTRN4231/fruit_picker_ws/install/user_input/share/user_input/hook/cmake_prefix_path.ps1'
[10.027s] INFO:colcon.colcon_core.shell:Creating environment descriptor '/home/jacob/MTRN4231/MTRN4231/fruit_picker_ws/install/user_input/share/user_input/hook/cmake_prefix_path.dsv'
[10.028s] INFO:colcon.colcon_core.shell:Creating environment hook '/home/jacob/MTRN4231/MTRN4231/fruit_picker_ws/install/user_input/share/user_input/hook/cmake_prefix_path.sh'
[10.030s] Level 1:colcon.colcon_core.environment:checking '/home/jacob/MTRN4231/MTRN4231/fruit_picker_ws/install/user_input/lib'
[10.031s] Level 1:colcon.colcon_core.shell:create_environment_hook('user_input', 'ld_library_path_lib')
[10.031s] INFO:colcon.colcon_core.shell:Creating environment hook '/home/jacob/MTRN4231/MTRN4231/fruit_picker_ws/install/user_input/share/user_input/hook/ld_library_path_lib.ps1'
[10.032s] INFO:colcon.colcon_core.shell:Creating environment descriptor '/home/jacob/MTRN4231/MTRN4231/fruit_picker_ws/install/user_input/share/user_input/hook/ld_library_path_lib.dsv'
[10.033s] INFO:colcon.colcon_core.shell:Creating environment hook '/home/jacob/MTRN4231/MTRN4231/fruit_picker_ws/install/user_input/share/user_input/hook/ld_library_path_lib.sh'
[10.035s] Level 1:colcon.colcon_core.environment:checking '/home/jacob/MTRN4231/MTRN4231/fruit_picker_ws/install/user_input/bin'
[10.035s] Level 1:colcon.colcon_core.environment:checking '/home/jacob/MTRN4231/MTRN4231/fruit_picker_ws/install/user_input/lib/pkgconfig/user_input.pc'
[10.036s] Level 1:colcon.colcon_core.environment:checking '/home/jacob/MTRN4231/MTRN4231/fruit_picker_ws/install/user_input/lib/python3.10/site-packages'
[10.037s] Level 1:colcon.colcon_core.environment:checking '/home/jacob/MTRN4231/MTRN4231/fruit_picker_ws/install/user_input/bin'
[10.037s] INFO:colcon.colcon_core.shell:Creating package script '/home/jacob/MTRN4231/MTRN4231/fruit_picker_ws/install/user_input/share/user_input/package.ps1'
[10.039s] INFO:colcon.colcon_core.shell:Creating package descriptor '/home/jacob/MTRN4231/MTRN4231/fruit_picker_ws/install/user_input/share/user_input/package.dsv'
[10.040s] INFO:colcon.colcon_core.shell:Creating package script '/home/jacob/MTRN4231/MTRN4231/fruit_picker_ws/install/user_input/share/user_input/package.sh'
[10.041s] INFO:colcon.colcon_core.shell:Creating package script '/home/jacob/MTRN4231/MTRN4231/fruit_picker_ws/install/user_input/share/user_input/package.bash'
[10.042s] INFO:colcon.colcon_core.shell:Creating package script '/home/jacob/MTRN4231/MTRN4231/fruit_picker_ws/install/user_input/share/user_input/package.zsh'
[10.043s] Level 1:colcon.colcon_core.environment:create_file_with_runtime_dependencies(/home/jacob/MTRN4231/MTRN4231/fruit_picker_ws/install/user_input/share/colcon-core/packages/user_input)
[10.045s] Level 1:colcon.colcon_core.environment:create_environment_scripts_only(user_input)
[10.046s] Level 1:colcon.colcon_core.environment:checking '/home/jacob/MTRN4231/MTRN4231/fruit_picker_ws/install/user_input' for CMake module files
[10.047s] Level 1:colcon.colcon_core.environment:checking '/home/jacob/MTRN4231/MTRN4231/fruit_picker_ws/install/user_input' for CMake config files
[10.048s] Level 1:colcon.colcon_core.shell:create_environment_hook('user_input', 'cmake_prefix_path')
[10.049s] INFO:colcon.colcon_core.shell:Creating environment hook '/home/jacob/MTRN4231/MTRN4231/fruit_picker_ws/install/user_input/share/user_input/hook/cmake_prefix_path.ps1'
[10.050s] INFO:colcon.colcon_core.shell:Creating environment descriptor '/home/jacob/MTRN4231/MTRN4231/fruit_picker_ws/install/user_input/share/user_input/hook/cmake_prefix_path.dsv'
[10.053s] INFO:colcon.colcon_core.shell:Creating environment hook '/home/jacob/MTRN4231/MTRN4231/fruit_picker_ws/install/user_input/share/user_input/hook/cmake_prefix_path.sh'
[10.055s] Level 1:colcon.colcon_core.environment:checking '/home/jacob/MTRN4231/MTRN4231/fruit_picker_ws/install/user_input/lib'
[10.055s] Level 1:colcon.colcon_core.shell:create_environment_hook('user_input', 'ld_library_path_lib')
[10.057s] INFO:colcon.colcon_core.shell:Creating environment hook '/home/jacob/MTRN4231/MTRN4231/fruit_picker_ws/install/user_input/share/user_input/hook/ld_library_path_lib.ps1'
[10.058s] INFO:colcon.colcon_core.shell:Creating environment descriptor '/home/jacob/MTRN4231/MTRN4231/fruit_picker_ws/install/user_input/share/user_input/hook/ld_library_path_lib.dsv'
[10.059s] INFO:colcon.colcon_core.shell:Creating environment hook '/home/jacob/MTRN4231/MTRN4231/fruit_picker_ws/install/user_input/share/user_input/hook/ld_library_path_lib.sh'
[10.061s] Level 1:colcon.colcon_core.environment:checking '/home/jacob/MTRN4231/MTRN4231/fruit_picker_ws/install/user_input/bin'
[10.061s] Level 1:colcon.colcon_core.environment:checking '/home/jacob/MTRN4231/MTRN4231/fruit_picker_ws/install/user_input/lib/pkgconfig/user_input.pc'
[10.061s] Level 1:colcon.colcon_core.environment:checking '/home/jacob/MTRN4231/MTRN4231/fruit_picker_ws/install/user_input/lib/python3.10/site-packages'
[10.062s] Level 1:colcon.colcon_core.environment:checking '/home/jacob/MTRN4231/MTRN4231/fruit_picker_ws/install/user_input/bin'
[10.063s] INFO:colcon.colcon_core.shell:Creating package script '/home/jacob/MTRN4231/MTRN4231/fruit_picker_ws/install/user_input/share/user_input/package.ps1'
[10.065s] INFO:colcon.colcon_core.shell:Creating package descriptor '/home/jacob/MTRN4231/MTRN4231/fruit_picker_ws/install/user_input/share/user_input/package.dsv'
[10.067s] INFO:colcon.colcon_core.shell:Creating package script '/home/jacob/MTRN4231/MTRN4231/fruit_picker_ws/install/user_input/share/user_input/package.sh'
[10.068s] INFO:colcon.colcon_core.shell:Creating package script '/home/jacob/MTRN4231/MTRN4231/fruit_picker_ws/install/user_input/share/user_input/package.bash'
[10.070s] INFO:colcon.colcon_core.shell:Creating package script '/home/jacob/MTRN4231/MTRN4231/fruit_picker_ws/install/user_input/share/user_input/package.zsh'
[10.071s] Level 1:colcon.colcon_core.environment:create_file_with_runtime_dependencies(/home/jacob/MTRN4231/MTRN4231/fruit_picker_ws/install/user_input/share/colcon-core/packages/user_input)
[10.072s] DEBUG:colcon.colcon_parallel_executor.executor.parallel:closing loop
[10.072s] DEBUG:colcon.colcon_parallel_executor.executor.parallel:loop closed
[10.073s] DEBUG:colcon.colcon_parallel_executor.executor.parallel:run_until_complete finished with '0'
[10.073s] DEBUG:colcon.colcon_core.event_reactor:joining thread
[10.084s] INFO:colcon.colcon_core.plugin_system:Skipping extension 'colcon_notification.desktop_notification.terminal_notifier': Not used on non-Darwin systems
[10.084s] INFO:colcon.colcon_core.plugin_system:Skipping extension 'colcon_notification.desktop_notification.win32': Not used on non-Windows systems
[10.084s] INFO:colcon.colcon_notification.desktop_notification:Sending desktop notification using 'notify2'
[10.100s] DEBUG:colcon.colcon_notification.desktop_notification.notify2:Failed to initialize notify2: org.freedesktop.DBus.Error.ServiceUnknown: The name org.freedesktop.Notifications was not provided by any .service files
[10.101s] DEBUG:colcon.colcon_core.event_reactor:joined thread
[10.102s] INFO:colcon.colcon_core.shell:Creating prefix script '/home/jacob/MTRN4231/MTRN4231/fruit_picker_ws/install/local_setup.ps1'
[10.104s] INFO:colcon.colcon_core.shell:Creating prefix util module '/home/jacob/MTRN4231/MTRN4231/fruit_picker_ws/install/_local_setup_util_ps1.py'
[10.106s] INFO:colcon.colcon_core.shell:Creating prefix chain script '/home/jacob/MTRN4231/MTRN4231/fruit_picker_ws/install/setup.ps1'
[10.108s] INFO:colcon.colcon_core.shell:Creating prefix script '/home/jacob/MTRN4231/MTRN4231/fruit_picker_ws/install/local_setup.sh'
[10.109s] INFO:colcon.colcon_core.shell:Creating prefix util module '/home/jacob/MTRN4231/MTRN4231/fruit_picker_ws/install/_local_setup_util_sh.py'
[10.110s] INFO:colcon.colcon_core.shell:Creating prefix chain script '/home/jacob/MTRN4231/MTRN4231/fruit_picker_ws/install/setup.sh'
[10.112s] INFO:colcon.colcon_core.shell:Creating prefix script '/home/jacob/MTRN4231/MTRN4231/fruit_picker_ws/install/local_setup.bash'
[10.113s] INFO:colcon.colcon_core.shell:Creating prefix chain script '/home/jacob/MTRN4231/MTRN4231/fruit_picker_ws/install/setup.bash'
[10.116s] INFO:colcon.colcon_core.shell:Creating prefix script '/home/jacob/MTRN4231/MTRN4231/fruit_picker_ws/install/local_setup.zsh'
[10.118s] INFO:colcon.colcon_core.shell:Creating prefix chain script '/home/jacob/MTRN4231/MTRN4231/fruit_picker_ws/install/setup.zsh'
