[0.048s] Invoking command in '/home/jacob/MTRN4231/MTRN4231/fruit_picker_ws/src/build/input_interfaces': CMAKE_PREFIX_PATH=/opt/ros/humble /usr/bin/cmake --build /home/jacob/MTRN4231/MTRN4231/fruit_picker_ws/src/build/input_interfaces -- -j8 -l8
[0.162s] [35m[1mConsolidate compiler generated dependencies of target input_interfaces__rosidl_generator_c[0m
[0.187s] [  3%] Built target input_interfaces__cpp
[0.197s] [ 12%] Built target input_interfaces__rosidl_generator_c
[0.226s] [35m[1mConsolidate compiler generated dependencies of target input_interfaces__rosidl_typesupport_cpp[0m
[0.227s] [35m[1mConsolidate compiler generated dependencies of target input_interfaces__rosidl_typesupport_fastrtps_cpp[0m
[0.228s] [35m[1mConsolidate compiler generated dependencies of target input_interfaces__rosidl_typesupport_fastrtps_c[0m
[0.228s] [ 12%] Built target ament_cmake_python_copy_input_interfaces
[0.229s] [35m[1mConsolidate compiler generated dependencies of target input_interfaces__rosidl_typesupport_introspection_c[0m
[0.230s] [35m[1mConsolidate compiler generated dependencies of target input_interfaces__rosidl_typesupport_introspection_cpp[0m
[0.239s] [35m[1mConsolidate compiler generated dependencies of target input_interfaces__rosidl_typesupport_c[0m
[0.277s] [ 22%] Built target input_interfaces__rosidl_typesupport_introspection_c
[0.290s] [ 32%] Built target input_interfaces__rosidl_typesupport_fastrtps_c
[0.299s] [ 41%] Built target input_interfaces__rosidl_typesupport_fastrtps_cpp
[0.300s] [ 51%] Built target input_interfaces__rosidl_typesupport_c
[0.311s] [ 61%] Built target input_interfaces__rosidl_typesupport_cpp
[0.311s] [ 70%] Built target input_interfaces__rosidl_typesupport_introspection_cpp
[0.374s] [ 70%] Built target input_interfaces
[0.454s] [ 74%] Built target input_interfaces__py
[0.492s] [35m[1mConsolidate compiler generated dependencies of target input_interfaces__rosidl_generator_py[0m
[0.526s] [ 80%] Built target input_interfaces__rosidl_generator_py
[0.560s] [35m[1mConsolidate compiler generated dependencies of target input_interfaces__rosidl_typesupport_introspection_c__pyext[0m
[0.560s] [35m[1mConsolidate compiler generated dependencies of target input_interfaces__rosidl_typesupport_c__pyext[0m
[0.561s] [35m[1mConsolidate compiler generated dependencies of target input_interfaces__rosidl_typesupport_fastrtps_c__pyext[0m
[0.600s] [ 90%] Built target input_interfaces__rosidl_typesupport_fastrtps_c__pyext
[0.600s] [ 93%] Built target input_interfaces__rosidl_typesupport_introspection_c__pyext
[0.601s] [100%] Built target input_interfaces__rosidl_typesupport_c__pyext
[1.317s] running egg_info
[1.322s] writing input_interfaces.egg-info/PKG-INFO
[1.322s] writing dependency_links to input_interfaces.egg-info/dependency_links.txt
[1.323s] writing top-level names to input_interfaces.egg-info/top_level.txt
[1.329s] reading manifest file 'input_interfaces.egg-info/SOURCES.txt'
[1.331s] writing manifest file 'input_interfaces.egg-info/SOURCES.txt'
[1.422s] [100%] Built target ament_cmake_python_build_input_interfaces_egg
[1.463s] Invoked command in '/home/jacob/MTRN4231/MTRN4231/fruit_picker_ws/src/build/input_interfaces' returned '0': CMAKE_PREFIX_PATH=/opt/ros/humble /usr/bin/cmake --build /home/jacob/MTRN4231/MTRN4231/fruit_picker_ws/src/build/input_interfaces -- -j8 -l8
[1.494s] Invoking command in '/home/jacob/MTRN4231/MTRN4231/fruit_picker_ws/src/build/input_interfaces': CMAKE_PREFIX_PATH=/opt/ros/humble /usr/bin/cmake --install /home/jacob/MTRN4231/MTRN4231/fruit_picker_ws/src/build/input_interfaces
[1.514s] -- Install configuration: ""
[1.515s] -- Up-to-date: /home/jacob/MTRN4231/MTRN4231/fruit_picker_ws/src/install/input_interfaces/share/ament_index/resource_index/rosidl_interfaces/input_interfaces
[1.516s] -- Up-to-date: /home/jacob/MTRN4231/MTRN4231/fruit_picker_ws/src/install/input_interfaces/include/input_interfaces/input_interfaces
[1.516s] -- Up-to-date: /home/jacob/MTRN4231/MTRN4231/fruit_picker_ws/src/install/input_interfaces/include/input_interfaces/input_interfaces/msg
[1.517s] -- Up-to-date: /home/jacob/MTRN4231/MTRN4231/fruit_picker_ws/src/install/input_interfaces/include/input_interfaces/input_interfaces/msg/rosidl_generator_c__visibility_control.h
[1.517s] -- Up-to-date: /home/jacob/MTRN4231/MTRN4231/fruit_picker_ws/src/install/input_interfaces/include/input_interfaces/input_interfaces/action
[1.517s] -- Up-to-date: /home/jacob/MTRN4231/MTRN4231/fruit_picker_ws/src/install/input_interfaces/include/input_interfaces/input_interfaces/action/user_input.h
[1.517s] -- Up-to-date: /home/jacob/MTRN4231/MTRN4231/fruit_picker_ws/src/install/input_interfaces/include/input_interfaces/input_interfaces/action/detail
[1.518s] -- Up-to-date: /home/jacob/MTRN4231/MTRN4231/fruit_picker_ws/src/install/input_interfaces/include/input_interfaces/input_interfaces/action/detail/user_input__struct.h
[1.518s] -- Up-to-date: /home/jacob/MTRN4231/MTRN4231/fruit_picker_ws/src/install/input_interfaces/include/input_interfaces/input_interfaces/action/detail/user_input__functions.c
[1.519s] -- Up-to-date: /home/jacob/MTRN4231/MTRN4231/fruit_picker_ws/src/install/input_interfaces/include/input_interfaces/input_interfaces/action/detail/user_input__type_support.h
[1.519s] -- Up-to-date: /home/jacob/MTRN4231/MTRN4231/fruit_picker_ws/src/install/input_interfaces/include/input_interfaces/input_interfaces/action/detail/user_input__functions.h
[1.519s] -- Up-to-date: /home/jacob/MTRN4231/MTRN4231/fruit_picker_ws/src/install/input_interfaces/share/input_interfaces/environment/library_path.sh
[1.520s] -- Up-to-date: /home/jacob/MTRN4231/MTRN4231/fruit_picker_ws/src/install/input_interfaces/share/input_interfaces/environment/library_path.dsv
[1.520s] -- Up-to-date: /home/jacob/MTRN4231/MTRN4231/fruit_picker_ws/src/install/input_interfaces/lib/libinput_interfaces__rosidl_generator_c.so
[1.525s] -- Up-to-date: /home/jacob/MTRN4231/MTRN4231/fruit_picker_ws/src/install/input_interfaces/include/input_interfaces/input_interfaces
[1.526s] -- Up-to-date: /home/jacob/MTRN4231/MTRN4231/fruit_picker_ws/src/install/input_interfaces/include/input_interfaces/input_interfaces/msg
[1.526s] -- Up-to-date: /home/jacob/MTRN4231/MTRN4231/fruit_picker_ws/src/install/input_interfaces/include/input_interfaces/input_interfaces/msg/rosidl_typesupport_fastrtps_c__visibility_control.h
[1.526s] -- Up-to-date: /home/jacob/MTRN4231/MTRN4231/fruit_picker_ws/src/install/input_interfaces/include/input_interfaces/input_interfaces/action
[1.526s] -- Up-to-date: /home/jacob/MTRN4231/MTRN4231/fruit_picker_ws/src/install/input_interfaces/include/input_interfaces/input_interfaces/action/detail
[1.527s] -- Up-to-date: /home/jacob/MTRN4231/MTRN4231/fruit_picker_ws/src/install/input_interfaces/include/input_interfaces/input_interfaces/action/detail/user_input__rosidl_typesupport_fastrtps_c.h
[1.527s] -- Up-to-date: /home/jacob/MTRN4231/MTRN4231/fruit_picker_ws/src/install/input_interfaces/lib/libinput_interfaces__rosidl_typesupport_fastrtps_c.so
[1.527s] -- Up-to-date: /home/jacob/MTRN4231/MTRN4231/fruit_picker_ws/src/install/input_interfaces/include/input_interfaces/input_interfaces
[1.528s] -- Up-to-date: /home/jacob/MTRN4231/MTRN4231/fruit_picker_ws/src/install/input_interfaces/include/input_interfaces/input_interfaces/msg
[1.528s] -- Up-to-date: /home/jacob/MTRN4231/MTRN4231/fruit_picker_ws/src/install/input_interfaces/include/input_interfaces/input_interfaces/msg/rosidl_typesupport_introspection_c__visibility_control.h
[1.528s] -- Up-to-date: /home/jacob/MTRN4231/MTRN4231/fruit_picker_ws/src/install/input_interfaces/include/input_interfaces/input_interfaces/action
[1.528s] -- Up-to-date: /home/jacob/MTRN4231/MTRN4231/fruit_picker_ws/src/install/input_interfaces/include/input_interfaces/input_interfaces/action/detail
[1.529s] -- Up-to-date: /home/jacob/MTRN4231/MTRN4231/fruit_picker_ws/src/install/input_interfaces/include/input_interfaces/input_interfaces/action/detail/user_input__rosidl_typesupport_introspection_c.h
[1.530s] -- Up-to-date: /home/jacob/MTRN4231/MTRN4231/fruit_picker_ws/src/install/input_interfaces/include/input_interfaces/input_interfaces/action/detail/user_input__type_support.c
[1.530s] -- Up-to-date: /home/jacob/MTRN4231/MTRN4231/fruit_picker_ws/src/install/input_interfaces/lib/libinput_interfaces__rosidl_typesupport_introspection_c.so
[1.531s] -- Up-to-date: /home/jacob/MTRN4231/MTRN4231/fruit_picker_ws/src/install/input_interfaces/lib/libinput_interfaces__rosidl_typesupport_c.so
[1.531s] -- Up-to-date: /home/jacob/MTRN4231/MTRN4231/fruit_picker_ws/src/install/input_interfaces/include/input_interfaces/input_interfaces
[1.531s] -- Up-to-date: /home/jacob/MTRN4231/MTRN4231/fruit_picker_ws/src/install/input_interfaces/include/input_interfaces/input_interfaces/msg
[1.532s] -- Up-to-date: /home/jacob/MTRN4231/MTRN4231/fruit_picker_ws/src/install/input_interfaces/include/input_interfaces/input_interfaces/msg/rosidl_generator_cpp__visibility_control.hpp
[1.532s] -- Up-to-date: /home/jacob/MTRN4231/MTRN4231/fruit_picker_ws/src/install/input_interfaces/include/input_interfaces/input_interfaces/action
[1.532s] -- Up-to-date: /home/jacob/MTRN4231/MTRN4231/fruit_picker_ws/src/install/input_interfaces/include/input_interfaces/input_interfaces/action/user_input.hpp
[1.532s] -- Up-to-date: /home/jacob/MTRN4231/MTRN4231/fruit_picker_ws/src/install/input_interfaces/include/input_interfaces/input_interfaces/action/detail
[1.533s] -- Up-to-date: /home/jacob/MTRN4231/MTRN4231/fruit_picker_ws/src/install/input_interfaces/include/input_interfaces/input_interfaces/action/detail/user_input__traits.hpp
[1.533s] -- Up-to-date: /home/jacob/MTRN4231/MTRN4231/fruit_picker_ws/src/install/input_interfaces/include/input_interfaces/input_interfaces/action/detail/user_input__struct.hpp
[1.533s] -- Up-to-date: /home/jacob/MTRN4231/MTRN4231/fruit_picker_ws/src/install/input_interfaces/include/input_interfaces/input_interfaces/action/detail/user_input__builder.hpp
[1.534s] -- Up-to-date: /home/jacob/MTRN4231/MTRN4231/fruit_picker_ws/src/install/input_interfaces/include/input_interfaces/input_interfaces/action/detail/user_input__type_support.hpp
[1.534s] -- Up-to-date: /home/jacob/MTRN4231/MTRN4231/fruit_picker_ws/src/install/input_interfaces/include/input_interfaces/input_interfaces
[1.534s] -- Up-to-date: /home/jacob/MTRN4231/MTRN4231/fruit_picker_ws/src/install/input_interfaces/include/input_interfaces/input_interfaces/msg
[1.534s] -- Up-to-date: /home/jacob/MTRN4231/MTRN4231/fruit_picker_ws/src/install/input_interfaces/include/input_interfaces/input_interfaces/msg/rosidl_typesupport_fastrtps_cpp__visibility_control.h
[1.534s] -- Up-to-date: /home/jacob/MTRN4231/MTRN4231/fruit_picker_ws/src/install/input_interfaces/include/input_interfaces/input_interfaces/action
[1.535s] -- Up-to-date: /home/jacob/MTRN4231/MTRN4231/fruit_picker_ws/src/install/input_interfaces/include/input_interfaces/input_interfaces/action/detail
[1.535s] -- Up-to-date: /home/jacob/MTRN4231/MTRN4231/fruit_picker_ws/src/install/input_interfaces/include/input_interfaces/input_interfaces/action/detail/user_input__rosidl_typesupport_fastrtps_cpp.hpp
[1.535s] -- Up-to-date: /home/jacob/MTRN4231/MTRN4231/fruit_picker_ws/src/install/input_interfaces/include/input_interfaces/input_interfaces/action/detail/dds_fastrtps
[1.536s] -- Up-to-date: /home/jacob/MTRN4231/MTRN4231/fruit_picker_ws/src/install/input_interfaces/lib/libinput_interfaces__rosidl_typesupport_fastrtps_cpp.so
[1.536s] -- Up-to-date: /home/jacob/MTRN4231/MTRN4231/fruit_picker_ws/src/install/input_interfaces/include/input_interfaces/input_interfaces
[1.536s] -- Up-to-date: /home/jacob/MTRN4231/MTRN4231/fruit_picker_ws/src/install/input_interfaces/include/input_interfaces/input_interfaces/action
[1.536s] -- Up-to-date: /home/jacob/MTRN4231/MTRN4231/fruit_picker_ws/src/install/input_interfaces/include/input_interfaces/input_interfaces/action/detail
[1.537s] -- Up-to-date: /home/jacob/MTRN4231/MTRN4231/fruit_picker_ws/src/install/input_interfaces/include/input_interfaces/input_interfaces/action/detail/user_input__rosidl_typesupport_introspection_cpp.hpp
[1.537s] -- Up-to-date: /home/jacob/MTRN4231/MTRN4231/fruit_picker_ws/src/install/input_interfaces/include/input_interfaces/input_interfaces/action/detail/user_input__type_support.cpp
[1.537s] -- Up-to-date: /home/jacob/MTRN4231/MTRN4231/fruit_picker_ws/src/install/input_interfaces/lib/libinput_interfaces__rosidl_typesupport_introspection_cpp.so
[1.537s] -- Up-to-date: /home/jacob/MTRN4231/MTRN4231/fruit_picker_ws/src/install/input_interfaces/lib/libinput_interfaces__rosidl_typesupport_cpp.so
[1.538s] -- Up-to-date: /home/jacob/MTRN4231/MTRN4231/fruit_picker_ws/src/install/input_interfaces/share/input_interfaces/environment/pythonpath.sh
[1.538s] -- Up-to-date: /home/jacob/MTRN4231/MTRN4231/fruit_picker_ws/src/install/input_interfaces/share/input_interfaces/environment/pythonpath.dsv
[1.542s] -- Up-to-date: /home/jacob/MTRN4231/MTRN4231/fruit_picker_ws/src/install/input_interfaces/local/lib/python3.10/dist-packages/input_interfaces-0.0.0-py3.10.egg-info
[1.543s] -- Installing: /home/jacob/MTRN4231/MTRN4231/fruit_picker_ws/src/install/input_interfaces/local/lib/python3.10/dist-packages/input_interfaces-0.0.0-py3.10.egg-info/SOURCES.txt
[1.543s] -- Installing: /home/jacob/MTRN4231/MTRN4231/fruit_picker_ws/src/install/input_interfaces/local/lib/python3.10/dist-packages/input_interfaces-0.0.0-py3.10.egg-info/dependency_links.txt
[1.543s] -- Installing: /home/jacob/MTRN4231/MTRN4231/fruit_picker_ws/src/install/input_interfaces/local/lib/python3.10/dist-packages/input_interfaces-0.0.0-py3.10.egg-info/top_level.txt
[1.543s] -- Installing: /home/jacob/MTRN4231/MTRN4231/fruit_picker_ws/src/install/input_interfaces/local/lib/python3.10/dist-packages/input_interfaces-0.0.0-py3.10.egg-info/PKG-INFO
[1.543s] -- Up-to-date: /home/jacob/MTRN4231/MTRN4231/fruit_picker_ws/src/install/input_interfaces/local/lib/python3.10/dist-packages/input_interfaces
[1.544s] -- Up-to-date: /home/jacob/MTRN4231/MTRN4231/fruit_picker_ws/src/install/input_interfaces/local/lib/python3.10/dist-packages/input_interfaces/libinput_interfaces__rosidl_generator_py.so
[1.544s] -- Up-to-date: /home/jacob/MTRN4231/MTRN4231/fruit_picker_ws/src/install/input_interfaces/local/lib/python3.10/dist-packages/input_interfaces/__init__.py
[1.544s] -- Up-to-date: /home/jacob/MTRN4231/MTRN4231/fruit_picker_ws/src/install/input_interfaces/local/lib/python3.10/dist-packages/input_interfaces/_input_interfaces_s.ep.rosidl_typesupport_fastrtps_c.c
[1.544s] -- Up-to-date: /home/jacob/MTRN4231/MTRN4231/fruit_picker_ws/src/install/input_interfaces/local/lib/python3.10/dist-packages/input_interfaces/input_interfaces_s__rosidl_typesupport_c.cpython-310-x86_64-linux-gnu.so
[1.544s] -- Up-to-date: /home/jacob/MTRN4231/MTRN4231/fruit_picker_ws/src/install/input_interfaces/local/lib/python3.10/dist-packages/input_interfaces/_input_interfaces_s.ep.rosidl_typesupport_introspection_c.c
[1.545s] -- Up-to-date: /home/jacob/MTRN4231/MTRN4231/fruit_picker_ws/src/install/input_interfaces/local/lib/python3.10/dist-packages/input_interfaces/input_interfaces_s__rosidl_typesupport_introspection_c.cpython-310-x86_64-linux-gnu.so
[1.545s] -- Up-to-date: /home/jacob/MTRN4231/MTRN4231/fruit_picker_ws/src/install/input_interfaces/local/lib/python3.10/dist-packages/input_interfaces/action
[1.545s] -- Up-to-date: /home/jacob/MTRN4231/MTRN4231/fruit_picker_ws/src/install/input_interfaces/local/lib/python3.10/dist-packages/input_interfaces/action/__init__.py
[1.545s] -- Up-to-date: /home/jacob/MTRN4231/MTRN4231/fruit_picker_ws/src/install/input_interfaces/local/lib/python3.10/dist-packages/input_interfaces/action/_user_input.py
[1.545s] -- Up-to-date: /home/jacob/MTRN4231/MTRN4231/fruit_picker_ws/src/install/input_interfaces/local/lib/python3.10/dist-packages/input_interfaces/action/_user_input_s.c
[1.546s] -- Up-to-date: /home/jacob/MTRN4231/MTRN4231/fruit_picker_ws/src/install/input_interfaces/local/lib/python3.10/dist-packages/input_interfaces/input_interfaces_s__rosidl_typesupport_fastrtps_c.cpython-310-x86_64-linux-gnu.so
[1.546s] -- Up-to-date: /home/jacob/MTRN4231/MTRN4231/fruit_picker_ws/src/install/input_interfaces/local/lib/python3.10/dist-packages/input_interfaces/_input_interfaces_s.ep.rosidl_typesupport_c.c
[1.670s] Listing '/home/jacob/MTRN4231/MTRN4231/fruit_picker_ws/src/install/input_interfaces/local/lib/python3.10/dist-packages/input_interfaces'...
[1.671s] Listing '/home/jacob/MTRN4231/MTRN4231/fruit_picker_ws/src/install/input_interfaces/local/lib/python3.10/dist-packages/input_interfaces/action'...
[1.683s] -- Up-to-date: /home/jacob/MTRN4231/MTRN4231/fruit_picker_ws/src/install/input_interfaces/local/lib/python3.10/dist-packages/input_interfaces/input_interfaces_s__rosidl_typesupport_fastrtps_c.cpython-310-x86_64-linux-gnu.so
[1.684s] -- Up-to-date: /home/jacob/MTRN4231/MTRN4231/fruit_picker_ws/src/install/input_interfaces/local/lib/python3.10/dist-packages/input_interfaces/input_interfaces_s__rosidl_typesupport_introspection_c.cpython-310-x86_64-linux-gnu.so
[1.686s] -- Up-to-date: /home/jacob/MTRN4231/MTRN4231/fruit_picker_ws/src/install/input_interfaces/local/lib/python3.10/dist-packages/input_interfaces/input_interfaces_s__rosidl_typesupport_c.cpython-310-x86_64-linux-gnu.so
[1.687s] -- Up-to-date: /home/jacob/MTRN4231/MTRN4231/fruit_picker_ws/src/install/input_interfaces/lib/libinput_interfaces__rosidl_generator_py.so
[1.689s] -- Up-to-date: /home/jacob/MTRN4231/MTRN4231/fruit_picker_ws/src/install/input_interfaces/share/input_interfaces/action/UserInput.idl
[1.689s] -- Up-to-date: /home/jacob/MTRN4231/MTRN4231/fruit_picker_ws/src/install/input_interfaces/share/input_interfaces/action/UserInput.action
[1.690s] -- Up-to-date: /home/jacob/MTRN4231/MTRN4231/fruit_picker_ws/src/install/input_interfaces/share/ament_index/resource_index/package_run_dependencies/input_interfaces
[1.691s] -- Up-to-date: /home/jacob/MTRN4231/MTRN4231/fruit_picker_ws/src/install/input_interfaces/share/ament_index/resource_index/parent_prefix_path/input_interfaces
[1.691s] -- Up-to-date: /home/jacob/MTRN4231/MTRN4231/fruit_picker_ws/src/install/input_interfaces/share/input_interfaces/environment/ament_prefix_path.sh
[1.692s] -- Up-to-date: /home/jacob/MTRN4231/MTRN4231/fruit_picker_ws/src/install/input_interfaces/share/input_interfaces/environment/ament_prefix_path.dsv
[1.692s] -- Up-to-date: /home/jacob/MTRN4231/MTRN4231/fruit_picker_ws/src/install/input_interfaces/share/input_interfaces/environment/path.sh
[1.692s] -- Up-to-date: /home/jacob/MTRN4231/MTRN4231/fruit_picker_ws/src/install/input_interfaces/share/input_interfaces/environment/path.dsv
[1.692s] -- Up-to-date: /home/jacob/MTRN4231/MTRN4231/fruit_picker_ws/src/install/input_interfaces/share/input_interfaces/local_setup.bash
[1.692s] -- Up-to-date: /home/jacob/MTRN4231/MTRN4231/fruit_picker_ws/src/install/input_interfaces/share/input_interfaces/local_setup.sh
[1.693s] -- Up-to-date: /home/jacob/MTRN4231/MTRN4231/fruit_picker_ws/src/install/input_interfaces/share/input_interfaces/local_setup.zsh
[1.693s] -- Up-to-date: /home/jacob/MTRN4231/MTRN4231/fruit_picker_ws/src/install/input_interfaces/share/input_interfaces/local_setup.dsv
[1.693s] -- Installing: /home/jacob/MTRN4231/MTRN4231/fruit_picker_ws/src/install/input_interfaces/share/input_interfaces/package.dsv
[1.694s] -- Up-to-date: /home/jacob/MTRN4231/MTRN4231/fruit_picker_ws/src/install/input_interfaces/share/ament_index/resource_index/packages/input_interfaces
[1.694s] -- Up-to-date: /home/jacob/MTRN4231/MTRN4231/fruit_picker_ws/src/install/input_interfaces/share/input_interfaces/cmake/export_input_interfaces__rosidl_generator_cExport.cmake
[1.694s] -- Up-to-date: /home/jacob/MTRN4231/MTRN4231/fruit_picker_ws/src/install/input_interfaces/share/input_interfaces/cmake/export_input_interfaces__rosidl_generator_cExport-noconfig.cmake
[1.694s] -- Up-to-date: /home/jacob/MTRN4231/MTRN4231/fruit_picker_ws/src/install/input_interfaces/share/input_interfaces/cmake/export_input_interfaces__rosidl_typesupport_fastrtps_cExport.cmake
[1.695s] -- Up-to-date: /home/jacob/MTRN4231/MTRN4231/fruit_picker_ws/src/install/input_interfaces/share/input_interfaces/cmake/export_input_interfaces__rosidl_typesupport_fastrtps_cExport-noconfig.cmake
[1.695s] -- Up-to-date: /home/jacob/MTRN4231/MTRN4231/fruit_picker_ws/src/install/input_interfaces/share/input_interfaces/cmake/input_interfaces__rosidl_typesupport_introspection_cExport.cmake
[1.695s] -- Up-to-date: /home/jacob/MTRN4231/MTRN4231/fruit_picker_ws/src/install/input_interfaces/share/input_interfaces/cmake/input_interfaces__rosidl_typesupport_introspection_cExport-noconfig.cmake
[1.696s] -- Up-to-date: /home/jacob/MTRN4231/MTRN4231/fruit_picker_ws/src/install/input_interfaces/share/input_interfaces/cmake/input_interfaces__rosidl_typesupport_cExport.cmake
[1.696s] -- Up-to-date: /home/jacob/MTRN4231/MTRN4231/fruit_picker_ws/src/install/input_interfaces/share/input_interfaces/cmake/input_interfaces__rosidl_typesupport_cExport-noconfig.cmake
[1.696s] -- Up-to-date: /home/jacob/MTRN4231/MTRN4231/fruit_picker_ws/src/install/input_interfaces/share/input_interfaces/cmake/export_input_interfaces__rosidl_generator_cppExport.cmake
[1.697s] -- Up-to-date: /home/jacob/MTRN4231/MTRN4231/fruit_picker_ws/src/install/input_interfaces/share/input_interfaces/cmake/export_input_interfaces__rosidl_typesupport_fastrtps_cppExport.cmake
[1.697s] -- Up-to-date: /home/jacob/MTRN4231/MTRN4231/fruit_picker_ws/src/install/input_interfaces/share/input_interfaces/cmake/export_input_interfaces__rosidl_typesupport_fastrtps_cppExport-noconfig.cmake
[1.697s] -- Up-to-date: /home/jacob/MTRN4231/MTRN4231/fruit_picker_ws/src/install/input_interfaces/share/input_interfaces/cmake/input_interfaces__rosidl_typesupport_introspection_cppExport.cmake
[1.698s] -- Up-to-date: /home/jacob/MTRN4231/MTRN4231/fruit_picker_ws/src/install/input_interfaces/share/input_interfaces/cmake/input_interfaces__rosidl_typesupport_introspection_cppExport-noconfig.cmake
[1.698s] -- Up-to-date: /home/jacob/MTRN4231/MTRN4231/fruit_picker_ws/src/install/input_interfaces/share/input_interfaces/cmake/input_interfaces__rosidl_typesupport_cppExport.cmake
[1.698s] -- Up-to-date: /home/jacob/MTRN4231/MTRN4231/fruit_picker_ws/src/install/input_interfaces/share/input_interfaces/cmake/input_interfaces__rosidl_typesupport_cppExport-noconfig.cmake
[1.705s] -- Up-to-date: /home/jacob/MTRN4231/MTRN4231/fruit_picker_ws/src/install/input_interfaces/share/input_interfaces/cmake/export_input_interfaces__rosidl_generator_pyExport.cmake
[1.705s] -- Up-to-date: /home/jacob/MTRN4231/MTRN4231/fruit_picker_ws/src/install/input_interfaces/share/input_interfaces/cmake/export_input_interfaces__rosidl_generator_pyExport-noconfig.cmake
[1.705s] -- Up-to-date: /home/jacob/MTRN4231/MTRN4231/fruit_picker_ws/src/install/input_interfaces/share/input_interfaces/cmake/rosidl_cmake-extras.cmake
[1.706s] -- Up-to-date: /home/jacob/MTRN4231/MTRN4231/fruit_picker_ws/src/install/input_interfaces/share/input_interfaces/cmake/ament_cmake_export_dependencies-extras.cmake
[1.706s] -- Up-to-date: /home/jacob/MTRN4231/MTRN4231/fruit_picker_ws/src/install/input_interfaces/share/input_interfaces/cmake/ament_cmake_export_include_directories-extras.cmake
[1.706s] -- Up-to-date: /home/jacob/MTRN4231/MTRN4231/fruit_picker_ws/src/install/input_interfaces/share/input_interfaces/cmake/ament_cmake_export_libraries-extras.cmake
[1.706s] -- Up-to-date: /home/jacob/MTRN4231/MTRN4231/fruit_picker_ws/src/install/input_interfaces/share/input_interfaces/cmake/ament_cmake_export_targets-extras.cmake
[1.707s] -- Up-to-date: /home/jacob/MTRN4231/MTRN4231/fruit_picker_ws/src/install/input_interfaces/share/input_interfaces/cmake/rosidl_cmake_export_typesupport_targets-extras.cmake
[1.707s] -- Up-to-date: /home/jacob/MTRN4231/MTRN4231/fruit_picker_ws/src/install/input_interfaces/share/input_interfaces/cmake/rosidl_cmake_export_typesupport_libraries-extras.cmake
[1.707s] -- Up-to-date: /home/jacob/MTRN4231/MTRN4231/fruit_picker_ws/src/install/input_interfaces/share/input_interfaces/cmake/input_interfacesConfig.cmake
[1.707s] -- Up-to-date: /home/jacob/MTRN4231/MTRN4231/fruit_picker_ws/src/install/input_interfaces/share/input_interfaces/cmake/input_interfacesConfig-version.cmake
[1.708s] -- Up-to-date: /home/jacob/MTRN4231/MTRN4231/fruit_picker_ws/src/install/input_interfaces/share/input_interfaces/package.xml
[1.711s] Invoked command in '/home/jacob/MTRN4231/MTRN4231/fruit_picker_ws/src/build/input_interfaces' returned '0': CMAKE_PREFIX_PATH=/opt/ros/humble /usr/bin/cmake --install /home/jacob/MTRN4231/MTRN4231/fruit_picker_ws/src/build/input_interfaces
