[0.041s] Invoking command in '/home/jacob/MTRN4231/MTRN4231/fruit_picker_ws/src/build/input_interfaces': CMAKE_PREFIX_PATH=/opt/ros/humble /usr/bin/cmake /home/jacob/MTRN4231/MTRN4231/fruit_picker_ws/src/input_interfaces -DCMAKE_INSTALL_PREFIX=/home/jacob/MTRN4231/MTRN4231/fruit_picker_ws/src/install/input_interfaces
[0.444s] -- The C compiler identification is GNU 11.4.0
[1.613s] -- The CXX compiler identification is GNU 11.4.0
[2.276s] -- Detecting C compiler ABI info
[2.617s] -- Detecting C compiler ABI info - done
[2.634s] -- Check for working C compiler: /usr/bin/cc - skipped
[2.634s] -- Detecting C compile features
[2.635s] -- Detecting C compile features - done
[2.642s] -- Detecting CXX compiler ABI info
[2.985s] -- Detecting CXX compiler ABI info - done
[3.002s] -- Check for working CXX compiler: /usr/bin/c++ - skipped
[3.002s] -- Detecting CXX compile features
[3.003s] -- Detecting CXX compile features - done
[3.007s] -- Found ament_cmake: 1.3.12 (/opt/ros/humble/share/ament_cmake/cmake)
[3.317s] -- Found Python3: /usr/bin/python3 (found version "3.10.12") found components: Interpreter 
[3.534s] -- Found rosidl_default_generators: 1.2.0 (/opt/ros/humble/share/rosidl_default_generators/cmake)
[3.541s] -- Using all available rosidl_typesupport_c: rosidl_typesupport_fastrtps_c;rosidl_typesupport_introspection_c
[3.550s] -- Found rosidl_adapter: 3.1.7 (/opt/ros/humble/share/rosidl_adapter/cmake)
[3.837s] -- Using all available rosidl_typesupport_cpp: rosidl_typesupport_fastrtps_cpp;rosidl_typesupport_introspection_cpp
[4.618s] -- Found ament_cmake_ros: 0.10.0 (/opt/ros/humble/share/ament_cmake_ros/cmake)
[5.088s] -- Using all available rosidl_typesupport_c: rosidl_typesupport_fastrtps_c;rosidl_typesupport_introspection_c
[5.657s] -- Using all available rosidl_typesupport_cpp: rosidl_typesupport_fastrtps_cpp;rosidl_typesupport_introspection_cpp
[5.986s] -- Found PythonInterp: /usr/bin/python3 (found suitable version "3.10.12", minimum required is "3.6") 
[5.992s] -- Found python_cmake_module: 0.10.0 (/opt/ros/humble/share/python_cmake_module/cmake)
[6.966s] -- Found PythonLibs: /usr/lib/x86_64-linux-gnu/libpython3.10.so (found suitable version "3.10.12", minimum required is "3.5") 
[6.966s] -- Using PYTHON_EXECUTABLE: /usr/bin/python3
[6.967s] -- Using PYTHON_INCLUDE_DIRS: /usr/include/python3.10
[6.967s] -- Using PYTHON_LIBRARIES: /usr/lib/x86_64-linux-gnu/libpython3.10.so
[7.005s] -- Found PythonExtra: .so  
[7.209s] -- Found ament_lint_auto: 0.12.14 (/opt/ros/humble/share/ament_lint_auto/cmake)
[7.267s] -- Added test 'lint_cmake' to check CMake code style
[7.270s] -- Added test 'xmllint' to check XML markup files
[7.279s] -- Configuring done
[7.430s] -- Generating done
[7.466s] -- Build files have been written to: /home/jacob/MTRN4231/MTRN4231/fruit_picker_ws/src/build/input_interfaces
[7.483s] Invoked command in '/home/jacob/MTRN4231/MTRN4231/fruit_picker_ws/src/build/input_interfaces' returned '0': CMAKE_PREFIX_PATH=/opt/ros/humble /usr/bin/cmake /home/jacob/MTRN4231/MTRN4231/fruit_picker_ws/src/input_interfaces -DCMAKE_INSTALL_PREFIX=/home/jacob/MTRN4231/MTRN4231/fruit_picker_ws/src/install/input_interfaces
[7.488s] Invoking command in '/home/jacob/MTRN4231/MTRN4231/fruit_picker_ws/src/build/input_interfaces': CMAKE_PREFIX_PATH=/opt/ros/humble /usr/bin/cmake --build /home/jacob/MTRN4231/MTRN4231/fruit_picker_ws/src/build/input_interfaces -- -j8 -l8
[7.566s] [  3%] [34m[1mGenerating C code for ROS interfaces[0m
[7.591s] [  6%] [34m[1mGenerating C++ code for ROS interfaces[0m
[7.612s] [  6%] Built target ament_cmake_python_copy_input_interfaces
[8.416s] running egg_info
[8.417s] creating input_interfaces.egg-info
[8.419s] writing input_interfaces.egg-info/PKG-INFO
[8.420s] writing dependency_links to input_interfaces.egg-info/dependency_links.txt
[8.421s] writing top-level names to input_interfaces.egg-info/top_level.txt
[8.422s] writing manifest file 'input_interfaces.egg-info/SOURCES.txt'
[8.433s] reading manifest file 'input_interfaces.egg-info/SOURCES.txt'
[8.434s] writing manifest file 'input_interfaces.egg-info/SOURCES.txt'
[8.516s] [  6%] Built target ament_cmake_python_build_input_interfaces_egg
[8.898s] [  9%] [32mBuilding C object CMakeFiles/input_interfaces__rosidl_generator_c.dir/rosidl_generator_c/input_interfaces/action/detail/user_input__functions.c.o[0m
[8.903s] [  9%] Built target input_interfaces__cpp
[8.927s] [ 12%] [34m[1mGenerating C++ type support for eProsima Fast-RTPS[0m
[8.929s] [ 16%] [34m[1mGenerating C++ introspection for ROS interfaces[0m
[8.932s] [ 19%] [34m[1mGenerating C++ type support dispatch for ROS interfaces[0m
[9.398s] [ 22%] [32m[1mLinking C shared library libinput_interfaces__rosidl_generator_c.so[0m
[9.732s] [ 22%] Built target input_interfaces__rosidl_generator_c
[9.764s] [ 25%] [34m[1mGenerating C type support for eProsima Fast-RTPS[0m
[9.770s] [ 29%] [34m[1mGenerating C introspection for ROS interfaces[0m
[9.774s] [ 32%] [34m[1mGenerating C type support dispatch for ROS interfaces[0m
[10.060s] [ 35%] [32mBuilding CXX object CMakeFiles/input_interfaces__rosidl_typesupport_cpp.dir/rosidl_typesupport_cpp/input_interfaces/action/user_input__type_support.cpp.o[0m
[10.283s] [ 38%] [32mBuilding CXX object CMakeFiles/input_interfaces__rosidl_typesupport_introspection_cpp.dir/rosidl_typesupport_introspection_cpp/input_interfaces/action/detail/user_input__type_support.cpp.o[0m
[10.523s] [ 41%] [32mBuilding CXX object CMakeFiles/input_interfaces__rosidl_typesupport_fastrtps_cpp.dir/rosidl_typesupport_fastrtps_cpp/input_interfaces/action/detail/dds_fastrtps/user_input__type_support.cpp.o[0m
[11.000s] [ 45%] [32mBuilding CXX object CMakeFiles/input_interfaces__rosidl_typesupport_c.dir/rosidl_typesupport_c/input_interfaces/action/user_input__type_support.cpp.o[0m
[11.226s] [ 48%] [32m[1mLinking CXX shared library libinput_interfaces__rosidl_typesupport_c.so[0m
[11.427s] [ 51%] [32mBuilding C object CMakeFiles/input_interfaces__rosidl_typesupport_introspection_c.dir/rosidl_typesupport_introspection_c/input_interfaces/action/detail/user_input__type_support.c.o[0m
[11.647s] [ 54%] [32mBuilding CXX object CMakeFiles/input_interfaces__rosidl_typesupport_fastrtps_c.dir/rosidl_typesupport_fastrtps_c/input_interfaces/action/detail/user_input__type_support_c.cpp.o[0m
[11.735s] [ 58%] [32m[1mLinking C shared library libinput_interfaces__rosidl_typesupport_introspection_c.so[0m
[12.072s] [ 58%] Built target input_interfaces__rosidl_typesupport_c
[12.350s] [ 58%] Built target input_interfaces__rosidl_typesupport_introspection_c
[12.360s] [ 61%] [32m[1mLinking CXX shared library libinput_interfaces__rosidl_typesupport_cpp.so[0m
[12.934s] [ 61%] Built target input_interfaces__rosidl_typesupport_cpp
[13.417s] [ 64%] [32m[1mLinking CXX shared library libinput_interfaces__rosidl_typesupport_introspection_cpp.so[0m
[13.500s] [ 67%] [32m[1mLinking CXX shared library libinput_interfaces__rosidl_typesupport_fastrtps_cpp.so[0m
[13.732s] [ 70%] [32m[1mLinking CXX shared library libinput_interfaces__rosidl_typesupport_fastrtps_c.so[0m
[14.048s] [ 70%] Built target input_interfaces__rosidl_typesupport_introspection_cpp
[14.108s] [ 70%] Built target input_interfaces__rosidl_typesupport_fastrtps_cpp
[14.315s] [ 70%] Built target input_interfaces__rosidl_typesupport_fastrtps_c
[14.367s] [ 70%] Built target input_interfaces
[14.419s] [ 74%] [34m[1mGenerating Python code for ROS interfaces[0m
[16.815s] [ 74%] Built target input_interfaces__py
[16.866s] [ 77%] [32mBuilding C object CMakeFiles/input_interfaces__rosidl_generator_py.dir/rosidl_generator_py/input_interfaces/action/_user_input_s.c.o[0m
[17.257s] [ 80%] [32m[1mLinking C shared library rosidl_generator_py/input_interfaces/libinput_interfaces__rosidl_generator_py.so[0m
[17.534s] [ 80%] Built target input_interfaces__rosidl_generator_py
[17.584s] [ 87%] [32mBuilding C object CMakeFiles/input_interfaces__rosidl_typesupport_introspection_c__pyext.dir/rosidl_generator_py/input_interfaces/_input_interfaces_s.ep.rosidl_typesupport_introspection_c.c.o[0m
[17.584s] [ 87%] [32mBuilding C object CMakeFiles/input_interfaces__rosidl_typesupport_fastrtps_c__pyext.dir/rosidl_generator_py/input_interfaces/_input_interfaces_s.ep.rosidl_typesupport_fastrtps_c.c.o[0m
[17.585s] [ 90%] [32mBuilding C object CMakeFiles/input_interfaces__rosidl_typesupport_c__pyext.dir/rosidl_generator_py/input_interfaces/_input_interfaces_s.ep.rosidl_typesupport_c.c.o[0m
[17.959s] [ 93%] [32m[1mLinking C shared library rosidl_generator_py/input_interfaces/input_interfaces_s__rosidl_typesupport_introspection_c.cpython-310-x86_64-linux-gnu.so[0m
[17.961s] [ 96%] [32m[1mLinking C shared library rosidl_generator_py/input_interfaces/input_interfaces_s__rosidl_typesupport_c.cpython-310-x86_64-linux-gnu.so[0m
[17.973s] [100%] [32m[1mLinking C shared library rosidl_generator_py/input_interfaces/input_interfaces_s__rosidl_typesupport_fastrtps_c.cpython-310-x86_64-linux-gnu.so[0m
[18.240s] [100%] Built target input_interfaces__rosidl_typesupport_c__pyext
[18.244s] [100%] Built target input_interfaces__rosidl_typesupport_introspection_c__pyext
[18.292s] [100%] Built target input_interfaces__rosidl_typesupport_fastrtps_c__pyext
[18.321s] Invoked command in '/home/jacob/MTRN4231/MTRN4231/fruit_picker_ws/src/build/input_interfaces' returned '0': CMAKE_PREFIX_PATH=/opt/ros/humble /usr/bin/cmake --build /home/jacob/MTRN4231/MTRN4231/fruit_picker_ws/src/build/input_interfaces -- -j8 -l8
[18.343s] Invoking command in '/home/jacob/MTRN4231/MTRN4231/fruit_picker_ws/src/build/input_interfaces': CMAKE_PREFIX_PATH=/opt/ros/humble /usr/bin/cmake --install /home/jacob/MTRN4231/MTRN4231/fruit_picker_ws/src/build/input_interfaces
[18.365s] -- Install configuration: ""
[18.373s] -- Installing: /home/jacob/MTRN4231/MTRN4231/fruit_picker_ws/src/install/input_interfaces/share/ament_index/resource_index/rosidl_interfaces/input_interfaces
[18.374s] -- Installing: /home/jacob/MTRN4231/MTRN4231/fruit_picker_ws/src/install/input_interfaces/include/input_interfaces/input_interfaces
[18.377s] -- Installing: /home/jacob/MTRN4231/MTRN4231/fruit_picker_ws/src/install/input_interfaces/include/input_interfaces/input_interfaces/msg
[18.378s] -- Installing: /home/jacob/MTRN4231/MTRN4231/fruit_picker_ws/src/install/input_interfaces/include/input_interfaces/input_interfaces/msg/rosidl_generator_c__visibility_control.h
[18.379s] -- Installing: /home/jacob/MTRN4231/MTRN4231/fruit_picker_ws/src/install/input_interfaces/include/input_interfaces/input_interfaces/action
[18.380s] -- Installing: /home/jacob/MTRN4231/MTRN4231/fruit_picker_ws/src/install/input_interfaces/include/input_interfaces/input_interfaces/action/user_input.h
[18.380s] -- Installing: /home/jacob/MTRN4231/MTRN4231/fruit_picker_ws/src/install/input_interfaces/include/input_interfaces/input_interfaces/action/detail
[18.381s] -- Installing: /home/jacob/MTRN4231/MTRN4231/fruit_picker_ws/src/install/input_interfaces/include/input_interfaces/input_interfaces/action/detail/user_input__struct.h
[18.382s] -- Installing: /home/jacob/MTRN4231/MTRN4231/fruit_picker_ws/src/install/input_interfaces/include/input_interfaces/input_interfaces/action/detail/user_input__functions.c
[18.383s] -- Installing: /home/jacob/MTRN4231/MTRN4231/fruit_picker_ws/src/install/input_interfaces/include/input_interfaces/input_interfaces/action/detail/user_input__type_support.h
[18.384s] -- Installing: /home/jacob/MTRN4231/MTRN4231/fruit_picker_ws/src/install/input_interfaces/include/input_interfaces/input_interfaces/action/detail/user_input__functions.h
[18.387s] -- Installing: /home/jacob/MTRN4231/MTRN4231/fruit_picker_ws/src/install/input_interfaces/share/input_interfaces/environment/library_path.sh
[18.388s] -- Installing: /home/jacob/MTRN4231/MTRN4231/fruit_picker_ws/src/install/input_interfaces/share/input_interfaces/environment/library_path.dsv
[18.391s] -- Installing: /home/jacob/MTRN4231/MTRN4231/fruit_picker_ws/src/install/input_interfaces/lib/libinput_interfaces__rosidl_generator_c.so
[18.394s] -- Set runtime path of "/home/jacob/MTRN4231/MTRN4231/fruit_picker_ws/src/install/input_interfaces/lib/libinput_interfaces__rosidl_generator_c.so" to ""
[18.394s] -- Up-to-date: /home/jacob/MTRN4231/MTRN4231/fruit_picker_ws/src/install/input_interfaces/include/input_interfaces/input_interfaces
[18.395s] -- Up-to-date: /home/jacob/MTRN4231/MTRN4231/fruit_picker_ws/src/install/input_interfaces/include/input_interfaces/input_interfaces/msg
[18.395s] -- Installing: /home/jacob/MTRN4231/MTRN4231/fruit_picker_ws/src/install/input_interfaces/include/input_interfaces/input_interfaces/msg/rosidl_typesupport_fastrtps_c__visibility_control.h
[18.395s] -- Up-to-date: /home/jacob/MTRN4231/MTRN4231/fruit_picker_ws/src/install/input_interfaces/include/input_interfaces/input_interfaces/action
[18.396s] -- Up-to-date: /home/jacob/MTRN4231/MTRN4231/fruit_picker_ws/src/install/input_interfaces/include/input_interfaces/input_interfaces/action/detail
[18.396s] -- Installing: /home/jacob/MTRN4231/MTRN4231/fruit_picker_ws/src/install/input_interfaces/include/input_interfaces/input_interfaces/action/detail/user_input__rosidl_typesupport_fastrtps_c.h
[18.397s] -- Installing: /home/jacob/MTRN4231/MTRN4231/fruit_picker_ws/src/install/input_interfaces/lib/libinput_interfaces__rosidl_typesupport_fastrtps_c.so
[18.397s] -- Set runtime path of "/home/jacob/MTRN4231/MTRN4231/fruit_picker_ws/src/install/input_interfaces/lib/libinput_interfaces__rosidl_typesupport_fastrtps_c.so" to ""
[18.398s] -- Up-to-date: /home/jacob/MTRN4231/MTRN4231/fruit_picker_ws/src/install/input_interfaces/include/input_interfaces/input_interfaces
[18.398s] -- Up-to-date: /home/jacob/MTRN4231/MTRN4231/fruit_picker_ws/src/install/input_interfaces/include/input_interfaces/input_interfaces/msg
[18.398s] -- Installing: /home/jacob/MTRN4231/MTRN4231/fruit_picker_ws/src/install/input_interfaces/include/input_interfaces/input_interfaces/msg/rosidl_typesupport_introspection_c__visibility_control.h
[18.399s] -- Up-to-date: /home/jacob/MTRN4231/MTRN4231/fruit_picker_ws/src/install/input_interfaces/include/input_interfaces/input_interfaces/action
[18.400s] -- Up-to-date: /home/jacob/MTRN4231/MTRN4231/fruit_picker_ws/src/install/input_interfaces/include/input_interfaces/input_interfaces/action/detail
[18.400s] -- Installing: /home/jacob/MTRN4231/MTRN4231/fruit_picker_ws/src/install/input_interfaces/include/input_interfaces/input_interfaces/action/detail/user_input__rosidl_typesupport_introspection_c.h
[18.400s] -- Installing: /home/jacob/MTRN4231/MTRN4231/fruit_picker_ws/src/install/input_interfaces/include/input_interfaces/input_interfaces/action/detail/user_input__type_support.c
[18.401s] -- Installing: /home/jacob/MTRN4231/MTRN4231/fruit_picker_ws/src/install/input_interfaces/lib/libinput_interfaces__rosidl_typesupport_introspection_c.so
[18.402s] -- Set runtime path of "/home/jacob/MTRN4231/MTRN4231/fruit_picker_ws/src/install/input_interfaces/lib/libinput_interfaces__rosidl_typesupport_introspection_c.so" to ""
[18.403s] -- Installing: /home/jacob/MTRN4231/MTRN4231/fruit_picker_ws/src/install/input_interfaces/lib/libinput_interfaces__rosidl_typesupport_c.so
[18.404s] -- Set runtime path of "/home/jacob/MTRN4231/MTRN4231/fruit_picker_ws/src/install/input_interfaces/lib/libinput_interfaces__rosidl_typesupport_c.so" to ""
[18.405s] -- Up-to-date: /home/jacob/MTRN4231/MTRN4231/fruit_picker_ws/src/install/input_interfaces/include/input_interfaces/input_interfaces
[18.406s] -- Up-to-date: /home/jacob/MTRN4231/MTRN4231/fruit_picker_ws/src/install/input_interfaces/include/input_interfaces/input_interfaces/msg
[18.406s] -- Installing: /home/jacob/MTRN4231/MTRN4231/fruit_picker_ws/src/install/input_interfaces/include/input_interfaces/input_interfaces/msg/rosidl_generator_cpp__visibility_control.hpp
[18.407s] -- Up-to-date: /home/jacob/MTRN4231/MTRN4231/fruit_picker_ws/src/install/input_interfaces/include/input_interfaces/input_interfaces/action
[18.408s] -- Installing: /home/jacob/MTRN4231/MTRN4231/fruit_picker_ws/src/install/input_interfaces/include/input_interfaces/input_interfaces/action/user_input.hpp
[18.408s] -- Up-to-date: /home/jacob/MTRN4231/MTRN4231/fruit_picker_ws/src/install/input_interfaces/include/input_interfaces/input_interfaces/action/detail
[18.409s] -- Installing: /home/jacob/MTRN4231/MTRN4231/fruit_picker_ws/src/install/input_interfaces/include/input_interfaces/input_interfaces/action/detail/user_input__traits.hpp
[18.409s] -- Installing: /home/jacob/MTRN4231/MTRN4231/fruit_picker_ws/src/install/input_interfaces/include/input_interfaces/input_interfaces/action/detail/user_input__struct.hpp
[18.410s] -- Installing: /home/jacob/MTRN4231/MTRN4231/fruit_picker_ws/src/install/input_interfaces/include/input_interfaces/input_interfaces/action/detail/user_input__builder.hpp
[18.410s] -- Installing: /home/jacob/MTRN4231/MTRN4231/fruit_picker_ws/src/install/input_interfaces/include/input_interfaces/input_interfaces/action/detail/user_input__type_support.hpp
[18.411s] -- Up-to-date: /home/jacob/MTRN4231/MTRN4231/fruit_picker_ws/src/install/input_interfaces/include/input_interfaces/input_interfaces
[18.411s] -- Up-to-date: /home/jacob/MTRN4231/MTRN4231/fruit_picker_ws/src/install/input_interfaces/include/input_interfaces/input_interfaces/msg
[18.411s] -- Installing: /home/jacob/MTRN4231/MTRN4231/fruit_picker_ws/src/install/input_interfaces/include/input_interfaces/input_interfaces/msg/rosidl_typesupport_fastrtps_cpp__visibility_control.h
[18.412s] -- Up-to-date: /home/jacob/MTRN4231/MTRN4231/fruit_picker_ws/src/install/input_interfaces/include/input_interfaces/input_interfaces/action
[18.412s] -- Up-to-date: /home/jacob/MTRN4231/MTRN4231/fruit_picker_ws/src/install/input_interfaces/include/input_interfaces/input_interfaces/action/detail
[18.413s] -- Installing: /home/jacob/MTRN4231/MTRN4231/fruit_picker_ws/src/install/input_interfaces/include/input_interfaces/input_interfaces/action/detail/user_input__rosidl_typesupport_fastrtps_cpp.hpp
[18.413s] -- Installing: /home/jacob/MTRN4231/MTRN4231/fruit_picker_ws/src/install/input_interfaces/include/input_interfaces/input_interfaces/action/detail/dds_fastrtps
[18.414s] -- Installing: /home/jacob/MTRN4231/MTRN4231/fruit_picker_ws/src/install/input_interfaces/lib/libinput_interfaces__rosidl_typesupport_fastrtps_cpp.so
[18.416s] -- Set runtime path of "/home/jacob/MTRN4231/MTRN4231/fruit_picker_ws/src/install/input_interfaces/lib/libinput_interfaces__rosidl_typesupport_fastrtps_cpp.so" to ""
[18.416s] -- Up-to-date: /home/jacob/MTRN4231/MTRN4231/fruit_picker_ws/src/install/input_interfaces/include/input_interfaces/input_interfaces
[18.416s] -- Up-to-date: /home/jacob/MTRN4231/MTRN4231/fruit_picker_ws/src/install/input_interfaces/include/input_interfaces/input_interfaces/action
[18.416s] -- Up-to-date: /home/jacob/MTRN4231/MTRN4231/fruit_picker_ws/src/install/input_interfaces/include/input_interfaces/input_interfaces/action/detail
[18.417s] -- Installing: /home/jacob/MTRN4231/MTRN4231/fruit_picker_ws/src/install/input_interfaces/include/input_interfaces/input_interfaces/action/detail/user_input__rosidl_typesupport_introspection_cpp.hpp
[18.417s] -- Installing: /home/jacob/MTRN4231/MTRN4231/fruit_picker_ws/src/install/input_interfaces/include/input_interfaces/input_interfaces/action/detail/user_input__type_support.cpp
[18.418s] -- Installing: /home/jacob/MTRN4231/MTRN4231/fruit_picker_ws/src/install/input_interfaces/lib/libinput_interfaces__rosidl_typesupport_introspection_cpp.so
[18.421s] -- Set runtime path of "/home/jacob/MTRN4231/MTRN4231/fruit_picker_ws/src/install/input_interfaces/lib/libinput_interfaces__rosidl_typesupport_introspection_cpp.so" to ""
[18.421s] -- Installing: /home/jacob/MTRN4231/MTRN4231/fruit_picker_ws/src/install/input_interfaces/lib/libinput_interfaces__rosidl_typesupport_cpp.so
[18.424s] -- Set runtime path of "/home/jacob/MTRN4231/MTRN4231/fruit_picker_ws/src/install/input_interfaces/lib/libinput_interfaces__rosidl_typesupport_cpp.so" to ""
[18.425s] -- Installing: /home/jacob/MTRN4231/MTRN4231/fruit_picker_ws/src/install/input_interfaces/share/input_interfaces/environment/pythonpath.sh
[18.426s] -- Installing: /home/jacob/MTRN4231/MTRN4231/fruit_picker_ws/src/install/input_interfaces/share/input_interfaces/environment/pythonpath.dsv
[18.426s] -- Installing: /home/jacob/MTRN4231/MTRN4231/fruit_picker_ws/src/install/input_interfaces/local/lib/python3.10/dist-packages/input_interfaces-0.0.0-py3.10.egg-info
[18.430s] -- Installing: /home/jacob/MTRN4231/MTRN4231/fruit_picker_ws/src/install/input_interfaces/local/lib/python3.10/dist-packages/input_interfaces-0.0.0-py3.10.egg-info/SOURCES.txt
[18.430s] -- Installing: /home/jacob/MTRN4231/MTRN4231/fruit_picker_ws/src/install/input_interfaces/local/lib/python3.10/dist-packages/input_interfaces-0.0.0-py3.10.egg-info/dependency_links.txt
[18.431s] -- Installing: /home/jacob/MTRN4231/MTRN4231/fruit_picker_ws/src/install/input_interfaces/local/lib/python3.10/dist-packages/input_interfaces-0.0.0-py3.10.egg-info/top_level.txt
[18.432s] -- Installing: /home/jacob/MTRN4231/MTRN4231/fruit_picker_ws/src/install/input_interfaces/local/lib/python3.10/dist-packages/input_interfaces-0.0.0-py3.10.egg-info/PKG-INFO
[18.432s] -- Installing: /home/jacob/MTRN4231/MTRN4231/fruit_picker_ws/src/install/input_interfaces/local/lib/python3.10/dist-packages/input_interfaces
[18.433s] -- Installing: /home/jacob/MTRN4231/MTRN4231/fruit_picker_ws/src/install/input_interfaces/local/lib/python3.10/dist-packages/input_interfaces/libinput_interfaces__rosidl_generator_py.so
[18.433s] -- Installing: /home/jacob/MTRN4231/MTRN4231/fruit_picker_ws/src/install/input_interfaces/local/lib/python3.10/dist-packages/input_interfaces/__init__.py
[18.434s] -- Installing: /home/jacob/MTRN4231/MTRN4231/fruit_picker_ws/src/install/input_interfaces/local/lib/python3.10/dist-packages/input_interfaces/_input_interfaces_s.ep.rosidl_typesupport_fastrtps_c.c
[18.434s] -- Installing: /home/jacob/MTRN4231/MTRN4231/fruit_picker_ws/src/install/input_interfaces/local/lib/python3.10/dist-packages/input_interfaces/input_interfaces_s__rosidl_typesupport_c.cpython-310-x86_64-linux-gnu.so
[18.436s] -- Installing: /home/jacob/MTRN4231/MTRN4231/fruit_picker_ws/src/install/input_interfaces/local/lib/python3.10/dist-packages/input_interfaces/_input_interfaces_s.ep.rosidl_typesupport_introspection_c.c
[18.437s] -- Installing: /home/jacob/MTRN4231/MTRN4231/fruit_picker_ws/src/install/input_interfaces/local/lib/python3.10/dist-packages/input_interfaces/input_interfaces_s__rosidl_typesupport_introspection_c.cpython-310-x86_64-linux-gnu.so
[18.438s] -- Installing: /home/jacob/MTRN4231/MTRN4231/fruit_picker_ws/src/install/input_interfaces/local/lib/python3.10/dist-packages/input_interfaces/action
[18.439s] -- Installing: /home/jacob/MTRN4231/MTRN4231/fruit_picker_ws/src/install/input_interfaces/local/lib/python3.10/dist-packages/input_interfaces/action/__init__.py
[18.439s] -- Installing: /home/jacob/MTRN4231/MTRN4231/fruit_picker_ws/src/install/input_interfaces/local/lib/python3.10/dist-packages/input_interfaces/action/_user_input.py
[18.440s] -- Installing: /home/jacob/MTRN4231/MTRN4231/fruit_picker_ws/src/install/input_interfaces/local/lib/python3.10/dist-packages/input_interfaces/action/_user_input_s.c
[18.441s] -- Installing: /home/jacob/MTRN4231/MTRN4231/fruit_picker_ws/src/install/input_interfaces/local/lib/python3.10/dist-packages/input_interfaces/input_interfaces_s__rosidl_typesupport_fastrtps_c.cpython-310-x86_64-linux-gnu.so
[18.441s] -- Installing: /home/jacob/MTRN4231/MTRN4231/fruit_picker_ws/src/install/input_interfaces/local/lib/python3.10/dist-packages/input_interfaces/_input_interfaces_s.ep.rosidl_typesupport_c.c
[18.587s] Listing '/home/jacob/MTRN4231/MTRN4231/fruit_picker_ws/src/install/input_interfaces/local/lib/python3.10/dist-packages/input_interfaces'...
[18.587s] Compiling '/home/jacob/MTRN4231/MTRN4231/fruit_picker_ws/src/install/input_interfaces/local/lib/python3.10/dist-packages/input_interfaces/__init__.py'...
[18.587s] Listing '/home/jacob/MTRN4231/MTRN4231/fruit_picker_ws/src/install/input_interfaces/local/lib/python3.10/dist-packages/input_interfaces/action'...
[18.587s] Compiling '/home/jacob/MTRN4231/MTRN4231/fruit_picker_ws/src/install/input_interfaces/local/lib/python3.10/dist-packages/input_interfaces/action/__init__.py'...
[18.588s] Compiling '/home/jacob/MTRN4231/MTRN4231/fruit_picker_ws/src/install/input_interfaces/local/lib/python3.10/dist-packages/input_interfaces/action/_user_input.py'...
[18.624s] -- Installing: /home/jacob/MTRN4231/MTRN4231/fruit_picker_ws/src/install/input_interfaces/local/lib/python3.10/dist-packages/input_interfaces/input_interfaces_s__rosidl_typesupport_fastrtps_c.cpython-310-x86_64-linux-gnu.so
[18.626s] -- Set runtime path of "/home/jacob/MTRN4231/MTRN4231/fruit_picker_ws/src/install/input_interfaces/local/lib/python3.10/dist-packages/input_interfaces/input_interfaces_s__rosidl_typesupport_fastrtps_c.cpython-310-x86_64-linux-gnu.so" to ""
[18.626s] -- Installing: /home/jacob/MTRN4231/MTRN4231/fruit_picker_ws/src/install/input_interfaces/local/lib/python3.10/dist-packages/input_interfaces/input_interfaces_s__rosidl_typesupport_introspection_c.cpython-310-x86_64-linux-gnu.so
[18.627s] -- Set runtime path of "/home/jacob/MTRN4231/MTRN4231/fruit_picker_ws/src/install/input_interfaces/local/lib/python3.10/dist-packages/input_interfaces/input_interfaces_s__rosidl_typesupport_introspection_c.cpython-310-x86_64-linux-gnu.so" to ""
[18.628s] -- Installing: /home/jacob/MTRN4231/MTRN4231/fruit_picker_ws/src/install/input_interfaces/local/lib/python3.10/dist-packages/input_interfaces/input_interfaces_s__rosidl_typesupport_c.cpython-310-x86_64-linux-gnu.so
[18.630s] -- Set runtime path of "/home/jacob/MTRN4231/MTRN4231/fruit_picker_ws/src/install/input_interfaces/local/lib/python3.10/dist-packages/input_interfaces/input_interfaces_s__rosidl_typesupport_c.cpython-310-x86_64-linux-gnu.so" to ""
[18.630s] -- Installing: /home/jacob/MTRN4231/MTRN4231/fruit_picker_ws/src/install/input_interfaces/lib/libinput_interfaces__rosidl_generator_py.so
[18.632s] -- Set runtime path of "/home/jacob/MTRN4231/MTRN4231/fruit_picker_ws/src/install/input_interfaces/lib/libinput_interfaces__rosidl_generator_py.so" to ""
[18.634s] -- Installing: /home/jacob/MTRN4231/MTRN4231/fruit_picker_ws/src/install/input_interfaces/share/input_interfaces/action/UserInput.idl
[18.635s] -- Installing: /home/jacob/MTRN4231/MTRN4231/fruit_picker_ws/src/install/input_interfaces/share/input_interfaces/action/UserInput.action
[18.636s] -- Installing: /home/jacob/MTRN4231/MTRN4231/fruit_picker_ws/src/install/input_interfaces/share/ament_index/resource_index/package_run_dependencies/input_interfaces
[18.640s] -- Installing: /home/jacob/MTRN4231/MTRN4231/fruit_picker_ws/src/install/input_interfaces/share/ament_index/resource_index/parent_prefix_path/input_interfaces
[18.640s] -- Installing: /home/jacob/MTRN4231/MTRN4231/fruit_picker_ws/src/install/input_interfaces/share/input_interfaces/environment/ament_prefix_path.sh
[18.641s] -- Installing: /home/jacob/MTRN4231/MTRN4231/fruit_picker_ws/src/install/input_interfaces/share/input_interfaces/environment/ament_prefix_path.dsv
[18.641s] -- Installing: /home/jacob/MTRN4231/MTRN4231/fruit_picker_ws/src/install/input_interfaces/share/input_interfaces/environment/path.sh
[18.642s] -- Installing: /home/jacob/MTRN4231/MTRN4231/fruit_picker_ws/src/install/input_interfaces/share/input_interfaces/environment/path.dsv
[18.642s] -- Installing: /home/jacob/MTRN4231/MTRN4231/fruit_picker_ws/src/install/input_interfaces/share/input_interfaces/local_setup.bash
[18.643s] -- Installing: /home/jacob/MTRN4231/MTRN4231/fruit_picker_ws/src/install/input_interfaces/share/input_interfaces/local_setup.sh
[18.643s] -- Installing: /home/jacob/MTRN4231/MTRN4231/fruit_picker_ws/src/install/input_interfaces/share/input_interfaces/local_setup.zsh
[18.644s] -- Installing: /home/jacob/MTRN4231/MTRN4231/fruit_picker_ws/src/install/input_interfaces/share/input_interfaces/local_setup.dsv
[18.645s] -- Installing: /home/jacob/MTRN4231/MTRN4231/fruit_picker_ws/src/install/input_interfaces/share/input_interfaces/package.dsv
[18.647s] -- Installing: /home/jacob/MTRN4231/MTRN4231/fruit_picker_ws/src/install/input_interfaces/share/ament_index/resource_index/packages/input_interfaces
[18.650s] -- Installing: /home/jacob/MTRN4231/MTRN4231/fruit_picker_ws/src/install/input_interfaces/share/input_interfaces/cmake/export_input_interfaces__rosidl_generator_cExport.cmake
[18.650s] -- Installing: /home/jacob/MTRN4231/MTRN4231/fruit_picker_ws/src/install/input_interfaces/share/input_interfaces/cmake/export_input_interfaces__rosidl_generator_cExport-noconfig.cmake
[18.651s] -- Installing: /home/jacob/MTRN4231/MTRN4231/fruit_picker_ws/src/install/input_interfaces/share/input_interfaces/cmake/export_input_interfaces__rosidl_typesupport_fastrtps_cExport.cmake
[18.652s] -- Installing: /home/jacob/MTRN4231/MTRN4231/fruit_picker_ws/src/install/input_interfaces/share/input_interfaces/cmake/export_input_interfaces__rosidl_typesupport_fastrtps_cExport-noconfig.cmake
[18.653s] -- Installing: /home/jacob/MTRN4231/MTRN4231/fruit_picker_ws/src/install/input_interfaces/share/input_interfaces/cmake/input_interfaces__rosidl_typesupport_introspection_cExport.cmake
[18.653s] -- Installing: /home/jacob/MTRN4231/MTRN4231/fruit_picker_ws/src/install/input_interfaces/share/input_interfaces/cmake/input_interfaces__rosidl_typesupport_introspection_cExport-noconfig.cmake
[18.654s] -- Installing: /home/jacob/MTRN4231/MTRN4231/fruit_picker_ws/src/install/input_interfaces/share/input_interfaces/cmake/input_interfaces__rosidl_typesupport_cExport.cmake
[18.654s] -- Installing: /home/jacob/MTRN4231/MTRN4231/fruit_picker_ws/src/install/input_interfaces/share/input_interfaces/cmake/input_interfaces__rosidl_typesupport_cExport-noconfig.cmake
[18.658s] -- Installing: /home/jacob/MTRN4231/MTRN4231/fruit_picker_ws/src/install/input_interfaces/share/input_interfaces/cmake/export_input_interfaces__rosidl_generator_cppExport.cmake
[18.658s] -- Installing: /home/jacob/MTRN4231/MTRN4231/fruit_picker_ws/src/install/input_interfaces/share/input_interfaces/cmake/export_input_interfaces__rosidl_typesupport_fastrtps_cppExport.cmake
[18.659s] -- Installing: /home/jacob/MTRN4231/MTRN4231/fruit_picker_ws/src/install/input_interfaces/share/input_interfaces/cmake/export_input_interfaces__rosidl_typesupport_fastrtps_cppExport-noconfig.cmake
[18.660s] -- Installing: /home/jacob/MTRN4231/MTRN4231/fruit_picker_ws/src/install/input_interfaces/share/input_interfaces/cmake/input_interfaces__rosidl_typesupport_introspection_cppExport.cmake
[18.660s] -- Installing: /home/jacob/MTRN4231/MTRN4231/fruit_picker_ws/src/install/input_interfaces/share/input_interfaces/cmake/input_interfaces__rosidl_typesupport_introspection_cppExport-noconfig.cmake
[18.661s] -- Installing: /home/jacob/MTRN4231/MTRN4231/fruit_picker_ws/src/install/input_interfaces/share/input_interfaces/cmake/input_interfaces__rosidl_typesupport_cppExport.cmake
[18.662s] -- Installing: /home/jacob/MTRN4231/MTRN4231/fruit_picker_ws/src/install/input_interfaces/share/input_interfaces/cmake/input_interfaces__rosidl_typesupport_cppExport-noconfig.cmake
[18.663s] -- Installing: /home/jacob/MTRN4231/MTRN4231/fruit_picker_ws/src/install/input_interfaces/share/input_interfaces/cmake/export_input_interfaces__rosidl_generator_pyExport.cmake
[18.664s] -- Installing: /home/jacob/MTRN4231/MTRN4231/fruit_picker_ws/src/install/input_interfaces/share/input_interfaces/cmake/export_input_interfaces__rosidl_generator_pyExport-noconfig.cmake
[18.667s] -- Installing: /home/jacob/MTRN4231/MTRN4231/fruit_picker_ws/src/install/input_interfaces/share/input_interfaces/cmake/rosidl_cmake-extras.cmake
[18.667s] -- Installing: /home/jacob/MTRN4231/MTRN4231/fruit_picker_ws/src/install/input_interfaces/share/input_interfaces/cmake/ament_cmake_export_dependencies-extras.cmake
[18.667s] -- Installing: /home/jacob/MTRN4231/MTRN4231/fruit_picker_ws/src/install/input_interfaces/share/input_interfaces/cmake/ament_cmake_export_include_directories-extras.cmake
[18.668s] -- Installing: /home/jacob/MTRN4231/MTRN4231/fruit_picker_ws/src/install/input_interfaces/share/input_interfaces/cmake/ament_cmake_export_libraries-extras.cmake
[18.671s] -- Installing: /home/jacob/MTRN4231/MTRN4231/fruit_picker_ws/src/install/input_interfaces/share/input_interfaces/cmake/ament_cmake_export_targets-extras.cmake
[18.673s] -- Installing: /home/jacob/MTRN4231/MTRN4231/fruit_picker_ws/src/install/input_interfaces/share/input_interfaces/cmake/rosidl_cmake_export_typesupport_targets-extras.cmake
[18.674s] -- Installing: /home/jacob/MTRN4231/MTRN4231/fruit_picker_ws/src/install/input_interfaces/share/input_interfaces/cmake/rosidl_cmake_export_typesupport_libraries-extras.cmake
[18.674s] -- Installing: /home/jacob/MTRN4231/MTRN4231/fruit_picker_ws/src/install/input_interfaces/share/input_interfaces/cmake/input_interfacesConfig.cmake
[18.674s] -- Installing: /home/jacob/MTRN4231/MTRN4231/fruit_picker_ws/src/install/input_interfaces/share/input_interfaces/cmake/input_interfacesConfig-version.cmake
[18.674s] -- Installing: /home/jacob/MTRN4231/MTRN4231/fruit_picker_ws/src/install/input_interfaces/share/input_interfaces/package.xml
[18.682s] Invoked command in '/home/jacob/MTRN4231/MTRN4231/fruit_picker_ws/src/build/input_interfaces' returned '0': CMAKE_PREFIX_PATH=/opt/ros/humble /usr/bin/cmake --install /home/jacob/MTRN4231/MTRN4231/fruit_picker_ws/src/build/input_interfaces
