[0.036s] Invoking command in '/home/jacob/MTRN4231/MTRN4231/fruit_picker_ws/src/build/input_interfaces': CMAKE_PREFIX_PATH=${CMAKE_PREFIX_PATH}:/opt/ros/humble /usr/bin/cmake --build /home/jacob/MTRN4231/MTRN4231/fruit_picker_ws/src/build/input_interfaces -- -j8 -l8
[0.143s] -- Found ament_cmake: 1.3.12 (/opt/ros/humble/share/ament_cmake/cmake)
[0.403s] -- Found rosidl_default_generators: 1.2.0 (/opt/ros/humble/share/rosidl_default_generators/cmake)
[0.411s] -- Using all available rosidl_typesupport_c: rosidl_typesupport_fastrtps_c;rosidl_typesupport_introspection_c
[0.423s] -- Found rosidl_adapter: 3.1.7 (/opt/ros/humble/share/rosidl_adapter/cmake)
[0.756s] -- Using all available rosidl_typesupport_cpp: rosidl_typesupport_fastrtps_cpp;rosidl_typesupport_introspection_cpp
[1.341s] -- Found ament_cmake_ros: 0.10.0 (/opt/ros/humble/share/ament_cmake_ros/cmake)
[1.662s] -- Using all available rosidl_typesupport_c: rosidl_typesupport_fastrtps_c;rosidl_typesupport_introspection_c
[2.141s] -- Using all available rosidl_typesupport_cpp: rosidl_typesupport_fastrtps_cpp;rosidl_typesupport_introspection_cpp
[2.185s] -- Found python_cmake_module: 0.10.0 (/opt/ros/humble/share/python_cmake_module/cmake)
[2.230s] -- Using PYTHON_EXECUTABLE: /usr/bin/python3
[2.230s] -- Using PYTHON_INCLUDE_DIRS: /usr/include/python3.10
[2.230s] -- Using PYTHON_LIBRARIES: /usr/lib/x86_64-linux-gnu/libpython3.10.so
[2.264s] -- Found ament_lint_auto: 0.12.14 (/opt/ros/humble/share/ament_lint_auto/cmake)
[2.315s] -- Added test 'lint_cmake' to check CMake code style
[2.318s] -- Added test 'xmllint' to check XML markup files
[2.332s] -- Configuring done
[2.453s] -- Generating done
[2.476s] -- Build files have been written to: /home/jacob/MTRN4231/MTRN4231/fruit_picker_ws/src/build/input_interfaces
[2.531s] [35m[1mConsolidate compiler generated dependencies of target input_interfaces__rosidl_generator_c[0m
[2.551s] [  3%] Built target input_interfaces__cpp
[2.558s] [ 12%] Built target input_interfaces__rosidl_generator_c
[2.578s] [35m[1mConsolidate compiler generated dependencies of target input_interfaces__rosidl_typesupport_cpp[0m
[2.579s] [35m[1mConsolidate compiler generated dependencies of target input_interfaces__rosidl_typesupport_fastrtps_cpp[0m
[2.583s] [35m[1mConsolidate compiler generated dependencies of target input_interfaces__rosidl_typesupport_introspection_cpp[0m
[2.585s] [35m[1mConsolidate compiler generated dependencies of target input_interfaces__rosidl_typesupport_introspection_c[0m
[2.585s] [35m[1mConsolidate compiler generated dependencies of target input_interfaces__rosidl_typesupport_fastrtps_c[0m
[2.587s] [35m[1mConsolidate compiler generated dependencies of target input_interfaces__rosidl_typesupport_c[0m
[2.595s] [ 12%] Built target ament_cmake_python_copy_input_interfaces
[2.612s] [ 22%] Built target input_interfaces__rosidl_typesupport_fastrtps_cpp
[2.614s] [ 32%] Built target input_interfaces__rosidl_typesupport_introspection_c
[2.615s] [ 58%] Built target input_interfaces__rosidl_typesupport_introspection_cpp
[2.616s] [ 58%] Built target input_interfaces__rosidl_typesupport_fastrtps_c
[2.616s] [ 61%] Built target input_interfaces__rosidl_typesupport_cpp
[2.620s] [ 70%] Built target input_interfaces__rosidl_typesupport_c
[2.665s] [ 70%] Built target input_interfaces
[2.705s] [ 74%] Built target input_interfaces__py
[2.730s] [35m[1mConsolidate compiler generated dependencies of target input_interfaces__rosidl_generator_py[0m
[2.760s] [ 80%] Built target input_interfaces__rosidl_generator_py
[2.785s] [35m[1mConsolidate compiler generated dependencies of target input_interfaces__rosidl_typesupport_c__pyext[0m
[2.786s] [35m[1mConsolidate compiler generated dependencies of target input_interfaces__rosidl_typesupport_fastrtps_c__pyext[0m
[2.789s] [35m[1mConsolidate compiler generated dependencies of target input_interfaces__rosidl_typesupport_introspection_c__pyext[0m
[2.816s] [ 87%] Built target input_interfaces__rosidl_typesupport_fastrtps_c__pyext
[2.817s] [ 93%] Built target input_interfaces__rosidl_typesupport_c__pyext
[2.821s] [100%] Built target input_interfaces__rosidl_typesupport_introspection_c__pyext
[3.223s] running egg_info
[3.227s] writing input_interfaces.egg-info/PKG-INFO
[3.229s] writing dependency_links to input_interfaces.egg-info/dependency_links.txt
[3.230s] writing top-level names to input_interfaces.egg-info/top_level.txt
[3.238s] reading manifest file 'input_interfaces.egg-info/SOURCES.txt'
[3.240s] writing manifest file 'input_interfaces.egg-info/SOURCES.txt'
[3.306s] [100%] Built target ament_cmake_python_build_input_interfaces_egg
[3.329s] Invoked command in '/home/jacob/MTRN4231/MTRN4231/fruit_picker_ws/src/build/input_interfaces' returned '0': CMAKE_PREFIX_PATH=${CMAKE_PREFIX_PATH}:/opt/ros/humble /usr/bin/cmake --build /home/jacob/MTRN4231/MTRN4231/fruit_picker_ws/src/build/input_interfaces -- -j8 -l8
[3.349s] Invoking command in '/home/jacob/MTRN4231/MTRN4231/fruit_picker_ws/src/build/input_interfaces': CMAKE_PREFIX_PATH=${CMAKE_PREFIX_PATH}:/opt/ros/humble /usr/bin/cmake --install /home/jacob/MTRN4231/MTRN4231/fruit_picker_ws/src/build/input_interfaces
[3.362s] -- Install configuration: ""
[3.362s] -- Up-to-date: /home/jacob/MTRN4231/MTRN4231/fruit_picker_ws/src/install/input_interfaces/share/ament_index/resource_index/rosidl_interfaces/input_interfaces
[3.363s] -- Up-to-date: /home/jacob/MTRN4231/MTRN4231/fruit_picker_ws/src/install/input_interfaces/include/input_interfaces/input_interfaces
[3.363s] -- Up-to-date: /home/jacob/MTRN4231/MTRN4231/fruit_picker_ws/src/install/input_interfaces/include/input_interfaces/input_interfaces/msg
[3.363s] -- Up-to-date: /home/jacob/MTRN4231/MTRN4231/fruit_picker_ws/src/install/input_interfaces/include/input_interfaces/input_interfaces/msg/rosidl_generator_c__visibility_control.h
[3.363s] -- Up-to-date: /home/jacob/MTRN4231/MTRN4231/fruit_picker_ws/src/install/input_interfaces/include/input_interfaces/input_interfaces/action
[3.363s] -- Up-to-date: /home/jacob/MTRN4231/MTRN4231/fruit_picker_ws/src/install/input_interfaces/include/input_interfaces/input_interfaces/action/user_input.h
[3.363s] -- Up-to-date: /home/jacob/MTRN4231/MTRN4231/fruit_picker_ws/src/install/input_interfaces/include/input_interfaces/input_interfaces/action/detail
[3.364s] -- Up-to-date: /home/jacob/MTRN4231/MTRN4231/fruit_picker_ws/src/install/input_interfaces/include/input_interfaces/input_interfaces/action/detail/user_input__struct.h
[3.364s] -- Up-to-date: /home/jacob/MTRN4231/MTRN4231/fruit_picker_ws/src/install/input_interfaces/include/input_interfaces/input_interfaces/action/detail/user_input__functions.c
[3.364s] -- Up-to-date: /home/jacob/MTRN4231/MTRN4231/fruit_picker_ws/src/install/input_interfaces/include/input_interfaces/input_interfaces/action/detail/user_input__type_support.h
[3.364s] -- Up-to-date: /home/jacob/MTRN4231/MTRN4231/fruit_picker_ws/src/install/input_interfaces/include/input_interfaces/input_interfaces/action/detail/user_input__functions.h
[3.364s] -- Up-to-date: /home/jacob/MTRN4231/MTRN4231/fruit_picker_ws/src/install/input_interfaces/share/input_interfaces/environment/library_path.sh
[3.364s] -- Installing: /home/jacob/MTRN4231/MTRN4231/fruit_picker_ws/src/install/input_interfaces/share/input_interfaces/environment/library_path.dsv
[3.365s] -- Up-to-date: /home/jacob/MTRN4231/MTRN4231/fruit_picker_ws/src/install/input_interfaces/lib/libinput_interfaces__rosidl_generator_c.so
[3.366s] -- Up-to-date: /home/jacob/MTRN4231/MTRN4231/fruit_picker_ws/src/install/input_interfaces/include/input_interfaces/input_interfaces
[3.366s] -- Up-to-date: /home/jacob/MTRN4231/MTRN4231/fruit_picker_ws/src/install/input_interfaces/include/input_interfaces/input_interfaces/msg
[3.367s] -- Up-to-date: /home/jacob/MTRN4231/MTRN4231/fruit_picker_ws/src/install/input_interfaces/include/input_interfaces/input_interfaces/msg/rosidl_typesupport_fastrtps_c__visibility_control.h
[3.367s] -- Up-to-date: /home/jacob/MTRN4231/MTRN4231/fruit_picker_ws/src/install/input_interfaces/include/input_interfaces/input_interfaces/action
[3.367s] -- Up-to-date: /home/jacob/MTRN4231/MTRN4231/fruit_picker_ws/src/install/input_interfaces/include/input_interfaces/input_interfaces/action/detail
[3.367s] -- Up-to-date: /home/jacob/MTRN4231/MTRN4231/fruit_picker_ws/src/install/input_interfaces/include/input_interfaces/input_interfaces/action/detail/user_input__rosidl_typesupport_fastrtps_c.h
[3.368s] -- Up-to-date: /home/jacob/MTRN4231/MTRN4231/fruit_picker_ws/src/install/input_interfaces/lib/libinput_interfaces__rosidl_typesupport_fastrtps_c.so
[3.369s] -- Up-to-date: /home/jacob/MTRN4231/MTRN4231/fruit_picker_ws/src/install/input_interfaces/include/input_interfaces/input_interfaces
[3.369s] -- Up-to-date: /home/jacob/MTRN4231/MTRN4231/fruit_picker_ws/src/install/input_interfaces/include/input_interfaces/input_interfaces/msg
[3.370s] -- Up-to-date: /home/jacob/MTRN4231/MTRN4231/fruit_picker_ws/src/install/input_interfaces/include/input_interfaces/input_interfaces/msg/rosidl_typesupport_introspection_c__visibility_control.h
[3.370s] -- Up-to-date: /home/jacob/MTRN4231/MTRN4231/fruit_picker_ws/src/install/input_interfaces/include/input_interfaces/input_interfaces/action
[3.371s] -- Up-to-date: /home/jacob/MTRN4231/MTRN4231/fruit_picker_ws/src/install/input_interfaces/include/input_interfaces/input_interfaces/action/detail
[3.371s] -- Up-to-date: /home/jacob/MTRN4231/MTRN4231/fruit_picker_ws/src/install/input_interfaces/include/input_interfaces/input_interfaces/action/detail/user_input__rosidl_typesupport_introspection_c.h
[3.372s] -- Up-to-date: /home/jacob/MTRN4231/MTRN4231/fruit_picker_ws/src/install/input_interfaces/include/input_interfaces/input_interfaces/action/detail/user_input__type_support.c
[3.372s] -- Up-to-date: /home/jacob/MTRN4231/MTRN4231/fruit_picker_ws/src/install/input_interfaces/lib/libinput_interfaces__rosidl_typesupport_introspection_c.so
[3.374s] -- Up-to-date: /home/jacob/MTRN4231/MTRN4231/fruit_picker_ws/src/install/input_interfaces/lib/libinput_interfaces__rosidl_typesupport_c.so
[3.375s] -- Up-to-date: /home/jacob/MTRN4231/MTRN4231/fruit_picker_ws/src/install/input_interfaces/include/input_interfaces/input_interfaces
[3.375s] -- Up-to-date: /home/jacob/MTRN4231/MTRN4231/fruit_picker_ws/src/install/input_interfaces/include/input_interfaces/input_interfaces/msg
[3.376s] -- Up-to-date: /home/jacob/MTRN4231/MTRN4231/fruit_picker_ws/src/install/input_interfaces/include/input_interfaces/input_interfaces/msg/rosidl_generator_cpp__visibility_control.hpp
[3.377s] -- Up-to-date: /home/jacob/MTRN4231/MTRN4231/fruit_picker_ws/src/install/input_interfaces/include/input_interfaces/input_interfaces/action
[3.377s] -- Up-to-date: /home/jacob/MTRN4231/MTRN4231/fruit_picker_ws/src/install/input_interfaces/include/input_interfaces/input_interfaces/action/user_input.hpp
[3.377s] -- Up-to-date: /home/jacob/MTRN4231/MTRN4231/fruit_picker_ws/src/install/input_interfaces/include/input_interfaces/input_interfaces/action/detail
[3.377s] -- Up-to-date: /home/jacob/MTRN4231/MTRN4231/fruit_picker_ws/src/install/input_interfaces/include/input_interfaces/input_interfaces/action/detail/user_input__traits.hpp
[3.377s] -- Up-to-date: /home/jacob/MTRN4231/MTRN4231/fruit_picker_ws/src/install/input_interfaces/include/input_interfaces/input_interfaces/action/detail/user_input__struct.hpp
[3.378s] -- Up-to-date: /home/jacob/MTRN4231/MTRN4231/fruit_picker_ws/src/install/input_interfaces/include/input_interfaces/input_interfaces/action/detail/user_input__builder.hpp
[3.378s] -- Up-to-date: /home/jacob/MTRN4231/MTRN4231/fruit_picker_ws/src/install/input_interfaces/include/input_interfaces/input_interfaces/action/detail/user_input__type_support.hpp
[3.378s] -- Up-to-date: /home/jacob/MTRN4231/MTRN4231/fruit_picker_ws/src/install/input_interfaces/include/input_interfaces/input_interfaces
[3.378s] -- Up-to-date: /home/jacob/MTRN4231/MTRN4231/fruit_picker_ws/src/install/input_interfaces/include/input_interfaces/input_interfaces/msg
[3.379s] -- Up-to-date: /home/jacob/MTRN4231/MTRN4231/fruit_picker_ws/src/install/input_interfaces/include/input_interfaces/input_interfaces/msg/rosidl_typesupport_fastrtps_cpp__visibility_control.h
[3.379s] -- Up-to-date: /home/jacob/MTRN4231/MTRN4231/fruit_picker_ws/src/install/input_interfaces/include/input_interfaces/input_interfaces/action
[3.380s] -- Up-to-date: /home/jacob/MTRN4231/MTRN4231/fruit_picker_ws/src/install/input_interfaces/include/input_interfaces/input_interfaces/action/detail
[3.380s] -- Up-to-date: /home/jacob/MTRN4231/MTRN4231/fruit_picker_ws/src/install/input_interfaces/include/input_interfaces/input_interfaces/action/detail/user_input__rosidl_typesupport_fastrtps_cpp.hpp
[3.380s] -- Up-to-date: /home/jacob/MTRN4231/MTRN4231/fruit_picker_ws/src/install/input_interfaces/include/input_interfaces/input_interfaces/action/detail/dds_fastrtps
[3.381s] -- Up-to-date: /home/jacob/MTRN4231/MTRN4231/fruit_picker_ws/src/install/input_interfaces/lib/libinput_interfaces__rosidl_typesupport_fastrtps_cpp.so
[3.381s] -- Up-to-date: /home/jacob/MTRN4231/MTRN4231/fruit_picker_ws/src/install/input_interfaces/include/input_interfaces/input_interfaces
[3.381s] -- Up-to-date: /home/jacob/MTRN4231/MTRN4231/fruit_picker_ws/src/install/input_interfaces/include/input_interfaces/input_interfaces/action
[3.382s] -- Up-to-date: /home/jacob/MTRN4231/MTRN4231/fruit_picker_ws/src/install/input_interfaces/include/input_interfaces/input_interfaces/action/detail
[3.382s] -- Up-to-date: /home/jacob/MTRN4231/MTRN4231/fruit_picker_ws/src/install/input_interfaces/include/input_interfaces/input_interfaces/action/detail/user_input__rosidl_typesupport_introspection_cpp.hpp
[3.382s] -- Up-to-date: /home/jacob/MTRN4231/MTRN4231/fruit_picker_ws/src/install/input_interfaces/include/input_interfaces/input_interfaces/action/detail/user_input__type_support.cpp
[3.382s] -- Up-to-date: /home/jacob/MTRN4231/MTRN4231/fruit_picker_ws/src/install/input_interfaces/lib/libinput_interfaces__rosidl_typesupport_introspection_cpp.so
[3.384s] -- Up-to-date: /home/jacob/MTRN4231/MTRN4231/fruit_picker_ws/src/install/input_interfaces/lib/libinput_interfaces__rosidl_typesupport_cpp.so
[3.384s] -- Up-to-date: /home/jacob/MTRN4231/MTRN4231/fruit_picker_ws/src/install/input_interfaces/share/input_interfaces/environment/pythonpath.sh
[3.385s] -- Installing: /home/jacob/MTRN4231/MTRN4231/fruit_picker_ws/src/install/input_interfaces/share/input_interfaces/environment/pythonpath.dsv
[3.385s] -- Up-to-date: /home/jacob/MTRN4231/MTRN4231/fruit_picker_ws/src/install/input_interfaces/local/lib/python3.10/dist-packages/input_interfaces-0.0.0-py3.10.egg-info
[3.385s] -- Installing: /home/jacob/MTRN4231/MTRN4231/fruit_picker_ws/src/install/input_interfaces/local/lib/python3.10/dist-packages/input_interfaces-0.0.0-py3.10.egg-info/SOURCES.txt
[3.386s] -- Installing: /home/jacob/MTRN4231/MTRN4231/fruit_picker_ws/src/install/input_interfaces/local/lib/python3.10/dist-packages/input_interfaces-0.0.0-py3.10.egg-info/dependency_links.txt
[3.386s] -- Installing: /home/jacob/MTRN4231/MTRN4231/fruit_picker_ws/src/install/input_interfaces/local/lib/python3.10/dist-packages/input_interfaces-0.0.0-py3.10.egg-info/top_level.txt
[3.386s] -- Installing: /home/jacob/MTRN4231/MTRN4231/fruit_picker_ws/src/install/input_interfaces/local/lib/python3.10/dist-packages/input_interfaces-0.0.0-py3.10.egg-info/PKG-INFO
[3.387s] -- Up-to-date: /home/jacob/MTRN4231/MTRN4231/fruit_picker_ws/src/install/input_interfaces/local/lib/python3.10/dist-packages/input_interfaces
[3.387s] -- Up-to-date: /home/jacob/MTRN4231/MTRN4231/fruit_picker_ws/src/install/input_interfaces/local/lib/python3.10/dist-packages/input_interfaces/libinput_interfaces__rosidl_generator_py.so
[3.388s] -- Installing: /home/jacob/MTRN4231/MTRN4231/fruit_picker_ws/src/install/input_interfaces/local/lib/python3.10/dist-packages/input_interfaces/__init__.py
[3.388s] -- Up-to-date: /home/jacob/MTRN4231/MTRN4231/fruit_picker_ws/src/install/input_interfaces/local/lib/python3.10/dist-packages/input_interfaces/_input_interfaces_s.ep.rosidl_typesupport_fastrtps_c.c
[3.388s] -- Up-to-date: /home/jacob/MTRN4231/MTRN4231/fruit_picker_ws/src/install/input_interfaces/local/lib/python3.10/dist-packages/input_interfaces/input_interfaces_s__rosidl_typesupport_c.cpython-310-x86_64-linux-gnu.so
[3.389s] -- Up-to-date: /home/jacob/MTRN4231/MTRN4231/fruit_picker_ws/src/install/input_interfaces/local/lib/python3.10/dist-packages/input_interfaces/_input_interfaces_s.ep.rosidl_typesupport_introspection_c.c
[3.389s] -- Up-to-date: /home/jacob/MTRN4231/MTRN4231/fruit_picker_ws/src/install/input_interfaces/local/lib/python3.10/dist-packages/input_interfaces/input_interfaces_s__rosidl_typesupport_introspection_c.cpython-310-x86_64-linux-gnu.so
[3.389s] -- Up-to-date: /home/jacob/MTRN4231/MTRN4231/fruit_picker_ws/src/install/input_interfaces/local/lib/python3.10/dist-packages/input_interfaces/action
[3.390s] -- Up-to-date: /home/jacob/MTRN4231/MTRN4231/fruit_picker_ws/src/install/input_interfaces/local/lib/python3.10/dist-packages/input_interfaces/action/__init__.py
[3.390s] -- Up-to-date: /home/jacob/MTRN4231/MTRN4231/fruit_picker_ws/src/install/input_interfaces/local/lib/python3.10/dist-packages/input_interfaces/action/_user_input.py
[3.390s] -- Up-to-date: /home/jacob/MTRN4231/MTRN4231/fruit_picker_ws/src/install/input_interfaces/local/lib/python3.10/dist-packages/input_interfaces/action/_user_input_s.c
[3.390s] -- Up-to-date: /home/jacob/MTRN4231/MTRN4231/fruit_picker_ws/src/install/input_interfaces/local/lib/python3.10/dist-packages/input_interfaces/input_interfaces_s__rosidl_typesupport_fastrtps_c.cpython-310-x86_64-linux-gnu.so
[3.390s] -- Up-to-date: /home/jacob/MTRN4231/MTRN4231/fruit_picker_ws/src/install/input_interfaces/local/lib/python3.10/dist-packages/input_interfaces/_input_interfaces_s.ep.rosidl_typesupport_c.c
[3.459s] Listing '/home/jacob/MTRN4231/MTRN4231/fruit_picker_ws/src/install/input_interfaces/local/lib/python3.10/dist-packages/input_interfaces'...
[3.459s] Compiling '/home/jacob/MTRN4231/MTRN4231/fruit_picker_ws/src/install/input_interfaces/local/lib/python3.10/dist-packages/input_interfaces/__init__.py'...
[3.459s] Listing '/home/jacob/MTRN4231/MTRN4231/fruit_picker_ws/src/install/input_interfaces/local/lib/python3.10/dist-packages/input_interfaces/action'...
[3.470s] -- Up-to-date: /home/jacob/MTRN4231/MTRN4231/fruit_picker_ws/src/install/input_interfaces/local/lib/python3.10/dist-packages/input_interfaces/input_interfaces_s__rosidl_typesupport_fastrtps_c.cpython-310-x86_64-linux-gnu.so
[3.472s] -- Up-to-date: /home/jacob/MTRN4231/MTRN4231/fruit_picker_ws/src/install/input_interfaces/local/lib/python3.10/dist-packages/input_interfaces/input_interfaces_s__rosidl_typesupport_introspection_c.cpython-310-x86_64-linux-gnu.so
[3.473s] -- Up-to-date: /home/jacob/MTRN4231/MTRN4231/fruit_picker_ws/src/install/input_interfaces/local/lib/python3.10/dist-packages/input_interfaces/input_interfaces_s__rosidl_typesupport_c.cpython-310-x86_64-linux-gnu.so
[3.475s] -- Up-to-date: /home/jacob/MTRN4231/MTRN4231/fruit_picker_ws/src/install/input_interfaces/lib/libinput_interfaces__rosidl_generator_py.so
[3.476s] -- Up-to-date: /home/jacob/MTRN4231/MTRN4231/fruit_picker_ws/src/install/input_interfaces/share/input_interfaces/action/UserInput.idl
[3.476s] -- Installing: /home/jacob/MTRN4231/MTRN4231/fruit_picker_ws/src/install/input_interfaces/share/input_interfaces/action/UserInput.action
[3.477s] -- Up-to-date: /home/jacob/MTRN4231/MTRN4231/fruit_picker_ws/src/install/input_interfaces/share/ament_index/resource_index/package_run_dependencies/input_interfaces
[3.477s] -- Installing: /home/jacob/MTRN4231/MTRN4231/fruit_picker_ws/src/install/input_interfaces/share/ament_index/resource_index/parent_prefix_path/input_interfaces
[3.478s] -- Up-to-date: /home/jacob/MTRN4231/MTRN4231/fruit_picker_ws/src/install/input_interfaces/share/input_interfaces/environment/ament_prefix_path.sh
[3.478s] -- Installing: /home/jacob/MTRN4231/MTRN4231/fruit_picker_ws/src/install/input_interfaces/share/input_interfaces/environment/ament_prefix_path.dsv
[3.479s] -- Up-to-date: /home/jacob/MTRN4231/MTRN4231/fruit_picker_ws/src/install/input_interfaces/share/input_interfaces/environment/path.sh
[3.479s] -- Installing: /home/jacob/MTRN4231/MTRN4231/fruit_picker_ws/src/install/input_interfaces/share/input_interfaces/environment/path.dsv
[3.479s] -- Up-to-date: /home/jacob/MTRN4231/MTRN4231/fruit_picker_ws/src/install/input_interfaces/share/input_interfaces/local_setup.bash
[3.480s] -- Up-to-date: /home/jacob/MTRN4231/MTRN4231/fruit_picker_ws/src/install/input_interfaces/share/input_interfaces/local_setup.sh
[3.480s] -- Up-to-date: /home/jacob/MTRN4231/MTRN4231/fruit_picker_ws/src/install/input_interfaces/share/input_interfaces/local_setup.zsh
[3.481s] -- Installing: /home/jacob/MTRN4231/MTRN4231/fruit_picker_ws/src/install/input_interfaces/share/input_interfaces/local_setup.dsv
[3.481s] -- Installing: /home/jacob/MTRN4231/MTRN4231/fruit_picker_ws/src/install/input_interfaces/share/input_interfaces/package.dsv
[3.481s] -- Up-to-date: /home/jacob/MTRN4231/MTRN4231/fruit_picker_ws/src/install/input_interfaces/share/ament_index/resource_index/packages/input_interfaces
[3.481s] -- Up-to-date: /home/jacob/MTRN4231/MTRN4231/fruit_picker_ws/src/install/input_interfaces/share/input_interfaces/cmake/export_input_interfaces__rosidl_generator_cExport.cmake
[3.481s] -- Up-to-date: /home/jacob/MTRN4231/MTRN4231/fruit_picker_ws/src/install/input_interfaces/share/input_interfaces/cmake/export_input_interfaces__rosidl_generator_cExport-noconfig.cmake
[3.482s] -- Up-to-date: /home/jacob/MTRN4231/MTRN4231/fruit_picker_ws/src/install/input_interfaces/share/input_interfaces/cmake/export_input_interfaces__rosidl_typesupport_fastrtps_cExport.cmake
[3.483s] -- Up-to-date: /home/jacob/MTRN4231/MTRN4231/fruit_picker_ws/src/install/input_interfaces/share/input_interfaces/cmake/export_input_interfaces__rosidl_typesupport_fastrtps_cExport-noconfig.cmake
[3.483s] -- Up-to-date: /home/jacob/MTRN4231/MTRN4231/fruit_picker_ws/src/install/input_interfaces/share/input_interfaces/cmake/input_interfaces__rosidl_typesupport_introspection_cExport.cmake
[3.483s] -- Up-to-date: /home/jacob/MTRN4231/MTRN4231/fruit_picker_ws/src/install/input_interfaces/share/input_interfaces/cmake/input_interfaces__rosidl_typesupport_introspection_cExport-noconfig.cmake
[3.484s] -- Up-to-date: /home/jacob/MTRN4231/MTRN4231/fruit_picker_ws/src/install/input_interfaces/share/input_interfaces/cmake/input_interfaces__rosidl_typesupport_cExport.cmake
[3.485s] -- Up-to-date: /home/jacob/MTRN4231/MTRN4231/fruit_picker_ws/src/install/input_interfaces/share/input_interfaces/cmake/input_interfaces__rosidl_typesupport_cExport-noconfig.cmake
[3.485s] -- Up-to-date: /home/jacob/MTRN4231/MTRN4231/fruit_picker_ws/src/install/input_interfaces/share/input_interfaces/cmake/export_input_interfaces__rosidl_generator_cppExport.cmake
[3.486s] -- Up-to-date: /home/jacob/MTRN4231/MTRN4231/fruit_picker_ws/src/install/input_interfaces/share/input_interfaces/cmake/export_input_interfaces__rosidl_typesupport_fastrtps_cppExport.cmake
[3.486s] -- Up-to-date: /home/jacob/MTRN4231/MTRN4231/fruit_picker_ws/src/install/input_interfaces/share/input_interfaces/cmake/export_input_interfaces__rosidl_typesupport_fastrtps_cppExport-noconfig.cmake
[3.487s] -- Up-to-date: /home/jacob/MTRN4231/MTRN4231/fruit_picker_ws/src/install/input_interfaces/share/input_interfaces/cmake/input_interfaces__rosidl_typesupport_introspection_cppExport.cmake
[3.487s] -- Up-to-date: /home/jacob/MTRN4231/MTRN4231/fruit_picker_ws/src/install/input_interfaces/share/input_interfaces/cmake/input_interfaces__rosidl_typesupport_introspection_cppExport-noconfig.cmake
[3.488s] -- Up-to-date: /home/jacob/MTRN4231/MTRN4231/fruit_picker_ws/src/install/input_interfaces/share/input_interfaces/cmake/input_interfaces__rosidl_typesupport_cppExport.cmake
[3.488s] -- Up-to-date: /home/jacob/MTRN4231/MTRN4231/fruit_picker_ws/src/install/input_interfaces/share/input_interfaces/cmake/input_interfaces__rosidl_typesupport_cppExport-noconfig.cmake
[3.489s] -- Up-to-date: /home/jacob/MTRN4231/MTRN4231/fruit_picker_ws/src/install/input_interfaces/share/input_interfaces/cmake/export_input_interfaces__rosidl_generator_pyExport.cmake
[3.490s] -- Up-to-date: /home/jacob/MTRN4231/MTRN4231/fruit_picker_ws/src/install/input_interfaces/share/input_interfaces/cmake/export_input_interfaces__rosidl_generator_pyExport-noconfig.cmake
[3.490s] -- Up-to-date: /home/jacob/MTRN4231/MTRN4231/fruit_picker_ws/src/install/input_interfaces/share/input_interfaces/cmake/rosidl_cmake-extras.cmake
[3.491s] -- Up-to-date: /home/jacob/MTRN4231/MTRN4231/fruit_picker_ws/src/install/input_interfaces/share/input_interfaces/cmake/ament_cmake_export_dependencies-extras.cmake
[3.491s] -- Up-to-date: /home/jacob/MTRN4231/MTRN4231/fruit_picker_ws/src/install/input_interfaces/share/input_interfaces/cmake/ament_cmake_export_include_directories-extras.cmake
[3.491s] -- Up-to-date: /home/jacob/MTRN4231/MTRN4231/fruit_picker_ws/src/install/input_interfaces/share/input_interfaces/cmake/ament_cmake_export_libraries-extras.cmake
[3.492s] -- Up-to-date: /home/jacob/MTRN4231/MTRN4231/fruit_picker_ws/src/install/input_interfaces/share/input_interfaces/cmake/ament_cmake_export_targets-extras.cmake
[3.492s] -- Up-to-date: /home/jacob/MTRN4231/MTRN4231/fruit_picker_ws/src/install/input_interfaces/share/input_interfaces/cmake/rosidl_cmake_export_typesupport_targets-extras.cmake
[3.492s] -- Up-to-date: /home/jacob/MTRN4231/MTRN4231/fruit_picker_ws/src/install/input_interfaces/share/input_interfaces/cmake/rosidl_cmake_export_typesupport_libraries-extras.cmake
[3.492s] -- Up-to-date: /home/jacob/MTRN4231/MTRN4231/fruit_picker_ws/src/install/input_interfaces/share/input_interfaces/cmake/input_interfacesConfig.cmake
[3.492s] -- Up-to-date: /home/jacob/MTRN4231/MTRN4231/fruit_picker_ws/src/install/input_interfaces/share/input_interfaces/cmake/input_interfacesConfig-version.cmake
[3.493s] -- Up-to-date: /home/jacob/MTRN4231/MTRN4231/fruit_picker_ws/src/install/input_interfaces/share/input_interfaces/package.xml
[3.495s] Invoked command in '/home/jacob/MTRN4231/MTRN4231/fruit_picker_ws/src/build/input_interfaces' returned '0': CMAKE_PREFIX_PATH=${CMAKE_PREFIX_PATH}:/opt/ros/humble /usr/bin/cmake --install /home/jacob/MTRN4231/MTRN4231/fruit_picker_ws/src/build/input_interfaces
