[0.407s] DEBUG:colcon:Command line arguments: ['/usr/bin/colcon', 'build']
[0.408s] DEBUG:colcon:Parsed command line arguments: Namespace(log_base=None, log_level=None, verb_name='build', build_base='build', install_base='install', merge_install=False, symlink_install=False, test_result_base=None, continue_on_error=False, executor='parallel', parallel_workers=8, event_handlers=None, ignore_user_meta=False, metas=['./colcon.meta'], base_paths=['.'], packages_ignore=None, packages_ignore_regex=None, paths=None, packages_up_to=None, packages_up_to_regex=None, packages_above=None, packages_above_and_dependencies=None, packages_above_depth=None, packages_select_by_dep=None, packages_skip_by_dep=None, packages_skip_up_to=None, packages_select_build_failed=False, packages_skip_build_finished=False, packages_select_test_failures=False, packages_skip_test_passed=False, packages_select=None, packages_skip=None, packages_select_regex=None, packages_skip_regex=None, packages_start=None, packages_end=None, allow_overriding=[], cmake_args=None, cmake_target=None, cmake_target_skip_unavailable=False, cmake_clean_cache=False, cmake_clean_first=False, cmake_force_configure=False, ament_cmake_args=None, catkin_cmake_args=None, catkin_skip_building_tests=False, mixin_files=None, mixin=None, verb_parser=<colcon_mixin.mixin.mixin_argument.MixinArgumentDecorator object at 0x77c55f8635e0>, verb_extension=<colcon_core.verb.build.BuildVerb object at 0x77c55f862c20>, main=<bound method BuildVerb.main of <colcon_core.verb.build.BuildVerb object at 0x77c55f862c20>>, mixin_verb=('build',))
[0.821s] Level 1:colcon.colcon_core.package_discovery:discover_packages(colcon_meta) check parameters
[0.821s] Level 1:colcon.colcon_core.package_discovery:discover_packages(recursive) check parameters
[0.821s] Level 1:colcon.colcon_core.package_discovery:discover_packages(ignore) check parameters
[0.821s] Level 1:colcon.colcon_core.package_discovery:discover_packages(path) check parameters
[0.821s] Level 1:colcon.colcon_core.package_discovery:discover_packages(colcon_meta) discover
[0.821s] Level 1:colcon.colcon_core.package_discovery:discover_packages(recursive) discover
[0.821s] INFO:colcon.colcon_core.package_discovery:Crawling recursively for packages in '/home/jacob/MTRN4231/MTRN4231/fruit_picker_ws'
[0.822s] Level 1:colcon.colcon_core.package_identification:_identify(.) by extensions ['ignore', 'ignore_ament_install']
[0.822s] Level 1:colcon.colcon_core.package_identification:_identify(.) by extension 'ignore'
[0.822s] Level 1:colcon.colcon_core.package_identification:_identify(.) by extension 'ignore_ament_install'
[0.822s] Level 1:colcon.colcon_core.package_identification:_identify(.) by extensions ['colcon_pkg']
[0.822s] Level 1:colcon.colcon_core.package_identification:_identify(.) by extension 'colcon_pkg'
[0.822s] Level 1:colcon.colcon_core.package_identification:_identify(.) by extensions ['colcon_meta']
[0.822s] Level 1:colcon.colcon_core.package_identification:_identify(.) by extension 'colcon_meta'
[0.822s] Level 1:colcon.colcon_core.package_identification:_identify(.) by extensions ['ros']
[0.822s] Level 1:colcon.colcon_core.package_identification:_identify(.) by extension 'ros'
[0.854s] Level 1:colcon.colcon_core.package_identification:_identify(.) by extensions ['cmake', 'python']
[0.854s] Level 1:colcon.colcon_core.package_identification:_identify(.) by extension 'cmake'
[0.855s] Level 1:colcon.colcon_core.package_identification:_identify(.) by extension 'python'
[0.855s] Level 1:colcon.colcon_core.package_identification:_identify(.) by extensions ['python_setup_py']
[0.855s] Level 1:colcon.colcon_core.package_identification:_identify(.) by extension 'python_setup_py'
[0.855s] Level 1:colcon.colcon_core.package_identification:_identify(build) by extensions ['ignore', 'ignore_ament_install']
[0.855s] Level 1:colcon.colcon_core.package_identification:_identify(build) by extension 'ignore'
[0.855s] Level 1:colcon.colcon_core.package_identification:_identify(build) ignored
[0.855s] Level 1:colcon.colcon_core.package_identification:_identify(install) by extensions ['ignore', 'ignore_ament_install']
[0.856s] Level 1:colcon.colcon_core.package_identification:_identify(install) by extension 'ignore'
[0.856s] Level 1:colcon.colcon_core.package_identification:_identify(install) ignored
[0.856s] Level 1:colcon.colcon_core.package_identification:_identify(log) by extensions ['ignore', 'ignore_ament_install']
[0.856s] Level 1:colcon.colcon_core.package_identification:_identify(log) by extension 'ignore'
[0.856s] Level 1:colcon.colcon_core.package_identification:_identify(log) ignored
[0.856s] Level 1:colcon.colcon_core.package_identification:_identify(src) by extensions ['ignore', 'ignore_ament_install']
[0.857s] Level 1:colcon.colcon_core.package_identification:_identify(src) by extension 'ignore'
[0.857s] Level 1:colcon.colcon_core.package_identification:_identify(src) by extension 'ignore_ament_install'
[0.857s] Level 1:colcon.colcon_core.package_identification:_identify(src) by extensions ['colcon_pkg']
[0.857s] Level 1:colcon.colcon_core.package_identification:_identify(src) by extension 'colcon_pkg'
[0.857s] Level 1:colcon.colcon_core.package_identification:_identify(src) by extensions ['colcon_meta']
[0.857s] Level 1:colcon.colcon_core.package_identification:_identify(src) by extension 'colcon_meta'
[0.857s] Level 1:colcon.colcon_core.package_identification:_identify(src) by extensions ['ros']
[0.857s] Level 1:colcon.colcon_core.package_identification:_identify(src) by extension 'ros'
[0.857s] Level 1:colcon.colcon_core.package_identification:_identify(src) by extensions ['cmake', 'python']
[0.857s] Level 1:colcon.colcon_core.package_identification:_identify(src) by extension 'cmake'
[0.858s] Level 1:colcon.colcon_core.package_identification:_identify(src) by extension 'python'
[0.858s] Level 1:colcon.colcon_core.package_identification:_identify(src) by extensions ['python_setup_py']
[0.858s] Level 1:colcon.colcon_core.package_identification:_identify(src) by extension 'python_setup_py'
[0.858s] Level 1:colcon.colcon_core.package_identification:_identify(src/build) by extensions ['ignore', 'ignore_ament_install']
[0.858s] Level 1:colcon.colcon_core.package_identification:_identify(src/build) by extension 'ignore'
[0.858s] Level 1:colcon.colcon_core.package_identification:_identify(src/build) ignored
[0.858s] Level 1:colcon.colcon_core.package_identification:_identify(src/input_interfaces) by extensions ['ignore', 'ignore_ament_install']
[0.858s] Level 1:colcon.colcon_core.package_identification:_identify(src/input_interfaces) by extension 'ignore'
[0.859s] Level 1:colcon.colcon_core.package_identification:_identify(src/input_interfaces) by extension 'ignore_ament_install'
[0.859s] Level 1:colcon.colcon_core.package_identification:_identify(src/input_interfaces) by extensions ['colcon_pkg']
[0.859s] Level 1:colcon.colcon_core.package_identification:_identify(src/input_interfaces) by extension 'colcon_pkg'
[0.859s] Level 1:colcon.colcon_core.package_identification:_identify(src/input_interfaces) by extensions ['colcon_meta']
[0.859s] Level 1:colcon.colcon_core.package_identification:_identify(src/input_interfaces) by extension 'colcon_meta'
[0.859s] Level 1:colcon.colcon_core.package_identification:_identify(src/input_interfaces) by extensions ['ros']
[0.859s] Level 1:colcon.colcon_core.package_identification:_identify(src/input_interfaces) by extension 'ros'
[0.863s] DEBUG:colcon.colcon_core.package_identification:Package 'src/input_interfaces' with type 'ros.ament_cmake' and name 'input_interfaces'
[0.864s] Level 1:colcon.colcon_core.package_identification:_identify(src/install) by extensions ['ignore', 'ignore_ament_install']
[0.864s] Level 1:colcon.colcon_core.package_identification:_identify(src/install) by extension 'ignore'
[0.865s] Level 1:colcon.colcon_core.package_identification:_identify(src/install) ignored
[0.865s] Level 1:colcon.colcon_core.package_identification:_identify(src/log) by extensions ['ignore', 'ignore_ament_install']
[0.866s] Level 1:colcon.colcon_core.package_identification:_identify(src/log) by extension 'ignore'
[0.866s] Level 1:colcon.colcon_core.package_identification:_identify(src/log) ignored
[0.866s] Level 1:colcon.colcon_core.package_identification:_identify(src/user_input) by extensions ['ignore', 'ignore_ament_install']
[0.866s] Level 1:colcon.colcon_core.package_identification:_identify(src/user_input) by extension 'ignore'
[0.867s] Level 1:colcon.colcon_core.package_identification:_identify(src/user_input) by extension 'ignore_ament_install'
[0.867s] Level 1:colcon.colcon_core.package_identification:_identify(src/user_input) by extensions ['colcon_pkg']
[0.867s] Level 1:colcon.colcon_core.package_identification:_identify(src/user_input) by extension 'colcon_pkg'
[0.867s] Level 1:colcon.colcon_core.package_identification:_identify(src/user_input) by extensions ['colcon_meta']
[0.867s] Level 1:colcon.colcon_core.package_identification:_identify(src/user_input) by extension 'colcon_meta'
[0.867s] Level 1:colcon.colcon_core.package_identification:_identify(src/user_input) by extensions ['ros']
[0.867s] Level 1:colcon.colcon_core.package_identification:_identify(src/user_input) by extension 'ros'
[0.868s] DEBUG:colcon.colcon_core.package_identification:Package 'src/user_input' with type 'ros.ament_cmake' and name 'user_input'
[0.868s] Level 1:colcon.colcon_core.package_discovery:discover_packages(recursive) using defaults
[0.869s] Level 1:colcon.colcon_core.package_discovery:discover_packages(ignore) discover
[0.869s] Level 1:colcon.colcon_core.package_discovery:discover_packages(ignore) using defaults
[0.869s] Level 1:colcon.colcon_core.package_discovery:discover_packages(path) discover
[0.869s] Level 1:colcon.colcon_core.package_discovery:discover_packages(path) using defaults
[0.908s] Level 1:colcon.colcon_core.package_discovery:discover_packages(prefix_path) check parameters
[0.908s] Level 1:colcon.colcon_core.package_discovery:discover_packages(prefix_path) discover
[0.912s] DEBUG:colcon.colcon_installed_package_information.package_discovery:Found 2 installed packages in /home/jacob/MTRN4231/MTRN4231/fruit_picker_ws/install
[0.916s] DEBUG:colcon.colcon_installed_package_information.package_discovery:Found 271 installed packages in /opt/ros/humble
[0.920s] Level 1:colcon.colcon_core.package_discovery:discover_packages(prefix_path) using defaults
[1.003s] Level 5:colcon.colcon_core.verb:set package 'input_interfaces' build argument 'cmake_args' from command line to 'None'
[1.003s] Level 5:colcon.colcon_core.verb:set package 'input_interfaces' build argument 'cmake_target' from command line to 'None'
[1.003s] Level 5:colcon.colcon_core.verb:set package 'input_interfaces' build argument 'cmake_target_skip_unavailable' from command line to 'False'
[1.004s] Level 5:colcon.colcon_core.verb:set package 'input_interfaces' build argument 'cmake_clean_cache' from command line to 'False'
[1.004s] Level 5:colcon.colcon_core.verb:set package 'input_interfaces' build argument 'cmake_clean_first' from command line to 'False'
[1.004s] Level 5:colcon.colcon_core.verb:set package 'input_interfaces' build argument 'cmake_force_configure' from command line to 'False'
[1.004s] Level 5:colcon.colcon_core.verb:set package 'input_interfaces' build argument 'ament_cmake_args' from command line to 'None'
[1.004s] Level 5:colcon.colcon_core.verb:set package 'input_interfaces' build argument 'catkin_cmake_args' from command line to 'None'
[1.004s] Level 5:colcon.colcon_core.verb:set package 'input_interfaces' build argument 'catkin_skip_building_tests' from command line to 'False'
[1.004s] DEBUG:colcon.colcon_core.verb:Building package 'input_interfaces' with the following arguments: {'ament_cmake_args': None, 'build_base': '/home/jacob/MTRN4231/MTRN4231/fruit_picker_ws/build/input_interfaces', 'catkin_cmake_args': None, 'catkin_skip_building_tests': False, 'cmake_args': None, 'cmake_clean_cache': False, 'cmake_clean_first': False, 'cmake_force_configure': False, 'cmake_target': None, 'cmake_target_skip_unavailable': False, 'install_base': '/home/jacob/MTRN4231/MTRN4231/fruit_picker_ws/install/input_interfaces', 'merge_install': False, 'path': '/home/jacob/MTRN4231/MTRN4231/fruit_picker_ws/src/input_interfaces', 'symlink_install': False, 'test_result_base': None}
[1.005s] Level 5:colcon.colcon_core.verb:set package 'user_input' build argument 'cmake_args' from command line to 'None'
[1.005s] Level 5:colcon.colcon_core.verb:set package 'user_input' build argument 'cmake_target' from command line to 'None'
[1.005s] Level 5:colcon.colcon_core.verb:set package 'user_input' build argument 'cmake_target_skip_unavailable' from command line to 'False'
[1.005s] Level 5:colcon.colcon_core.verb:set package 'user_input' build argument 'cmake_clean_cache' from command line to 'False'
[1.005s] Level 5:colcon.colcon_core.verb:set package 'user_input' build argument 'cmake_clean_first' from command line to 'False'
[1.005s] Level 5:colcon.colcon_core.verb:set package 'user_input' build argument 'cmake_force_configure' from command line to 'False'
[1.005s] Level 5:colcon.colcon_core.verb:set package 'user_input' build argument 'ament_cmake_args' from command line to 'None'
[1.005s] Level 5:colcon.colcon_core.verb:set package 'user_input' build argument 'catkin_cmake_args' from command line to 'None'
[1.005s] Level 5:colcon.colcon_core.verb:set package 'user_input' build argument 'catkin_skip_building_tests' from command line to 'False'
[1.005s] DEBUG:colcon.colcon_core.verb:Building package 'user_input' with the following arguments: {'ament_cmake_args': None, 'build_base': '/home/jacob/MTRN4231/MTRN4231/fruit_picker_ws/build/user_input', 'catkin_cmake_args': None, 'catkin_skip_building_tests': False, 'cmake_args': None, 'cmake_clean_cache': False, 'cmake_clean_first': False, 'cmake_force_configure': False, 'cmake_target': None, 'cmake_target_skip_unavailable': False, 'install_base': '/home/jacob/MTRN4231/MTRN4231/fruit_picker_ws/install/user_input', 'merge_install': False, 'path': '/home/jacob/MTRN4231/MTRN4231/fruit_picker_ws/src/user_input', 'symlink_install': False, 'test_result_base': None}
[1.005s] INFO:colcon.colcon_core.executor:Executing jobs using 'parallel' executor
[1.007s] DEBUG:colcon.colcon_parallel_executor.executor.parallel:run_until_complete
[1.009s] INFO:colcon.colcon_ros.task.ament_cmake.build:Building ROS package in '/home/jacob/MTRN4231/MTRN4231/fruit_picker_ws/src/input_interfaces' with build type 'ament_cmake'
[1.009s] INFO:colcon.colcon_cmake.task.cmake.build:Building CMake package in '/home/jacob/MTRN4231/MTRN4231/fruit_picker_ws/src/input_interfaces'
[1.016s] INFO:colcon.colcon_core.plugin_system:Skipping extension 'colcon_core.shell.bat': Not used on non-Windows systems
[1.017s] INFO:colcon.colcon_core.shell:Skip shell extension 'powershell' for command environment: Not usable outside of PowerShell
[1.018s] DEBUG:colcon.colcon_core.shell:Skip shell extension 'dsv' for command environment
[1.026s] INFO:colcon.colcon_ros.task.ament_cmake.build:Building ROS package in '/home/jacob/MTRN4231/MTRN4231/fruit_picker_ws/src/user_input' with build type 'ament_cmake'
[1.027s] INFO:colcon.colcon_cmake.task.cmake.build:Building CMake package in '/home/jacob/MTRN4231/MTRN4231/fruit_picker_ws/src/user_input'
[1.028s] INFO:colcon.colcon_core.shell:Skip shell extension 'powershell' for command environment: Not usable outside of PowerShell
[1.028s] DEBUG:colcon.colcon_core.shell:Skip shell extension 'dsv' for command environment
[1.062s] DEBUG:colcon.colcon_core.event_handler.log_command:Invoking command in '/home/jacob/MTRN4231/MTRN4231/fruit_picker_ws/build/input_interfaces': CMAKE_PREFIX_PATH=${CMAKE_PREFIX_PATH}:/opt/ros/humble /usr/bin/cmake --build /home/jacob/MTRN4231/MTRN4231/fruit_picker_ws/build/input_interfaces -- -j8 -l8
[1.073s] DEBUG:colcon.colcon_core.event_handler.log_command:Invoking command in '/home/jacob/MTRN4231/MTRN4231/fruit_picker_ws/build/user_input': CMAKE_PREFIX_PATH=${CMAKE_PREFIX_PATH}:/opt/ros/humble /usr/bin/cmake --build /home/jacob/MTRN4231/MTRN4231/fruit_picker_ws/build/user_input -- -j8 -l8
[2.301s] DEBUG:colcon.colcon_core.event_handler.log_command:Invoked command in '/home/jacob/MTRN4231/MTRN4231/fruit_picker_ws/build/input_interfaces' returned '0': CMAKE_PREFIX_PATH=${CMAKE_PREFIX_PATH}:/opt/ros/humble /usr/bin/cmake --build /home/jacob/MTRN4231/MTRN4231/fruit_picker_ws/build/input_interfaces -- -j8 -l8
[2.327s] DEBUG:colcon.colcon_core.event_handler.log_command:Invoking command in '/home/jacob/MTRN4231/MTRN4231/fruit_picker_ws/build/input_interfaces': CMAKE_PREFIX_PATH=${CMAKE_PREFIX_PATH}:/opt/ros/humble /usr/bin/cmake --install /home/jacob/MTRN4231/MTRN4231/fruit_picker_ws/build/input_interfaces
[2.516s] Level 1:colcon.colcon_core.environment:create_environment_scripts_only(input_interfaces)
[2.520s] DEBUG:colcon.colcon_core.event_handler.log_command:Invoked command in '/home/jacob/MTRN4231/MTRN4231/fruit_picker_ws/build/input_interfaces' returned '0': CMAKE_PREFIX_PATH=${CMAKE_PREFIX_PATH}:/opt/ros/humble /usr/bin/cmake --install /home/jacob/MTRN4231/MTRN4231/fruit_picker_ws/build/input_interfaces
[2.523s] Level 1:colcon.colcon_core.environment:checking '/home/jacob/MTRN4231/MTRN4231/fruit_picker_ws/install/input_interfaces' for CMake module files
[2.525s] Level 1:colcon.colcon_core.environment:checking '/home/jacob/MTRN4231/MTRN4231/fruit_picker_ws/install/input_interfaces' for CMake config files
[2.526s] Level 1:colcon.colcon_core.shell:create_environment_hook('input_interfaces', 'cmake_prefix_path')
[2.526s] INFO:colcon.colcon_core.shell:Creating environment hook '/home/jacob/MTRN4231/MTRN4231/fruit_picker_ws/install/input_interfaces/share/input_interfaces/hook/cmake_prefix_path.ps1'
[2.527s] INFO:colcon.colcon_core.shell:Creating environment descriptor '/home/jacob/MTRN4231/MTRN4231/fruit_picker_ws/install/input_interfaces/share/input_interfaces/hook/cmake_prefix_path.dsv'
[2.528s] INFO:colcon.colcon_core.shell:Creating environment hook '/home/jacob/MTRN4231/MTRN4231/fruit_picker_ws/install/input_interfaces/share/input_interfaces/hook/cmake_prefix_path.sh'
[2.530s] Level 1:colcon.colcon_core.environment:checking '/home/jacob/MTRN4231/MTRN4231/fruit_picker_ws/install/input_interfaces/lib'
[2.531s] Level 1:colcon.colcon_core.shell:create_environment_hook('input_interfaces', 'ld_library_path_lib')
[2.532s] INFO:colcon.colcon_core.shell:Creating environment hook '/home/jacob/MTRN4231/MTRN4231/fruit_picker_ws/install/input_interfaces/share/input_interfaces/hook/ld_library_path_lib.ps1'
[2.535s] INFO:colcon.colcon_core.shell:Creating environment descriptor '/home/jacob/MTRN4231/MTRN4231/fruit_picker_ws/install/input_interfaces/share/input_interfaces/hook/ld_library_path_lib.dsv'
[2.536s] INFO:colcon.colcon_core.shell:Creating environment hook '/home/jacob/MTRN4231/MTRN4231/fruit_picker_ws/install/input_interfaces/share/input_interfaces/hook/ld_library_path_lib.sh'
[2.537s] Level 1:colcon.colcon_core.environment:checking '/home/jacob/MTRN4231/MTRN4231/fruit_picker_ws/install/input_interfaces/bin'
[2.537s] Level 1:colcon.colcon_core.environment:checking '/home/jacob/MTRN4231/MTRN4231/fruit_picker_ws/install/input_interfaces/lib/pkgconfig/input_interfaces.pc'
[2.538s] Level 1:colcon.colcon_core.environment:checking '/home/jacob/MTRN4231/MTRN4231/fruit_picker_ws/install/input_interfaces/lib/python3.10/site-packages'
[2.538s] Level 1:colcon.colcon_core.environment:checking '/home/jacob/MTRN4231/MTRN4231/fruit_picker_ws/install/input_interfaces/bin'
[2.539s] INFO:colcon.colcon_core.shell:Creating package script '/home/jacob/MTRN4231/MTRN4231/fruit_picker_ws/install/input_interfaces/share/input_interfaces/package.ps1'
[2.540s] INFO:colcon.colcon_core.shell:Creating package descriptor '/home/jacob/MTRN4231/MTRN4231/fruit_picker_ws/install/input_interfaces/share/input_interfaces/package.dsv'
[2.542s] INFO:colcon.colcon_core.shell:Creating package script '/home/jacob/MTRN4231/MTRN4231/fruit_picker_ws/install/input_interfaces/share/input_interfaces/package.sh'
[2.543s] INFO:colcon.colcon_core.shell:Creating package script '/home/jacob/MTRN4231/MTRN4231/fruit_picker_ws/install/input_interfaces/share/input_interfaces/package.bash'
[2.545s] INFO:colcon.colcon_core.shell:Creating package script '/home/jacob/MTRN4231/MTRN4231/fruit_picker_ws/install/input_interfaces/share/input_interfaces/package.zsh'
[2.548s] Level 1:colcon.colcon_core.environment:create_file_with_runtime_dependencies(/home/jacob/MTRN4231/MTRN4231/fruit_picker_ws/install/input_interfaces/share/colcon-core/packages/input_interfaces)
[2.551s] Level 1:colcon.colcon_core.environment:create_environment_scripts_only(input_interfaces)
[2.552s] Level 1:colcon.colcon_core.environment:checking '/home/jacob/MTRN4231/MTRN4231/fruit_picker_ws/install/input_interfaces' for CMake module files
[2.553s] Level 1:colcon.colcon_core.environment:checking '/home/jacob/MTRN4231/MTRN4231/fruit_picker_ws/install/input_interfaces' for CMake config files
[2.555s] Level 1:colcon.colcon_core.shell:create_environment_hook('input_interfaces', 'cmake_prefix_path')
[2.556s] INFO:colcon.colcon_core.shell:Creating environment hook '/home/jacob/MTRN4231/MTRN4231/fruit_picker_ws/install/input_interfaces/share/input_interfaces/hook/cmake_prefix_path.ps1'
[2.557s] INFO:colcon.colcon_core.shell:Creating environment descriptor '/home/jacob/MTRN4231/MTRN4231/fruit_picker_ws/install/input_interfaces/share/input_interfaces/hook/cmake_prefix_path.dsv'
[2.559s] INFO:colcon.colcon_core.shell:Creating environment hook '/home/jacob/MTRN4231/MTRN4231/fruit_picker_ws/install/input_interfaces/share/input_interfaces/hook/cmake_prefix_path.sh'
[2.560s] Level 1:colcon.colcon_core.environment:checking '/home/jacob/MTRN4231/MTRN4231/fruit_picker_ws/install/input_interfaces/lib'
[2.561s] Level 1:colcon.colcon_core.shell:create_environment_hook('input_interfaces', 'ld_library_path_lib')
[2.561s] INFO:colcon.colcon_core.shell:Creating environment hook '/home/jacob/MTRN4231/MTRN4231/fruit_picker_ws/install/input_interfaces/share/input_interfaces/hook/ld_library_path_lib.ps1'
[2.563s] INFO:colcon.colcon_core.shell:Creating environment descriptor '/home/jacob/MTRN4231/MTRN4231/fruit_picker_ws/install/input_interfaces/share/input_interfaces/hook/ld_library_path_lib.dsv'
[2.567s] INFO:colcon.colcon_core.shell:Creating environment hook '/home/jacob/MTRN4231/MTRN4231/fruit_picker_ws/install/input_interfaces/share/input_interfaces/hook/ld_library_path_lib.sh'
[2.570s] Level 1:colcon.colcon_core.environment:checking '/home/jacob/MTRN4231/MTRN4231/fruit_picker_ws/install/input_interfaces/bin'
[2.570s] Level 1:colcon.colcon_core.environment:checking '/home/jacob/MTRN4231/MTRN4231/fruit_picker_ws/install/input_interfaces/lib/pkgconfig/input_interfaces.pc'
[2.571s] Level 1:colcon.colcon_core.environment:checking '/home/jacob/MTRN4231/MTRN4231/fruit_picker_ws/install/input_interfaces/lib/python3.10/site-packages'
[2.571s] Level 1:colcon.colcon_core.environment:checking '/home/jacob/MTRN4231/MTRN4231/fruit_picker_ws/install/input_interfaces/bin'
[2.572s] INFO:colcon.colcon_core.shell:Creating package script '/home/jacob/MTRN4231/MTRN4231/fruit_picker_ws/install/input_interfaces/share/input_interfaces/package.ps1'
[2.574s] INFO:colcon.colcon_core.shell:Creating package descriptor '/home/jacob/MTRN4231/MTRN4231/fruit_picker_ws/install/input_interfaces/share/input_interfaces/package.dsv'
[2.575s] INFO:colcon.colcon_core.shell:Creating package script '/home/jacob/MTRN4231/MTRN4231/fruit_picker_ws/install/input_interfaces/share/input_interfaces/package.sh'
[2.577s] INFO:colcon.colcon_core.shell:Creating package script '/home/jacob/MTRN4231/MTRN4231/fruit_picker_ws/install/input_interfaces/share/input_interfaces/package.bash'
[2.578s] INFO:colcon.colcon_core.shell:Creating package script '/home/jacob/MTRN4231/MTRN4231/fruit_picker_ws/install/input_interfaces/share/input_interfaces/package.zsh'
[2.579s] Level 1:colcon.colcon_core.environment:create_file_with_runtime_dependencies(/home/jacob/MTRN4231/MTRN4231/fruit_picker_ws/install/input_interfaces/share/colcon-core/packages/input_interfaces)
[8.332s] DEBUG:colcon.colcon_core.event_handler.log_command:Invoked command in '/home/jacob/MTRN4231/MTRN4231/fruit_picker_ws/build/user_input' returned '2': CMAKE_PREFIX_PATH=${CMAKE_PREFIX_PATH}:/opt/ros/humble /usr/bin/cmake --build /home/jacob/MTRN4231/MTRN4231/fruit_picker_ws/build/user_input -- -j8 -l8
[8.333s] Level 1:colcon.colcon_core.environment:create_environment_scripts_only(user_input)
[8.333s] Level 1:colcon.colcon_core.environment:checking '/home/jacob/MTRN4231/MTRN4231/fruit_picker_ws/install/user_input' for CMake module files
[8.334s] Level 1:colcon.colcon_core.environment:checking '/home/jacob/MTRN4231/MTRN4231/fruit_picker_ws/install/user_input' for CMake config files
[8.335s] Level 1:colcon.colcon_core.shell:create_environment_hook('user_input', 'cmake_prefix_path')
[8.335s] INFO:colcon.colcon_core.shell:Creating environment hook '/home/jacob/MTRN4231/MTRN4231/fruit_picker_ws/install/user_input/share/user_input/hook/cmake_prefix_path.ps1'
[8.336s] INFO:colcon.colcon_core.shell:Creating environment descriptor '/home/jacob/MTRN4231/MTRN4231/fruit_picker_ws/install/user_input/share/user_input/hook/cmake_prefix_path.dsv'
[8.336s] INFO:colcon.colcon_core.shell:Creating environment hook '/home/jacob/MTRN4231/MTRN4231/fruit_picker_ws/install/user_input/share/user_input/hook/cmake_prefix_path.sh'
[8.337s] Level 1:colcon.colcon_core.environment:checking '/home/jacob/MTRN4231/MTRN4231/fruit_picker_ws/install/user_input/lib'
[8.337s] Level 1:colcon.colcon_core.shell:create_environment_hook('user_input', 'ld_library_path_lib')
[8.338s] INFO:colcon.colcon_core.shell:Creating environment hook '/home/jacob/MTRN4231/MTRN4231/fruit_picker_ws/install/user_input/share/user_input/hook/ld_library_path_lib.ps1'
[8.339s] INFO:colcon.colcon_core.shell:Creating environment descriptor '/home/jacob/MTRN4231/MTRN4231/fruit_picker_ws/install/user_input/share/user_input/hook/ld_library_path_lib.dsv'
[8.339s] INFO:colcon.colcon_core.shell:Creating environment hook '/home/jacob/MTRN4231/MTRN4231/fruit_picker_ws/install/user_input/share/user_input/hook/ld_library_path_lib.sh'
[8.340s] Level 1:colcon.colcon_core.environment:checking '/home/jacob/MTRN4231/MTRN4231/fruit_picker_ws/install/user_input/bin'
[8.341s] Level 1:colcon.colcon_core.environment:checking '/home/jacob/MTRN4231/MTRN4231/fruit_picker_ws/install/user_input/lib/pkgconfig/user_input.pc'
[8.341s] Level 1:colcon.colcon_core.environment:checking '/home/jacob/MTRN4231/MTRN4231/fruit_picker_ws/install/user_input/lib/python3.10/site-packages'
[8.341s] Level 1:colcon.colcon_core.environment:checking '/home/jacob/MTRN4231/MTRN4231/fruit_picker_ws/install/user_input/bin'
[8.342s] INFO:colcon.colcon_core.shell:Creating package script '/home/jacob/MTRN4231/MTRN4231/fruit_picker_ws/install/user_input/share/user_input/package.ps1'
[8.343s] INFO:colcon.colcon_core.shell:Creating package descriptor '/home/jacob/MTRN4231/MTRN4231/fruit_picker_ws/install/user_input/share/user_input/package.dsv'
[8.344s] INFO:colcon.colcon_core.shell:Creating package script '/home/jacob/MTRN4231/MTRN4231/fruit_picker_ws/install/user_input/share/user_input/package.sh'
[8.345s] INFO:colcon.colcon_core.shell:Creating package script '/home/jacob/MTRN4231/MTRN4231/fruit_picker_ws/install/user_input/share/user_input/package.bash'
[8.346s] INFO:colcon.colcon_core.shell:Creating package script '/home/jacob/MTRN4231/MTRN4231/fruit_picker_ws/install/user_input/share/user_input/package.zsh'
[8.347s] Level 1:colcon.colcon_core.environment:create_file_with_runtime_dependencies(/home/jacob/MTRN4231/MTRN4231/fruit_picker_ws/install/user_input/share/colcon-core/packages/user_input)
[8.358s] DEBUG:colcon.colcon_parallel_executor.executor.parallel:closing loop
[8.359s] DEBUG:colcon.colcon_parallel_executor.executor.parallel:loop closed
[8.359s] DEBUG:colcon.colcon_parallel_executor.executor.parallel:run_until_complete finished with '2'
[8.359s] DEBUG:colcon.colcon_core.event_reactor:joining thread
[8.372s] INFO:colcon.colcon_core.plugin_system:Skipping extension 'colcon_notification.desktop_notification.terminal_notifier': Not used on non-Darwin systems
[8.372s] INFO:colcon.colcon_core.plugin_system:Skipping extension 'colcon_notification.desktop_notification.win32': Not used on non-Windows systems
[8.372s] INFO:colcon.colcon_notification.desktop_notification:Sending desktop notification using 'notify2'
[8.389s] DEBUG:colcon.colcon_notification.desktop_notification.notify2:Failed to initialize notify2: org.freedesktop.DBus.Error.ServiceUnknown: The name org.freedesktop.Notifications was not provided by any .service files
[8.390s] DEBUG:colcon.colcon_core.event_reactor:joined thread
[8.391s] INFO:colcon.colcon_core.shell:Creating prefix script '/home/jacob/MTRN4231/MTRN4231/fruit_picker_ws/install/local_setup.ps1'
[8.393s] INFO:colcon.colcon_core.shell:Creating prefix util module '/home/jacob/MTRN4231/MTRN4231/fruit_picker_ws/install/_local_setup_util_ps1.py'
[8.395s] INFO:colcon.colcon_core.shell:Creating prefix chain script '/home/jacob/MTRN4231/MTRN4231/fruit_picker_ws/install/setup.ps1'
[8.398s] INFO:colcon.colcon_core.shell:Creating prefix script '/home/jacob/MTRN4231/MTRN4231/fruit_picker_ws/install/local_setup.sh'
[8.401s] INFO:colcon.colcon_core.shell:Creating prefix util module '/home/jacob/MTRN4231/MTRN4231/fruit_picker_ws/install/_local_setup_util_sh.py'
[8.403s] INFO:colcon.colcon_core.shell:Creating prefix chain script '/home/jacob/MTRN4231/MTRN4231/fruit_picker_ws/install/setup.sh'
[8.407s] INFO:colcon.colcon_core.shell:Creating prefix script '/home/jacob/MTRN4231/MTRN4231/fruit_picker_ws/install/local_setup.bash'
[8.408s] INFO:colcon.colcon_core.shell:Creating prefix chain script '/home/jacob/MTRN4231/MTRN4231/fruit_picker_ws/install/setup.bash'
[8.410s] INFO:colcon.colcon_core.shell:Creating prefix script '/home/jacob/MTRN4231/MTRN4231/fruit_picker_ws/install/local_setup.zsh'
[8.411s] INFO:colcon.colcon_core.shell:Creating prefix chain script '/home/jacob/MTRN4231/MTRN4231/fruit_picker_ws/install/setup.zsh'
