[0.041s] Invoking command in '/home/jacob/MTRN4231/MTRN4231/fruit_picker_ws/build/user_input': CMAKE_PREFIX_PATH=${CMAKE_PREFIX_PATH}:/opt/ros/humble /usr/bin/cmake --build /home/jacob/MTRN4231/MTRN4231/fruit_picker_ws/build/user_input -- -j8 -l8
[0.123s] -- Found ament_cmake: 1.3.12 (/opt/ros/humble/share/ament_cmake/cmake)
[0.629s] -- Found rclcpp: 16.0.15 (/opt/ros/humble/share/rclcpp/cmake)
[1.150s] -- Found rosidl_generator_c: 3.1.7 (/opt/ros/humble/share/rosidl_generator_c/cmake)
[1.161s] -- Found rosidl_adapter: 3.1.7 (/opt/ros/humble/share/rosidl_adapter/cmake)
[1.184s] -- Found rosidl_generator_cpp: 3.1.7 (/opt/ros/humble/share/rosidl_generator_cpp/cmake)
[1.221s] -- Using all available rosidl_typesupport_c: rosidl_typesupport_fastrtps_c;rosidl_typesupport_introspection_c
[1.286s] -- Using all available rosidl_typesupport_cpp: rosidl_typesupport_fastrtps_cpp;rosidl_typesupport_introspection_cpp
[1.415s] -- Found rmw_implementation_cmake: 6.1.2 (/opt/ros/humble/share/rmw_implementation_cmake/cmake)
[1.431s] -- Found rmw_fastrtps_cpp: 6.2.8 (/opt/ros/humble/share/rmw_fastrtps_cpp/cmake)
[15.757s] -- Using RMW implementation 'rmw_fastrtps_cpp' as default
[15.947s] -- Found rclcpp_action: 16.0.15 (/opt/ros/humble/share/rclcpp_action/cmake)
[16.041s] -- Found input_interfaces: 0.0.0 (/home/jacob/MTRN4231/MTRN4231/fruit_picker_ws/install/input_interfaces/share/input_interfaces/cmake)
[16.072s] -- Found ament_lint_auto: 0.12.14 (/opt/ros/humble/share/ament_lint_auto/cmake)
[16.213s] -- Added test 'cppcheck' to perform static code analysis on C / C++ code
[16.213s] -- Configured cppcheck include dirs: 
[16.213s] -- Configured cppcheck exclude dirs and/or files: 
[16.214s] -- Added test 'flake8' to check Python code syntax and style conventions
[16.216s] -- Added test 'lint_cmake' to check CMake code style
[16.218s] -- Added test 'pep257' to check Python code against some of the docstring style conventions in PEP 257
[16.224s] -- Added test 'uncrustify' to check C / C++ code style
[16.224s] -- Configured uncrustify additional arguments: 
[16.226s] -- Added test 'xmllint' to check XML markup files
[16.232s] -- Configuring done
[16.275s] -- Generating done
[16.291s] -- Build files have been written to: /home/jacob/MTRN4231/MTRN4231/fruit_picker_ws/build/user_input
[16.366s] [35m[1mConsolidate compiler generated dependencies of target start_node[0m
[16.372s] [35m[1mConsolidate compiler generated dependencies of target user_interface_node[0m
[16.417s] [ 25%] [32mBuilding CXX object CMakeFiles/start_node.dir/src/start.cpp.o[0m
[16.419s] [ 50%] [32mBuilding CXX object CMakeFiles/user_interface_node.dir/src/user_interface.cpp.o[0m
[21.797s] In file included from [01m[K/opt/ros/humble/include/rclcpp/rclcpp/logging.hpp:24[m[K,
[21.797s]                  from [01m[K/opt/ros/humble/include/rclcpp/rclcpp/client.hpp:40[m[K,
[21.798s]                  from [01m[K/opt/ros/humble/include/rclcpp/rclcpp/callback_group.hpp:24[m[K,
[21.798s]                  from [01m[K/opt/ros/humble/include/rclcpp/rclcpp/any_executable.hpp:20[m[K,
[21.798s]                  from [01m[K/opt/ros/humble/include/rclcpp/rclcpp/memory_strategy.hpp:25[m[K,
[21.798s]                  from [01m[K/opt/ros/humble/include/rclcpp/rclcpp/memory_strategies.hpp:18[m[K,
[21.798s]                  from [01m[K/opt/ros/humble/include/rclcpp/rclcpp/executor_options.hpp:20[m[K,
[21.798s]                  from [01m[K/opt/ros/humble/include/rclcpp/rclcpp/executor.hpp:37[m[K,
[21.799s]                  from [01m[K/opt/ros/humble/include/rclcpp/rclcpp/executors/multi_threaded_executor.hpp:25[m[K,
[21.799s]                  from [01m[K/opt/ros/humble/include/rclcpp/rclcpp/executors.hpp:21[m[K,
[21.799s]                  from [01m[K/opt/ros/humble/include/rclcpp/rclcpp/rclcpp.hpp:155[m[K,
[21.799s]                  from [01m[K/home/jacob/MTRN4231/MTRN4231/fruit_picker_ws/src/user_input/src/start.cpp:9[m[K:
[21.799s] [01m[K/home/jacob/MTRN4231/MTRN4231/fruit_picker_ws/src/user_input/src/start.cpp:[m[K In member function ‘[01m[Kvoid StartActionClient::feedback_callback(rclcpp_action::ClientGoalHandle<input_interfaces::action::UserInput>::SharedPtr, std::shared_ptr<const input_interfaces::action::UserInput_Feedback_<std::allocator<void> > >)[m[K’:
[21.800s] [01m[K/home/jacob/MTRN4231/MTRN4231/fruit_picker_ws/src/user_input/src/start.cpp:90:43:[m[K [01;31m[Kerror: [m[Kcannot convert ‘[01m[Kstd::__cxx11::basic_stringstream<char>::__string_type[m[K’ {aka ‘[01m[Kstd::__cxx11::basic_string<char>[m[K’} to ‘[01m[Kconst char*[m[K’
[21.800s]    90 |     RCLCPP_INFO(this->get_logger(), [01;31m[Kss.str()[m[K);
[21.800s]       |                                     [01;31m[K~~~~~~^~[m[K
[21.800s]       |                                           [01;31m[K|[m[K
[21.800s]       |                                           [01;31m[Kstd::__cxx11::basic_stringstream<char>::__string_type {aka std::__cxx11::basic_string<char>}[m[K
[21.801s] In file included from [01m[K/opt/ros/humble/include/rmw/rmw/types.h:28[m[K,
[21.801s]                  from [01m[K/opt/ros/humble/include/rcl/rcl/types.h:20[m[K,
[21.801s]                  from [01m[K/opt/ros/humble/include/rcl/rcl/log_level.h:22[m[K,
[21.801s]                  from [01m[K/opt/ros/humble/include/rcl/rcl/arguments.h:21[m[K,
[21.801s]                  from [01m[K/opt/ros/humble/include/rcl/rcl/context.h:28[m[K,
[21.801s]                  from [01m[K/opt/ros/humble/include/rcl/rcl/guard_condition.h:26[m[K,
[21.801s]                  from [01m[K/opt/ros/humble/include/rclcpp/rclcpp/executor.hpp:30[m[K,
[21.802s]                  from [01m[K/opt/ros/humble/include/rclcpp/rclcpp/executors/multi_threaded_executor.hpp:25[m[K,
[21.802s]                  from [01m[K/opt/ros/humble/include/rclcpp/rclcpp/executors.hpp:21[m[K,
[21.802s]                  from [01m[K/opt/ros/humble/include/rclcpp/rclcpp/rclcpp.hpp:155[m[K,
[21.802s]                  from [01m[K/home/jacob/MTRN4231/MTRN4231/fruit_picker_ws/src/user_input/src/start.cpp:9[m[K:
[21.802s] [01m[K/opt/ros/humble/include/rcutils/rcutils/logging.h:479:16:[m[K [01;36m[Knote: [m[K  initializing argument 4 of ‘[01m[Kvoid rcutils_log(const rcutils_log_location_t*, int, const char*, const char*, ...)[m[K’
[21.803s]   479 |   [01;36m[Kconst char * format[m[K,
[21.803s]       |   [01;36m[K~~~~~~~~~~~~~^~~~~~[m[K
[23.219s] gmake[2]: *** [CMakeFiles/start_node.dir/build.make:76: CMakeFiles/start_node.dir/src/start.cpp.o] Error 1
[23.220s] gmake[1]: *** [CMakeFiles/Makefile2:139: CMakeFiles/start_node.dir/all] Error 2
[23.220s] gmake[1]: *** Waiting for unfinished jobs....
[23.987s] [ 75%] [32m[1mLinking CXX executable user_interface_node[0m
[24.640s] [ 75%] Built target user_interface_node
[24.643s] gmake: *** [Makefile:146: all] Error 2
[24.649s] Invoked command in '/home/jacob/MTRN4231/MTRN4231/fruit_picker_ws/build/user_input' returned '2': CMAKE_PREFIX_PATH=${CMAKE_PREFIX_PATH}:/opt/ros/humble /usr/bin/cmake --build /home/jacob/MTRN4231/MTRN4231/fruit_picker_ws/build/user_input -- -j8 -l8
