[0.042s] Invoking command in '/home/jacob/MTRN4231/MTRN4231/fruit_picker_ws/src/build/user_input': CMAKE_PREFIX_PATH=/opt/ros/humble /usr/bin/cmake /home/jacob/MTRN4231/MTRN4231/fruit_picker_ws/src/user_input -DCMAKE_INSTALL_PREFIX=/home/jacob/MTRN4231/MTRN4231/fruit_picker_ws/src/install/user_input
[0.432s] -- The C compiler identification is GNU 11.4.0
[1.602s] -- The CXX compiler identification is GNU 11.4.0
[2.272s] -- Detecting C compiler ABI info
[2.604s] -- Detecting C compiler ABI info - done
[2.620s] -- Check for working C compiler: /usr/bin/cc - skipped
[2.620s] -- Detecting C compile features
[2.621s] -- Detecting C compile features - done
[2.627s] -- Detecting CXX compiler ABI info
[2.972s] -- Detecting CXX compiler ABI info - done
[2.985s] -- Check for working CXX compiler: /usr/bin/c++ - skipped
[2.986s] -- Detecting CXX compile features
[2.986s] -- Detecting CXX compile features - done
[2.994s] -- Found ament_cmake: 1.3.12 (/opt/ros/humble/share/ament_cmake/cmake)
[3.305s] -- Found Python3: /usr/bin/python3 (found version "3.10.12") found components: Interpreter 
[3.521s] -- Found rclcpp: 16.0.15 (/opt/ros/humble/share/rclcpp/cmake)
[3.814s] -- Found rosidl_generator_c: 3.1.7 (/opt/ros/humble/share/rosidl_generator_c/cmake)
[3.821s] -- Found rosidl_adapter: 3.1.7 (/opt/ros/humble/share/rosidl_adapter/cmake)
[3.835s] -- Found rosidl_generator_cpp: 3.1.7 (/opt/ros/humble/share/rosidl_generator_cpp/cmake)
[3.862s] -- Using all available rosidl_typesupport_c: rosidl_typesupport_fastrtps_c;rosidl_typesupport_introspection_c
[3.891s] -- Using all available rosidl_typesupport_cpp: rosidl_typesupport_fastrtps_cpp;rosidl_typesupport_introspection_cpp
[4.001s] -- Found rmw_implementation_cmake: 6.1.2 (/opt/ros/humble/share/rmw_implementation_cmake/cmake)
[4.005s] -- Found rmw_fastrtps_cpp: 6.2.8 (/opt/ros/humble/share/rmw_fastrtps_cpp/cmake)
[7.503s] -- Found OpenSSL: /usr/lib/x86_64-linux-gnu/libcrypto.so (found version "3.0.2")  
[13.239s] -- Found FastRTPS: /opt/ros/humble/include  
[20.859s] -- Using RMW implementation 'rmw_fastrtps_cpp' as default
[20.874s] -- Looking for pthread.h
[21.286s] -- Looking for pthread.h - found
[21.287s] -- Performing Test CMAKE_HAVE_LIBC_PTHREAD
[21.783s] -- Performing Test CMAKE_HAVE_LIBC_PTHREAD - Success
[21.786s] -- Found Threads: TRUE  
[21.962s] -- Found rclcpp_action: 16.0.15 (/opt/ros/humble/share/rclcpp_action/cmake)
[22.054s] -- Found rclcpp_components: 16.0.15 (/opt/ros/humble/share/rclcpp_components/cmake)
[25.499s] [31mCMake Error at CMakeLists.txt:16 (find_package):
[25.499s]   By not providing "Findinput_interfaces.cmake" in CMAKE_MODULE_PATH this
[25.499s]   project has asked CMake to find a package configuration file provided by
[25.500s]   "input_interfaces", but CMake did not find one.
[25.500s] 
[25.500s]   Could not find a package configuration file provided by "input_interfaces"
[25.500s]   with any of the following names:
[25.500s] 
[25.500s]     input_interfacesConfig.cmake
[25.500s]     input_interfaces-config.cmake
[25.500s] 
[25.500s]   Add the installation prefix of "input_interfaces" to CMAKE_PREFIX_PATH or
[25.500s]   set "input_interfaces_DIR" to a directory containing one of the above
[25.500s]   files.  If "input_interfaces" provides a separate development package or
[25.500s]   SDK, be sure it has been installed.
[25.501s] 
[25.501s] [0m
[25.501s] -- Configuring incomplete, errors occurred!
[25.501s] See also "/home/jacob/MTRN4231/MTRN4231/fruit_picker_ws/src/build/user_input/CMakeFiles/CMakeOutput.log".
[25.527s] Invoked command in '/home/jacob/MTRN4231/MTRN4231/fruit_picker_ws/src/build/user_input' returned '1': CMAKE_PREFIX_PATH=/opt/ros/humble /usr/bin/cmake /home/jacob/MTRN4231/MTRN4231/fruit_picker_ws/src/user_input -DCMAKE_INSTALL_PREFIX=/home/jacob/MTRN4231/MTRN4231/fruit_picker_ws/src/install/user_input
