[1.385s] DEBUG:colcon:Command line arguments: ['/usr/bin/colcon', 'build']
[1.385s] DEBUG:colcon:Parsed command line arguments: Namespace(log_base=None, log_level=None, verb_name='build', build_base='build', install_base='install', merge_install=False, symlink_install=False, test_result_base=None, continue_on_error=False, executor='parallel', parallel_workers=8, event_handlers=None, ignore_user_meta=False, metas=['./colcon.meta'], base_paths=['.'], packages_ignore=None, packages_ignore_regex=None, paths=None, packages_up_to=None, packages_up_to_regex=None, packages_above=None, packages_above_and_dependencies=None, packages_above_depth=None, packages_select_by_dep=None, packages_skip_by_dep=None, packages_skip_up_to=None, packages_select_build_failed=False, packages_skip_build_finished=False, packages_select_test_failures=False, packages_skip_test_passed=False, packages_select=None, packages_skip=None, packages_select_regex=None, packages_skip_regex=None, packages_start=None, packages_end=None, allow_overriding=[], cmake_args=None, cmake_target=None, cmake_target_skip_unavailable=False, cmake_clean_cache=False, cmake_clean_first=False, cmake_force_configure=False, ament_cmake_args=None, catkin_cmake_args=None, catkin_skip_building_tests=False, mixin_files=None, mixin=None, verb_parser=<colcon_mixin.mixin.mixin_argument.MixinArgumentDecorator object at 0x787a0fd673d0>, verb_extension=<colcon_core.verb.build.BuildVerb object at 0x787a0fd66a10>, main=<bound method BuildVerb.main of <colcon_core.verb.build.BuildVerb object at 0x787a0fd66a10>>, mixin_verb=('build',))
[2.456s] Level 1:colcon.colcon_core.package_discovery:discover_packages(colcon_meta) check parameters
[2.456s] Level 1:colcon.colcon_core.package_discovery:discover_packages(recursive) check parameters
[2.457s] Level 1:colcon.colcon_core.package_discovery:discover_packages(ignore) check parameters
[2.457s] Level 1:colcon.colcon_core.package_discovery:discover_packages(path) check parameters
[2.457s] Level 1:colcon.colcon_core.package_discovery:discover_packages(colcon_meta) discover
[2.457s] Level 1:colcon.colcon_core.package_discovery:discover_packages(recursive) discover
[2.457s] INFO:colcon.colcon_core.package_discovery:Crawling recursively for packages in '/home/jacob/MTRN4231/MTRN4231/4231_demo_packages/src/demo_launch_param'
[2.457s] Level 1:colcon.colcon_core.package_identification:_identify(.) by extensions ['ignore', 'ignore_ament_install']
[2.457s] Level 1:colcon.colcon_core.package_identification:_identify(.) by extension 'ignore'
[2.458s] Level 1:colcon.colcon_core.package_identification:_identify(.) by extension 'ignore_ament_install'
[2.458s] Level 1:colcon.colcon_core.package_identification:_identify(.) by extensions ['colcon_pkg']
[2.458s] Level 1:colcon.colcon_core.package_identification:_identify(.) by extension 'colcon_pkg'
[2.458s] Level 1:colcon.colcon_core.package_identification:_identify(.) by extensions ['colcon_meta']
[2.458s] Level 1:colcon.colcon_core.package_identification:_identify(.) by extension 'colcon_meta'
[2.458s] Level 1:colcon.colcon_core.package_identification:_identify(.) by extensions ['ros']
[2.458s] Level 1:colcon.colcon_core.package_identification:_identify(.) by extension 'ros'
[2.539s] DEBUG:colcon.colcon_core.package_identification:Package '.' with type 'ros.ament_python' and name 'demo_launch_param'
[2.539s] Level 1:colcon.colcon_core.package_discovery:discover_packages(recursive) using defaults
[2.540s] Level 1:colcon.colcon_core.package_discovery:discover_packages(ignore) discover
[2.540s] Level 1:colcon.colcon_core.package_discovery:discover_packages(ignore) using defaults
[2.540s] Level 1:colcon.colcon_core.package_discovery:discover_packages(path) discover
[2.540s] Level 1:colcon.colcon_core.package_discovery:discover_packages(path) using defaults
[2.647s] Level 1:colcon.colcon_core.package_discovery:discover_packages(prefix_path) check parameters
[2.647s] Level 1:colcon.colcon_core.package_discovery:discover_packages(prefix_path) discover
[2.662s] DEBUG:colcon.colcon_installed_package_information.package_discovery:Found 271 installed packages in /opt/ros/humble
[2.666s] Level 1:colcon.colcon_core.package_discovery:discover_packages(prefix_path) using defaults
[2.776s] Level 5:colcon.colcon_core.verb:set package 'demo_launch_param' build argument 'cmake_args' from command line to 'None'
[2.776s] Level 5:colcon.colcon_core.verb:set package 'demo_launch_param' build argument 'cmake_target' from command line to 'None'
[2.777s] Level 5:colcon.colcon_core.verb:set package 'demo_launch_param' build argument 'cmake_target_skip_unavailable' from command line to 'False'
[2.777s] Level 5:colcon.colcon_core.verb:set package 'demo_launch_param' build argument 'cmake_clean_cache' from command line to 'False'
[2.777s] Level 5:colcon.colcon_core.verb:set package 'demo_launch_param' build argument 'cmake_clean_first' from command line to 'False'
[2.777s] Level 5:colcon.colcon_core.verb:set package 'demo_launch_param' build argument 'cmake_force_configure' from command line to 'False'
[2.777s] Level 5:colcon.colcon_core.verb:set package 'demo_launch_param' build argument 'ament_cmake_args' from command line to 'None'
[2.777s] Level 5:colcon.colcon_core.verb:set package 'demo_launch_param' build argument 'catkin_cmake_args' from command line to 'None'
[2.777s] Level 5:colcon.colcon_core.verb:set package 'demo_launch_param' build argument 'catkin_skip_building_tests' from command line to 'False'
[2.777s] DEBUG:colcon.colcon_core.verb:Building package 'demo_launch_param' with the following arguments: {'ament_cmake_args': None, 'build_base': '/home/jacob/MTRN4231/MTRN4231/4231_demo_packages/src/demo_launch_param/build/demo_launch_param', 'catkin_cmake_args': None, 'catkin_skip_building_tests': False, 'cmake_args': None, 'cmake_clean_cache': False, 'cmake_clean_first': False, 'cmake_force_configure': False, 'cmake_target': None, 'cmake_target_skip_unavailable': False, 'install_base': '/home/jacob/MTRN4231/MTRN4231/4231_demo_packages/src/demo_launch_param/install/demo_launch_param', 'merge_install': False, 'path': '/home/jacob/MTRN4231/MTRN4231/4231_demo_packages/src/demo_launch_param', 'symlink_install': False, 'test_result_base': None}
[2.777s] INFO:colcon.colcon_core.executor:Executing jobs using 'parallel' executor
[2.780s] DEBUG:colcon.colcon_parallel_executor.executor.parallel:run_until_complete
[2.781s] INFO:colcon.colcon_ros.task.ament_python.build:Building ROS package in '/home/jacob/MTRN4231/MTRN4231/4231_demo_packages/src/demo_launch_param' with build type 'ament_python'
[2.781s] Level 1:colcon.colcon_core.shell:create_environment_hook('demo_launch_param', 'ament_prefix_path')
[2.798s] INFO:colcon.colcon_core.plugin_system:Skipping extension 'colcon_core.shell.bat': Not used on non-Windows systems
[2.799s] INFO:colcon.colcon_core.shell:Creating environment hook '/home/jacob/MTRN4231/MTRN4231/4231_demo_packages/src/demo_launch_param/install/demo_launch_param/share/demo_launch_param/hook/ament_prefix_path.ps1'
[2.807s] INFO:colcon.colcon_core.shell:Creating environment descriptor '/home/jacob/MTRN4231/MTRN4231/4231_demo_packages/src/demo_launch_param/install/demo_launch_param/share/demo_launch_param/hook/ament_prefix_path.dsv'
[2.809s] INFO:colcon.colcon_core.shell:Creating environment hook '/home/jacob/MTRN4231/MTRN4231/4231_demo_packages/src/demo_launch_param/install/demo_launch_param/share/demo_launch_param/hook/ament_prefix_path.sh'
[2.811s] INFO:colcon.colcon_core.shell:Skip shell extension 'powershell' for command environment: Not usable outside of PowerShell
[2.812s] DEBUG:colcon.colcon_core.shell:Skip shell extension 'dsv' for command environment
[3.666s] WARNING:colcon.colcon_ros.task.ament_python.build:Package 'demo_launch_param' doesn't explicitly install a marker in the package index (colcon-ros currently does it implicitly but that fallback will be removed in the future)
[3.670s] WARNING:colcon.colcon_ros.task.ament_python.build:Package 'demo_launch_param' doesn't explicitly install the 'package.xml' file (colcon-ros currently does it implicitly but that fallback will be removed in the future)
[3.671s] INFO:colcon.colcon_core.task.python.build:Building Python package in '/home/jacob/MTRN4231/MTRN4231/4231_demo_packages/src/demo_launch_param'
[3.673s] INFO:colcon.colcon_core.shell:Skip shell extension 'powershell' for command environment: Not usable outside of PowerShell
[3.673s] DEBUG:colcon.colcon_core.shell:Skip shell extension 'dsv' for command environment
[4.922s] DEBUG:colcon.colcon_core.event_handler.log_command:Invoking command in '/home/jacob/MTRN4231/MTRN4231/4231_demo_packages/src/demo_launch_param': PYTHONPATH=/home/jacob/MTRN4231/MTRN4231/4231_demo_packages/src/demo_launch_param/build/demo_launch_param/prefix_override:/usr/lib/python3/dist-packages/colcon_core/task/python/colcon_distutils_commands:/home/jacob/MTRN4231/MTRN4231/4231_demo_packages/src/demo_launch_param/install/demo_launch_param/lib/python3.10/site-packages:${PYTHONPATH} /usr/bin/python3 -W ignore:setup.py install is deprecated -W ignore:easy_install command is deprecated setup.py egg_info --egg-base build/demo_launch_param build --build-base /home/jacob/MTRN4231/MTRN4231/4231_demo_packages/src/demo_launch_param/build/demo_launch_param/build install --record /home/jacob/MTRN4231/MTRN4231/4231_demo_packages/src/demo_launch_param/build/demo_launch_param/install.log --single-version-externally-managed install_data
[5.550s] DEBUG:colcon.colcon_core.event_handler.log_command:Invoked command in '/home/jacob/MTRN4231/MTRN4231/4231_demo_packages/src/demo_launch_param' returned '0': PYTHONPATH=/home/jacob/MTRN4231/MTRN4231/4231_demo_packages/src/demo_launch_param/build/demo_launch_param/prefix_override:/usr/lib/python3/dist-packages/colcon_core/task/python/colcon_distutils_commands:/home/jacob/MTRN4231/MTRN4231/4231_demo_packages/src/demo_launch_param/install/demo_launch_param/lib/python3.10/site-packages:${PYTHONPATH} /usr/bin/python3 -W ignore:setup.py install is deprecated -W ignore:easy_install command is deprecated setup.py egg_info --egg-base build/demo_launch_param build --build-base /home/jacob/MTRN4231/MTRN4231/4231_demo_packages/src/demo_launch_param/build/demo_launch_param/build install --record /home/jacob/MTRN4231/MTRN4231/4231_demo_packages/src/demo_launch_param/build/demo_launch_param/install.log --single-version-externally-managed install_data
[5.575s] Level 1:colcon.colcon_core.environment:checking '/home/jacob/MTRN4231/MTRN4231/4231_demo_packages/src/demo_launch_param/install/demo_launch_param' for CMake module files
[5.577s] Level 1:colcon.colcon_core.environment:checking '/home/jacob/MTRN4231/MTRN4231/4231_demo_packages/src/demo_launch_param/install/demo_launch_param' for CMake config files
[5.580s] Level 1:colcon.colcon_core.environment:checking '/home/jacob/MTRN4231/MTRN4231/4231_demo_packages/src/demo_launch_param/install/demo_launch_param/lib'
[5.581s] Level 1:colcon.colcon_core.environment:checking '/home/jacob/MTRN4231/MTRN4231/4231_demo_packages/src/demo_launch_param/install/demo_launch_param/bin'
[5.581s] Level 1:colcon.colcon_core.environment:checking '/home/jacob/MTRN4231/MTRN4231/4231_demo_packages/src/demo_launch_param/install/demo_launch_param/lib/pkgconfig/demo_launch_param.pc'
[5.582s] Level 1:colcon.colcon_core.environment:checking '/home/jacob/MTRN4231/MTRN4231/4231_demo_packages/src/demo_launch_param/install/demo_launch_param/lib/python3.10/site-packages'
[5.583s] Level 1:colcon.colcon_core.shell:create_environment_hook('demo_launch_param', 'pythonpath')
[5.584s] INFO:colcon.colcon_core.shell:Creating environment hook '/home/jacob/MTRN4231/MTRN4231/4231_demo_packages/src/demo_launch_param/install/demo_launch_param/share/demo_launch_param/hook/pythonpath.ps1'
[5.586s] INFO:colcon.colcon_core.shell:Creating environment descriptor '/home/jacob/MTRN4231/MTRN4231/4231_demo_packages/src/demo_launch_param/install/demo_launch_param/share/demo_launch_param/hook/pythonpath.dsv'
[5.587s] INFO:colcon.colcon_core.shell:Creating environment hook '/home/jacob/MTRN4231/MTRN4231/4231_demo_packages/src/demo_launch_param/install/demo_launch_param/share/demo_launch_param/hook/pythonpath.sh'
[5.590s] Level 1:colcon.colcon_core.environment:checking '/home/jacob/MTRN4231/MTRN4231/4231_demo_packages/src/demo_launch_param/install/demo_launch_param/bin'
[5.590s] Level 1:colcon.colcon_core.environment:create_environment_scripts_only(demo_launch_param)
[5.592s] INFO:colcon.colcon_core.shell:Creating package script '/home/jacob/MTRN4231/MTRN4231/4231_demo_packages/src/demo_launch_param/install/demo_launch_param/share/demo_launch_param/package.ps1'
[5.598s] INFO:colcon.colcon_core.shell:Creating package descriptor '/home/jacob/MTRN4231/MTRN4231/4231_demo_packages/src/demo_launch_param/install/demo_launch_param/share/demo_launch_param/package.dsv'
[5.602s] INFO:colcon.colcon_core.shell:Creating package script '/home/jacob/MTRN4231/MTRN4231/4231_demo_packages/src/demo_launch_param/install/demo_launch_param/share/demo_launch_param/package.sh'
[5.607s] INFO:colcon.colcon_core.shell:Creating package script '/home/jacob/MTRN4231/MTRN4231/4231_demo_packages/src/demo_launch_param/install/demo_launch_param/share/demo_launch_param/package.bash'
[5.613s] INFO:colcon.colcon_core.shell:Creating package script '/home/jacob/MTRN4231/MTRN4231/4231_demo_packages/src/demo_launch_param/install/demo_launch_param/share/demo_launch_param/package.zsh'
[5.620s] Level 1:colcon.colcon_core.environment:create_file_with_runtime_dependencies(/home/jacob/MTRN4231/MTRN4231/4231_demo_packages/src/demo_launch_param/install/demo_launch_param/share/colcon-core/packages/demo_launch_param)
[5.628s] DEBUG:colcon.colcon_parallel_executor.executor.parallel:closing loop
[5.631s] DEBUG:colcon.colcon_parallel_executor.executor.parallel:loop closed
[5.632s] DEBUG:colcon.colcon_parallel_executor.executor.parallel:run_until_complete finished with '0'
[5.633s] DEBUG:colcon.colcon_core.event_reactor:joining thread
[5.709s] INFO:colcon.colcon_core.plugin_system:Skipping extension 'colcon_notification.desktop_notification.terminal_notifier': Not used on non-Darwin systems
[5.709s] INFO:colcon.colcon_core.plugin_system:Skipping extension 'colcon_notification.desktop_notification.win32': Not used on non-Windows systems
[5.709s] INFO:colcon.colcon_notification.desktop_notification:Sending desktop notification using 'notify2'
[5.844s] DEBUG:colcon.colcon_notification.desktop_notification.notify2:Failed to initialize notify2: org.freedesktop.DBus.Error.ServiceUnknown: The name org.freedesktop.Notifications was not provided by any .service files
[5.844s] DEBUG:colcon.colcon_core.event_reactor:joined thread
[5.846s] INFO:colcon.colcon_core.shell:Creating prefix script '/home/jacob/MTRN4231/MTRN4231/4231_demo_packages/src/demo_launch_param/install/local_setup.ps1'
[5.849s] INFO:colcon.colcon_core.shell:Creating prefix util module '/home/jacob/MTRN4231/MTRN4231/4231_demo_packages/src/demo_launch_param/install/_local_setup_util_ps1.py'
[5.852s] INFO:colcon.colcon_core.shell:Creating prefix chain script '/home/jacob/MTRN4231/MTRN4231/4231_demo_packages/src/demo_launch_param/install/setup.ps1'
[5.855s] INFO:colcon.colcon_core.shell:Creating prefix script '/home/jacob/MTRN4231/MTRN4231/4231_demo_packages/src/demo_launch_param/install/local_setup.sh'
[5.857s] INFO:colcon.colcon_core.shell:Creating prefix util module '/home/jacob/MTRN4231/MTRN4231/4231_demo_packages/src/demo_launch_param/install/_local_setup_util_sh.py'
[5.858s] INFO:colcon.colcon_core.shell:Creating prefix chain script '/home/jacob/MTRN4231/MTRN4231/4231_demo_packages/src/demo_launch_param/install/setup.sh'
[5.861s] INFO:colcon.colcon_core.shell:Creating prefix script '/home/jacob/MTRN4231/MTRN4231/4231_demo_packages/src/demo_launch_param/install/local_setup.bash'
[5.863s] INFO:colcon.colcon_core.shell:Creating prefix chain script '/home/jacob/MTRN4231/MTRN4231/4231_demo_packages/src/demo_launch_param/install/setup.bash'
[5.865s] INFO:colcon.colcon_core.shell:Creating prefix script '/home/jacob/MTRN4231/MTRN4231/4231_demo_packages/src/demo_launch_param/install/local_setup.zsh'
[5.867s] INFO:colcon.colcon_core.shell:Creating prefix chain script '/home/jacob/MTRN4231/MTRN4231/4231_demo_packages/src/demo_launch_param/install/setup.zsh'
