In file included from [01m[K/opt/ros/humble/include/rclcpp/rclcpp/logging.hpp:24[m[K,
                 from [01m[K/opt/ros/humble/include/rclcpp/rclcpp/client.hpp:40[m[K,
                 from [01m[K/opt/ros/humble/include/rclcpp/rclcpp/callback_group.hpp:24[m[K,
                 from [01m[K/opt/ros/humble/include/rclcpp/rclcpp/any_executable.hpp:20[m[K,
                 from [01m[K/opt/ros/humble/include/rclcpp/rclcpp/memory_strategy.hpp:25[m[K,
                 from [01m[K/opt/ros/humble/include/rclcpp/rclcpp/memory_strategies.hpp:18[m[K,
                 from [01m[K/opt/ros/humble/include/rclcpp/rclcpp/executor_options.hpp:20[m[K,
                 from [01m[K/opt/ros/humble/include/rclcpp/rclcpp/executor.hpp:37[m[K,
                 from [01m[K/opt/ros/humble/include/rclcpp/rclcpp/executors/multi_threaded_executor.hpp:25[m[K,
                 from [01m[K/opt/ros/humble/include/rclcpp/rclcpp/executors.hpp:21[m[K,
                 from [01m[K/opt/ros/humble/include/rclcpp/rclcpp/rclcpp.hpp:155[m[K,
                 from [01m[K/home/jacob/MTRN4231/MTRN4231/fruit_picker_ws/src/user_input/src/user_interface.cpp:6[m[K:
[01m[K/home/jacob/MTRN4231/MTRN4231/fruit_picker_ws/src/user_input/src/user_interface.cpp:[m[K In member function ‘[01m[Krclcpp_action::GoalResponse user_input::UserInterfaceActionServer::handle_goal(const GoalUUID&, std::shared_ptr<const input_interfaces::action::UserInput_Goal_<std::allocator<void> > >)[m[K’:
[01m[K/home/jacob/MTRN4231/MTRN4231/fruit_picker_ws/src/user_input/src/user_interface.cpp:40:82:[m[K [01;31m[Kerror: [m[K‘[01m[Kusing element_type = const struct input_interfaces::action::UserInput_Goal_<std::allocator<void> >[m[K’ {aka ‘[01m[Kconst struct input_interfaces::action::UserInput_Goal_<std::allocator<void> >[m[K’} has no member named ‘[01m[Korder[m[K’
   40 |     RCLCPP_INFO(this->get_logger(), "Received goal request with order %d", goal->[01;31m[Korder[m[K);
      |                                                                                  [01;31m[K^~~~~[m[K
[01m[K/home/jacob/MTRN4231/MTRN4231/fruit_picker_ws/src/user_input/src/user_interface.cpp:[m[K In member function ‘[01m[Kvoid user_input::UserInterfaceActionServer::execute(std::shared_ptr<rclcpp_action::ServerGoalHandle<input_interfaces::action::UserInput> >)[m[K’:
[01m[K/home/jacob/MTRN4231/MTRN4231/fruit_picker_ws/src/user_input/src/user_interface.cpp:108:15:[m[K [01;31m[Kerror: [m[K‘[01m[Kusing element_type = struct input_interfaces::action::UserInput_Result_<std::allocator<void> >[m[K’ {aka ‘[01m[Kstruct input_interfaces::action::UserInput_Result_<std::allocator<void> >[m[K’} has no member named ‘[01m[Ksequence[m[K’
  108 |       result->[01;31m[Ksequence[m[K = sequence;
      |               [01;31m[K^~~~~~~~[m[K
[01m[K/home/jacob/MTRN4231/MTRN4231/fruit_picker_ws/src/user_input/src/user_interface.cpp:108:26:[m[K [01;31m[Kerror: [m[K‘[01m[Ksequence[m[K’ was not declared in this scope
  108 |       result->sequence = [01;31m[Ksequence[m[K;
      |                          [01;31m[K^~~~~~~~[m[K
gmake[2]: *** [CMakeFiles/action_server.dir/build.make:76: CMakeFiles/action_server.dir/src/user_interface.cpp.o] Error 1
gmake[1]: *** [CMakeFiles/Makefile2:139: CMakeFiles/action_server.dir/all] Error 2
gmake: *** [Makefile:146: all] Error 2
