[0.309s] DEBUG:colcon:Command line arguments: ['/usr/bin/colcon', 'build']
[0.309s] DEBUG:colcon:Parsed command line arguments: Namespace(log_base=None, log_level=None, verb_name='build', build_base='build', install_base='install', merge_install=False, symlink_install=False, test_result_base=None, continue_on_error=False, executor='parallel', parallel_workers=8, event_handlers=None, ignore_user_meta=False, metas=['./colcon.meta'], base_paths=['.'], packages_ignore=None, packages_ignore_regex=None, paths=None, packages_up_to=None, packages_up_to_regex=None, packages_above=None, packages_above_and_dependencies=None, packages_above_depth=None, packages_select_by_dep=None, packages_skip_by_dep=None, packages_skip_up_to=None, packages_select_build_failed=False, packages_skip_build_finished=False, packages_select_test_failures=False, packages_skip_test_passed=False, packages_select=None, packages_skip=None, packages_select_regex=None, packages_skip_regex=None, packages_start=None, packages_end=None, allow_overriding=[], cmake_args=None, cmake_target=None, cmake_target_skip_unavailable=False, cmake_clean_cache=False, cmake_clean_first=False, cmake_force_configure=False, ament_cmake_args=None, catkin_cmake_args=None, catkin_skip_building_tests=False, mixin_files=None, mixin=None, verb_parser=<colcon_mixin.mixin.mixin_argument.MixinArgumentDecorator object at 0x7d9dd0465840>, verb_extension=<colcon_core.verb.build.BuildVerb object at 0x7d9dd0464d90>, main=<bound method BuildVerb.main of <colcon_core.verb.build.BuildVerb object at 0x7d9dd0464d90>>, mixin_verb=('build',))
[0.882s] Level 1:colcon.colcon_core.package_discovery:discover_packages(colcon_meta) check parameters
[0.883s] Level 1:colcon.colcon_core.package_discovery:discover_packages(recursive) check parameters
[0.883s] Level 1:colcon.colcon_core.package_discovery:discover_packages(ignore) check parameters
[0.883s] Level 1:colcon.colcon_core.package_discovery:discover_packages(path) check parameters
[0.883s] Level 1:colcon.colcon_core.package_discovery:discover_packages(colcon_meta) discover
[0.883s] Level 1:colcon.colcon_core.package_discovery:discover_packages(recursive) discover
[0.883s] INFO:colcon.colcon_core.package_discovery:Crawling recursively for packages in '/home/jacob/MTRN4231/lab3_workspace/src/object_detect'
[0.884s] Level 1:colcon.colcon_core.package_identification:_identify(.) by extensions ['ignore', 'ignore_ament_install']
[0.884s] Level 1:colcon.colcon_core.package_identification:_identify(.) by extension 'ignore'
[0.884s] Level 1:colcon.colcon_core.package_identification:_identify(.) by extension 'ignore_ament_install'
[0.884s] Level 1:colcon.colcon_core.package_identification:_identify(.) by extensions ['colcon_pkg']
[0.884s] Level 1:colcon.colcon_core.package_identification:_identify(.) by extension 'colcon_pkg'
[0.884s] Level 1:colcon.colcon_core.package_identification:_identify(.) by extensions ['colcon_meta']
[0.884s] Level 1:colcon.colcon_core.package_identification:_identify(.) by extension 'colcon_meta'
[0.885s] Level 1:colcon.colcon_core.package_identification:_identify(.) by extensions ['ros']
[0.885s] Level 1:colcon.colcon_core.package_identification:_identify(.) by extension 'ros'
[0.925s] DEBUG:colcon.colcon_core.package_identification:Package '.' with type 'ros.ament_python' and name 'object_detect'
[0.925s] Level 1:colcon.colcon_core.package_discovery:discover_packages(recursive) using defaults
[0.925s] Level 1:colcon.colcon_core.package_discovery:discover_packages(ignore) discover
[0.925s] Level 1:colcon.colcon_core.package_discovery:discover_packages(ignore) using defaults
[0.925s] Level 1:colcon.colcon_core.package_discovery:discover_packages(path) discover
[0.925s] Level 1:colcon.colcon_core.package_discovery:discover_packages(path) using defaults
[1.003s] Level 1:colcon.colcon_core.package_discovery:discover_packages(prefix_path) check parameters
[1.003s] Level 1:colcon.colcon_core.package_discovery:discover_packages(prefix_path) discover
[1.013s] DEBUG:colcon.colcon_installed_package_information.package_discovery:Found 279 installed packages in /opt/ros/humble
[1.017s] Level 1:colcon.colcon_core.package_discovery:discover_packages(prefix_path) using defaults
[1.123s] Level 5:colcon.colcon_core.verb:set package 'object_detect' build argument 'cmake_args' from command line to 'None'
[1.123s] Level 5:colcon.colcon_core.verb:set package 'object_detect' build argument 'cmake_target' from command line to 'None'
[1.123s] Level 5:colcon.colcon_core.verb:set package 'object_detect' build argument 'cmake_target_skip_unavailable' from command line to 'False'
[1.123s] Level 5:colcon.colcon_core.verb:set package 'object_detect' build argument 'cmake_clean_cache' from command line to 'False'
[1.123s] Level 5:colcon.colcon_core.verb:set package 'object_detect' build argument 'cmake_clean_first' from command line to 'False'
[1.123s] Level 5:colcon.colcon_core.verb:set package 'object_detect' build argument 'cmake_force_configure' from command line to 'False'
[1.123s] Level 5:colcon.colcon_core.verb:set package 'object_detect' build argument 'ament_cmake_args' from command line to 'None'
[1.123s] Level 5:colcon.colcon_core.verb:set package 'object_detect' build argument 'catkin_cmake_args' from command line to 'None'
[1.123s] Level 5:colcon.colcon_core.verb:set package 'object_detect' build argument 'catkin_skip_building_tests' from command line to 'False'
[1.123s] DEBUG:colcon.colcon_core.verb:Building package 'object_detect' with the following arguments: {'ament_cmake_args': None, 'build_base': '/home/jacob/MTRN4231/lab3_workspace/src/object_detect/build/object_detect', 'catkin_cmake_args': None, 'catkin_skip_building_tests': False, 'cmake_args': None, 'cmake_clean_cache': False, 'cmake_clean_first': False, 'cmake_force_configure': False, 'cmake_target': None, 'cmake_target_skip_unavailable': False, 'install_base': '/home/jacob/MTRN4231/lab3_workspace/src/object_detect/install/object_detect', 'merge_install': False, 'path': '/home/jacob/MTRN4231/lab3_workspace/src/object_detect', 'symlink_install': False, 'test_result_base': None}
[1.123s] INFO:colcon.colcon_core.executor:Executing jobs using 'parallel' executor
[1.125s] DEBUG:colcon.colcon_parallel_executor.executor.parallel:run_until_complete
[1.126s] INFO:colcon.colcon_ros.task.ament_python.build:Building ROS package in '/home/jacob/MTRN4231/lab3_workspace/src/object_detect' with build type 'ament_python'
[1.126s] Level 1:colcon.colcon_core.shell:create_environment_hook('object_detect', 'ament_prefix_path')
[1.139s] INFO:colcon.colcon_core.plugin_system:Skipping extension 'colcon_core.shell.bat': Not used on non-Windows systems
[1.139s] INFO:colcon.colcon_core.shell:Creating environment hook '/home/jacob/MTRN4231/lab3_workspace/src/object_detect/install/object_detect/share/object_detect/hook/ament_prefix_path.ps1'
[1.141s] INFO:colcon.colcon_core.shell:Creating environment descriptor '/home/jacob/MTRN4231/lab3_workspace/src/object_detect/install/object_detect/share/object_detect/hook/ament_prefix_path.dsv'
[1.143s] INFO:colcon.colcon_core.shell:Creating environment hook '/home/jacob/MTRN4231/lab3_workspace/src/object_detect/install/object_detect/share/object_detect/hook/ament_prefix_path.sh'
[1.146s] INFO:colcon.colcon_core.shell:Skip shell extension 'powershell' for command environment: Not usable outside of PowerShell
[1.146s] DEBUG:colcon.colcon_core.shell:Skip shell extension 'dsv' for command environment
[2.020s] INFO:colcon.colcon_core.task.python.build:Building Python package in '/home/jacob/MTRN4231/lab3_workspace/src/object_detect'
[2.020s] INFO:colcon.colcon_core.shell:Skip shell extension 'powershell' for command environment: Not usable outside of PowerShell
[2.020s] DEBUG:colcon.colcon_core.shell:Skip shell extension 'dsv' for command environment
[3.145s] DEBUG:colcon.colcon_core.event_handler.log_command:Invoking command in '/home/jacob/MTRN4231/lab3_workspace/src/object_detect': PYTHONPATH=/home/jacob/MTRN4231/lab3_workspace/src/object_detect/build/object_detect/prefix_override:/usr/lib/python3/dist-packages/colcon_core/task/python/colcon_distutils_commands:/home/jacob/MTRN4231/lab3_workspace/src/object_detect/install/object_detect/lib/python3.10/site-packages:${PYTHONPATH} /usr/bin/python3 -W ignore:setup.py install is deprecated -W ignore:easy_install command is deprecated setup.py egg_info --egg-base build/object_detect build --build-base /home/jacob/MTRN4231/lab3_workspace/src/object_detect/build/object_detect/build install --record /home/jacob/MTRN4231/lab3_workspace/src/object_detect/build/object_detect/install.log --single-version-externally-managed install_data
[4.156s] DEBUG:colcon.colcon_core.event_handler.log_command:Invoked command in '/home/jacob/MTRN4231/lab3_workspace/src/object_detect' returned '0': PYTHONPATH=/home/jacob/MTRN4231/lab3_workspace/src/object_detect/build/object_detect/prefix_override:/usr/lib/python3/dist-packages/colcon_core/task/python/colcon_distutils_commands:/home/jacob/MTRN4231/lab3_workspace/src/object_detect/install/object_detect/lib/python3.10/site-packages:${PYTHONPATH} /usr/bin/python3 -W ignore:setup.py install is deprecated -W ignore:easy_install command is deprecated setup.py egg_info --egg-base build/object_detect build --build-base /home/jacob/MTRN4231/lab3_workspace/src/object_detect/build/object_detect/build install --record /home/jacob/MTRN4231/lab3_workspace/src/object_detect/build/object_detect/install.log --single-version-externally-managed install_data
[4.171s] Level 1:colcon.colcon_core.environment:checking '/home/jacob/MTRN4231/lab3_workspace/src/object_detect/install/object_detect' for CMake module files
[4.173s] Level 1:colcon.colcon_core.environment:checking '/home/jacob/MTRN4231/lab3_workspace/src/object_detect/install/object_detect' for CMake config files
[4.180s] Level 1:colcon.colcon_core.environment:checking '/home/jacob/MTRN4231/lab3_workspace/src/object_detect/install/object_detect/lib'
[4.181s] Level 1:colcon.colcon_core.environment:checking '/home/jacob/MTRN4231/lab3_workspace/src/object_detect/install/object_detect/bin'
[4.181s] Level 1:colcon.colcon_core.environment:checking '/home/jacob/MTRN4231/lab3_workspace/src/object_detect/install/object_detect/lib/pkgconfig/object_detect.pc'
[4.184s] Level 1:colcon.colcon_core.environment:checking '/home/jacob/MTRN4231/lab3_workspace/src/object_detect/install/object_detect/lib/python3.10/site-packages'
[4.185s] Level 1:colcon.colcon_core.shell:create_environment_hook('object_detect', 'pythonpath')
[4.186s] INFO:colcon.colcon_core.shell:Creating environment hook '/home/jacob/MTRN4231/lab3_workspace/src/object_detect/install/object_detect/share/object_detect/hook/pythonpath.ps1'
[4.188s] INFO:colcon.colcon_core.shell:Creating environment descriptor '/home/jacob/MTRN4231/lab3_workspace/src/object_detect/install/object_detect/share/object_detect/hook/pythonpath.dsv'
[4.190s] INFO:colcon.colcon_core.shell:Creating environment hook '/home/jacob/MTRN4231/lab3_workspace/src/object_detect/install/object_detect/share/object_detect/hook/pythonpath.sh'
[4.193s] Level 1:colcon.colcon_core.environment:checking '/home/jacob/MTRN4231/lab3_workspace/src/object_detect/install/object_detect/bin'
[4.194s] Level 1:colcon.colcon_core.environment:create_environment_scripts_only(object_detect)
[4.195s] INFO:colcon.colcon_core.shell:Creating package script '/home/jacob/MTRN4231/lab3_workspace/src/object_detect/install/object_detect/share/object_detect/package.ps1'
[4.199s] INFO:colcon.colcon_core.shell:Creating package descriptor '/home/jacob/MTRN4231/lab3_workspace/src/object_detect/install/object_detect/share/object_detect/package.dsv'
[4.201s] INFO:colcon.colcon_core.shell:Creating package script '/home/jacob/MTRN4231/lab3_workspace/src/object_detect/install/object_detect/share/object_detect/package.sh'
[4.203s] INFO:colcon.colcon_core.shell:Creating package script '/home/jacob/MTRN4231/lab3_workspace/src/object_detect/install/object_detect/share/object_detect/package.bash'
[4.206s] INFO:colcon.colcon_core.shell:Creating package script '/home/jacob/MTRN4231/lab3_workspace/src/object_detect/install/object_detect/share/object_detect/package.zsh'
[4.208s] Level 1:colcon.colcon_core.environment:create_file_with_runtime_dependencies(/home/jacob/MTRN4231/lab3_workspace/src/object_detect/install/object_detect/share/colcon-core/packages/object_detect)
[4.209s] DEBUG:colcon.colcon_parallel_executor.executor.parallel:closing loop
[4.210s] DEBUG:colcon.colcon_parallel_executor.executor.parallel:loop closed
[4.210s] DEBUG:colcon.colcon_parallel_executor.executor.parallel:run_until_complete finished with '0'
[4.211s] DEBUG:colcon.colcon_core.event_reactor:joining thread
[4.229s] INFO:colcon.colcon_core.plugin_system:Skipping extension 'colcon_notification.desktop_notification.terminal_notifier': Not used on non-Darwin systems
[4.229s] INFO:colcon.colcon_core.plugin_system:Skipping extension 'colcon_notification.desktop_notification.win32': Not used on non-Windows systems
[4.229s] INFO:colcon.colcon_notification.desktop_notification:Sending desktop notification using 'notify2'
[4.267s] DEBUG:colcon.colcon_core.event_reactor:joined thread
[4.269s] INFO:colcon.colcon_core.shell:Creating prefix script '/home/jacob/MTRN4231/lab3_workspace/src/object_detect/install/local_setup.ps1'
[4.274s] INFO:colcon.colcon_core.shell:Creating prefix util module '/home/jacob/MTRN4231/lab3_workspace/src/object_detect/install/_local_setup_util_ps1.py'
[4.281s] INFO:colcon.colcon_core.shell:Creating prefix chain script '/home/jacob/MTRN4231/lab3_workspace/src/object_detect/install/setup.ps1'
[4.285s] INFO:colcon.colcon_core.shell:Creating prefix script '/home/jacob/MTRN4231/lab3_workspace/src/object_detect/install/local_setup.sh'
[4.289s] INFO:colcon.colcon_core.shell:Creating prefix util module '/home/jacob/MTRN4231/lab3_workspace/src/object_detect/install/_local_setup_util_sh.py'
[4.292s] INFO:colcon.colcon_core.shell:Creating prefix chain script '/home/jacob/MTRN4231/lab3_workspace/src/object_detect/install/setup.sh'
[4.296s] INFO:colcon.colcon_core.shell:Creating prefix script '/home/jacob/MTRN4231/lab3_workspace/src/object_detect/install/local_setup.bash'
[4.298s] INFO:colcon.colcon_core.shell:Creating prefix chain script '/home/jacob/MTRN4231/lab3_workspace/src/object_detect/install/setup.bash'
[4.301s] INFO:colcon.colcon_core.shell:Creating prefix script '/home/jacob/MTRN4231/lab3_workspace/src/object_detect/install/local_setup.zsh'
[4.303s] INFO:colcon.colcon_core.shell:Creating prefix chain script '/home/jacob/MTRN4231/lab3_workspace/src/object_detect/install/setup.zsh'
