[0.030s] Invoking command in '/home/jacob/MTRN4231/MTRN4231/fruit_picker_ws/src/build/user_input': CMAKE_PREFIX_PATH=${CMAKE_PREFIX_PATH}:/opt/ros/humble /usr/bin/cmake /home/jacob/MTRN4231/MTRN4231/fruit_picker_ws/src/user_input -DCMAKE_INSTALL_PREFIX=/home/jacob/MTRN4231/MTRN4231/fruit_picker_ws/src/install/user_input
[0.082s] -- Found ament_cmake: 1.3.12 (/opt/ros/humble/share/ament_cmake/cmake)
[0.384s] -- Found rclcpp: 16.0.15 (/opt/ros/humble/share/rclcpp/cmake)
[0.709s] -- Found rosidl_generator_c: 3.1.7 (/opt/ros/humble/share/rosidl_generator_c/cmake)
[0.715s] -- Found rosidl_adapter: 3.1.7 (/opt/ros/humble/share/rosidl_adapter/cmake)
[0.726s] -- Found rosidl_generator_cpp: 3.1.7 (/opt/ros/humble/share/rosidl_generator_cpp/cmake)
[0.749s] -- Using all available rosidl_typesupport_c: rosidl_typesupport_fastrtps_c;rosidl_typesupport_introspection_c
[0.765s] -- Using all available rosidl_typesupport_cpp: rosidl_typesupport_fastrtps_cpp;rosidl_typesupport_introspection_cpp
[0.850s] -- Found rmw_implementation_cmake: 6.1.2 (/opt/ros/humble/share/rmw_implementation_cmake/cmake)
[0.857s] -- Found rmw_fastrtps_cpp: 6.2.8 (/opt/ros/humble/share/rmw_fastrtps_cpp/cmake)
[13.034s] -- Using RMW implementation 'rmw_fastrtps_cpp' as default
[13.165s] -- Found rclcpp_action: 16.0.15 (/opt/ros/humble/share/rclcpp_action/cmake)
[13.224s] -- Found input_interfaces: 0.0.0 (/home/jacob/MTRN4231/MTRN4231/fruit_picker_ws/src/install/input_interfaces/share/input_interfaces/cmake)
[13.255s] -- Found ament_lint_auto: 0.12.14 (/opt/ros/humble/share/ament_lint_auto/cmake)
[13.385s] -- Added test 'cppcheck' to perform static code analysis on C / C++ code
[13.385s] -- Configured cppcheck include dirs: 
[13.385s] -- Configured cppcheck exclude dirs and/or files: 
[13.389s] -- Added test 'flake8' to check Python code syntax and style conventions
[13.392s] -- Added test 'lint_cmake' to check CMake code style
[13.395s] -- Added test 'pep257' to check Python code against some of the docstring style conventions in PEP 257
[13.402s] -- Added test 'uncrustify' to check C / C++ code style
[13.402s] -- Configured uncrustify additional arguments: 
[13.404s] -- Added test 'xmllint' to check XML markup files
[13.407s] -- Configuring done
[13.434s] -- Generating done
[13.443s] -- Build files have been written to: /home/jacob/MTRN4231/MTRN4231/fruit_picker_ws/src/build/user_input
[13.455s] Invoked command in '/home/jacob/MTRN4231/MTRN4231/fruit_picker_ws/src/build/user_input' returned '0': CMAKE_PREFIX_PATH=${CMAKE_PREFIX_PATH}:/opt/ros/humble /usr/bin/cmake /home/jacob/MTRN4231/MTRN4231/fruit_picker_ws/src/user_input -DCMAKE_INSTALL_PREFIX=/home/jacob/MTRN4231/MTRN4231/fruit_picker_ws/src/install/user_input
[13.459s] Invoking command in '/home/jacob/MTRN4231/MTRN4231/fruit_picker_ws/src/build/user_input': CMAKE_PREFIX_PATH=${CMAKE_PREFIX_PATH}:/opt/ros/humble /usr/bin/cmake --build /home/jacob/MTRN4231/MTRN4231/fruit_picker_ws/src/build/user_input -- -j8 -l8
[13.545s] [ 25%] [32mBuilding CXX object CMakeFiles/user_interface_node.dir/src/user_interface.cpp.o[0m
[13.546s] [ 50%] [32mBuilding CXX object CMakeFiles/start_node.dir/src/start.cpp.o[0m
[20.385s] [ 75%] [32m[1mLinking CXX executable user_interface_node[0m
[20.898s] [100%] [32m[1mLinking CXX executable start_node[0m
[20.926s] [100%] Built target user_interface_node
[21.362s] [100%] Built target start_node
[21.380s] Invoked command in '/home/jacob/MTRN4231/MTRN4231/fruit_picker_ws/src/build/user_input' returned '0': CMAKE_PREFIX_PATH=${CMAKE_PREFIX_PATH}:/opt/ros/humble /usr/bin/cmake --build /home/jacob/MTRN4231/MTRN4231/fruit_picker_ws/src/build/user_input -- -j8 -l8
[21.383s] Invoking command in '/home/jacob/MTRN4231/MTRN4231/fruit_picker_ws/src/build/user_input': CMAKE_PREFIX_PATH=${CMAKE_PREFIX_PATH}:/opt/ros/humble /usr/bin/cmake --install /home/jacob/MTRN4231/MTRN4231/fruit_picker_ws/src/build/user_input
[21.396s] -- Install configuration: ""
[21.397s] -- Installing: /home/jacob/MTRN4231/MTRN4231/fruit_picker_ws/src/install/user_input/lib/user_input/user_interface_node
[21.399s] -- Set runtime path of "/home/jacob/MTRN4231/MTRN4231/fruit_picker_ws/src/install/user_input/lib/user_input/user_interface_node" to ""
[21.400s] -- Installing: /home/jacob/MTRN4231/MTRN4231/fruit_picker_ws/src/install/user_input/lib/user_input/start_node
[21.402s] -- Set runtime path of "/home/jacob/MTRN4231/MTRN4231/fruit_picker_ws/src/install/user_input/lib/user_input/start_node" to ""
[21.404s] -- Installing: /home/jacob/MTRN4231/MTRN4231/fruit_picker_ws/src/install/user_input/share/ament_index/resource_index/package_run_dependencies/user_input
[21.405s] -- Installing: /home/jacob/MTRN4231/MTRN4231/fruit_picker_ws/src/install/user_input/share/ament_index/resource_index/parent_prefix_path/user_input
[21.406s] -- Installing: /home/jacob/MTRN4231/MTRN4231/fruit_picker_ws/src/install/user_input/share/user_input/environment/ament_prefix_path.sh
[21.407s] -- Installing: /home/jacob/MTRN4231/MTRN4231/fruit_picker_ws/src/install/user_input/share/user_input/environment/ament_prefix_path.dsv
[21.407s] -- Installing: /home/jacob/MTRN4231/MTRN4231/fruit_picker_ws/src/install/user_input/share/user_input/environment/path.sh
[21.408s] -- Installing: /home/jacob/MTRN4231/MTRN4231/fruit_picker_ws/src/install/user_input/share/user_input/environment/path.dsv
[21.408s] -- Installing: /home/jacob/MTRN4231/MTRN4231/fruit_picker_ws/src/install/user_input/share/user_input/local_setup.bash
[21.409s] -- Installing: /home/jacob/MTRN4231/MTRN4231/fruit_picker_ws/src/install/user_input/share/user_input/local_setup.sh
[21.409s] -- Installing: /home/jacob/MTRN4231/MTRN4231/fruit_picker_ws/src/install/user_input/share/user_input/local_setup.zsh
[21.410s] -- Installing: /home/jacob/MTRN4231/MTRN4231/fruit_picker_ws/src/install/user_input/share/user_input/local_setup.dsv
[21.410s] -- Installing: /home/jacob/MTRN4231/MTRN4231/fruit_picker_ws/src/install/user_input/share/user_input/package.dsv
[21.412s] -- Installing: /home/jacob/MTRN4231/MTRN4231/fruit_picker_ws/src/install/user_input/share/ament_index/resource_index/packages/user_input
[21.414s] -- Installing: /home/jacob/MTRN4231/MTRN4231/fruit_picker_ws/src/install/user_input/share/user_input/cmake/user_inputConfig.cmake
[21.414s] -- Installing: /home/jacob/MTRN4231/MTRN4231/fruit_picker_ws/src/install/user_input/share/user_input/cmake/user_inputConfig-version.cmake
[21.414s] -- Installing: /home/jacob/MTRN4231/MTRN4231/fruit_picker_ws/src/install/user_input/share/user_input/package.xml
[21.420s] Invoked command in '/home/jacob/MTRN4231/MTRN4231/fruit_picker_ws/src/build/user_input' returned '0': CMAKE_PREFIX_PATH=${CMAKE_PREFIX_PATH}:/opt/ros/humble /usr/bin/cmake --install /home/jacob/MTRN4231/MTRN4231/fruit_picker_ws/src/build/user_input
