[35m[1mConsolidate compiler generated dependencies of target action_server[0m
[ 50%] Built target user_interface_node
[ 75%] [32mBuilding CXX object CMakeFiles/action_server.dir/src/user_interface.cpp.o[0m
[100%] [32m[1mLinking CXX shared library libaction_server.so[0m
[100%] Built target action_server
-- Install configuration: ""
-- Installing: /home/jacob/MTRN4231/MTRN4231/fruit_picker_ws/install/user_input/lib/user_input/user_interface_node
-- Set runtime path of "/home/jacob/MTRN4231/MTRN4231/fruit_picker_ws/install/user_input/lib/user_input/user_interface_node" to ""
-- Installing: /home/jacob/MTRN4231/MTRN4231/fruit_picker_ws/install/user_input/lib/libaction_server.so
-- Set runtime path of "/home/jacob/MTRN4231/MTRN4231/fruit_picker_ws/install/user_input/lib/libaction_server.so" to ""
-- Installing: /home/jacob/MTRN4231/MTRN4231/fruit_picker_ws/install/user_input/share/ament_index/resource_index/package_run_dependencies/user_input
-- Installing: /home/jacob/MTRN4231/MTRN4231/fruit_picker_ws/install/user_input/share/ament_index/resource_index/parent_prefix_path/user_input
-- Installing: /home/jacob/MTRN4231/MTRN4231/fruit_picker_ws/install/user_input/share/user_input/environment/ament_prefix_path.sh
-- Installing: /home/jacob/MTRN4231/MTRN4231/fruit_picker_ws/install/user_input/share/user_input/environment/ament_prefix_path.dsv
-- Installing: /home/jacob/MTRN4231/MTRN4231/fruit_picker_ws/install/user_input/share/user_input/environment/path.sh
-- Installing: /home/jacob/MTRN4231/MTRN4231/fruit_picker_ws/install/user_input/share/user_input/environment/path.dsv
-- Installing: /home/jacob/MTRN4231/MTRN4231/fruit_picker_ws/install/user_input/share/user_input/local_setup.bash
-- Installing: /home/jacob/MTRN4231/MTRN4231/fruit_picker_ws/install/user_input/share/user_input/local_setup.sh
-- Installing: /home/jacob/MTRN4231/MTRN4231/fruit_picker_ws/install/user_input/share/user_input/local_setup.zsh
-- Installing: /home/jacob/MTRN4231/MTRN4231/fruit_picker_ws/install/user_input/share/user_input/local_setup.dsv
-- Installing: /home/jacob/MTRN4231/MTRN4231/fruit_picker_ws/install/user_input/share/user_input/package.dsv
-- Installing: /home/jacob/MTRN4231/MTRN4231/fruit_picker_ws/install/user_input/share/ament_index/resource_index/packages/user_input
-- Installing: /home/jacob/MTRN4231/MTRN4231/fruit_picker_ws/install/user_input/share/ament_index/resource_index/rclcpp_components/user_input
-- Installing: /home/jacob/MTRN4231/MTRN4231/fruit_picker_ws/install/user_input/share/user_input/cmake/user_inputConfig.cmake
-- Installing: /home/jacob/MTRN4231/MTRN4231/fruit_picker_ws/install/user_input/share/user_input/cmake/user_inputConfig-version.cmake
-- Installing: /home/jacob/MTRN4231/MTRN4231/fruit_picker_ws/install/user_input/share/user_input/package.xml
