[0.037s] Invoking command in '/home/jacob/MTRN4231/MTRN4231/fruit_picker_ws/build/user_input': CMAKE_PREFIX_PATH=${CMAKE_PREFIX_PATH}:/opt/ros/humble /usr/bin/cmake --build /home/jacob/MTRN4231/MTRN4231/fruit_picker_ws/build/user_input -- -j8 -l8
[0.084s] -- Found ament_cmake: 1.3.12 (/opt/ros/humble/share/ament_cmake/cmake)
[0.469s] -- Found rclcpp: 16.0.15 (/opt/ros/humble/share/rclcpp/cmake)
[0.836s] -- Found rosidl_generator_c: 3.1.7 (/opt/ros/humble/share/rosidl_generator_c/cmake)
[0.843s] -- Found rosidl_adapter: 3.1.7 (/opt/ros/humble/share/rosidl_adapter/cmake)
[0.856s] -- Found rosidl_generator_cpp: 3.1.7 (/opt/ros/humble/share/rosidl_generator_cpp/cmake)
[0.874s] -- Using all available rosidl_typesupport_c: rosidl_typesupport_fastrtps_c;rosidl_typesupport_introspection_c
[0.900s] -- Using all available rosidl_typesupport_cpp: rosidl_typesupport_fastrtps_cpp;rosidl_typesupport_introspection_cpp
[0.965s] -- Found rmw_implementation_cmake: 6.1.2 (/opt/ros/humble/share/rmw_implementation_cmake/cmake)
[0.968s] -- Found rmw_fastrtps_cpp: 6.2.8 (/opt/ros/humble/share/rmw_fastrtps_cpp/cmake)
[16.496s] -- Using RMW implementation 'rmw_fastrtps_cpp' as default
[16.606s] -- Found rclcpp_action: 16.0.15 (/opt/ros/humble/share/rclcpp_action/cmake)
[16.663s] -- Found input_interfaces: 0.0.0 (/home/jacob/MTRN4231/MTRN4231/fruit_picker_ws/install/input_interfaces/share/input_interfaces/cmake)
[16.688s] -- Found ament_lint_auto: 0.12.14 (/opt/ros/humble/share/ament_lint_auto/cmake)
[16.844s] -- Added test 'cppcheck' to perform static code analysis on C / C++ code
[16.845s] -- Configured cppcheck include dirs: 
[16.845s] -- Configured cppcheck exclude dirs and/or files: 
[16.846s] -- Added test 'flake8' to check Python code syntax and style conventions
[16.848s] -- Added test 'lint_cmake' to check CMake code style
[16.850s] -- Added test 'pep257' to check Python code against some of the docstring style conventions in PEP 257
[16.854s] -- Added test 'uncrustify' to check C / C++ code style
[16.854s] -- Configured uncrustify additional arguments: 
[16.856s] -- Added test 'xmllint' to check XML markup files
[16.860s] -- Configuring done
[16.919s] -- Generating done
[16.935s] -- Build files have been written to: /home/jacob/MTRN4231/MTRN4231/fruit_picker_ws/build/user_input
[17.004s] [35m[1mConsolidate compiler generated dependencies of target user_interface_node[0m
[17.030s] [ 25%] [32mBuilding CXX object CMakeFiles/start_node.dir/src/start.cpp.o[0m
[17.050s] [ 50%] [32mBuilding CXX object CMakeFiles/user_interface_node.dir/src/user_interface.cpp.o[0m
[24.077s] [01m[K/home/jacob/MTRN4231/MTRN4231/fruit_picker_ws/src/user_input/src/start.cpp:109:32:[m[K [01;31m[Kerror: [m[Kexpected constructor, destructor, or type conversion before ‘[01m[K([m[K’ token
[24.078s]   109 | RCLCPP_COMPONENTS_REGISTER_NODE[01;31m[K([m[Kuser_input::StartActionClient)
[24.079s]       |                                [01;31m[K^[m[K
[25.617s] gmake[2]: *** [CMakeFiles/start_node.dir/build.make:76: CMakeFiles/start_node.dir/src/start.cpp.o] Error 1
[25.618s] gmake[1]: *** [CMakeFiles/Makefile2:139: CMakeFiles/start_node.dir/all] Error 2
[25.618s] gmake[1]: *** Waiting for unfinished jobs....
[26.834s] [ 75%] [32m[1mLinking CXX executable user_interface_node[0m
[27.564s] [ 75%] Built target user_interface_node
[27.567s] gmake: *** [Makefile:146: all] Error 2
[27.572s] Invoked command in '/home/jacob/MTRN4231/MTRN4231/fruit_picker_ws/build/user_input' returned '2': CMAKE_PREFIX_PATH=${CMAKE_PREFIX_PATH}:/opt/ros/humble /usr/bin/cmake --build /home/jacob/MTRN4231/MTRN4231/fruit_picker_ws/build/user_input -- -j8 -l8
