[0.340s] DEBUG:colcon:Command line arguments: ['/usr/bin/colcon', 'build']
[0.340s] DEBUG:colcon:Parsed command line arguments: Namespace(log_base=None, log_level=None, verb_name='build', build_base='build', install_base='install', merge_install=False, symlink_install=False, test_result_base=None, continue_on_error=False, executor='parallel', parallel_workers=8, event_handlers=None, ignore_user_meta=False, metas=['./colcon.meta'], base_paths=['.'], packages_ignore=None, packages_ignore_regex=None, paths=None, packages_up_to=None, packages_up_to_regex=None, packages_above=None, packages_above_and_dependencies=None, packages_above_depth=None, packages_select_by_dep=None, packages_skip_by_dep=None, packages_skip_up_to=None, packages_select_build_failed=False, packages_skip_build_finished=False, packages_select_test_failures=False, packages_skip_test_passed=False, packages_select=None, packages_skip=None, packages_select_regex=None, packages_skip_regex=None, packages_start=None, packages_end=None, allow_overriding=[], cmake_args=None, cmake_target=None, cmake_target_skip_unavailable=False, cmake_clean_cache=False, cmake_clean_first=False, cmake_force_configure=False, ament_cmake_args=None, catkin_cmake_args=None, catkin_skip_building_tests=False, mixin_files=None, mixin=None, verb_parser=<colcon_mixin.mixin.mixin_argument.MixinArgumentDecorator object at 0x7ed223a0f3a0>, verb_extension=<colcon_core.verb.build.BuildVerb object at 0x7ed223a0e9e0>, main=<bound method BuildVerb.main of <colcon_core.verb.build.BuildVerb object at 0x7ed223a0e9e0>>, mixin_verb=('build',))
[0.598s] Level 1:colcon.colcon_core.package_discovery:discover_packages(colcon_meta) check parameters
[0.598s] Level 1:colcon.colcon_core.package_discovery:discover_packages(recursive) check parameters
[0.599s] Level 1:colcon.colcon_core.package_discovery:discover_packages(ignore) check parameters
[0.599s] Level 1:colcon.colcon_core.package_discovery:discover_packages(path) check parameters
[0.599s] Level 1:colcon.colcon_core.package_discovery:discover_packages(colcon_meta) discover
[0.599s] Level 1:colcon.colcon_core.package_discovery:discover_packages(recursive) discover
[0.599s] INFO:colcon.colcon_core.package_discovery:Crawling recursively for packages in '/home/jacob/MTRN4231/MTRN4231/fruit_picker_ws'
[0.599s] Level 1:colcon.colcon_core.package_identification:_identify(.) by extensions ['ignore', 'ignore_ament_install']
[0.599s] Level 1:colcon.colcon_core.package_identification:_identify(.) by extension 'ignore'
[0.599s] Level 1:colcon.colcon_core.package_identification:_identify(.) by extension 'ignore_ament_install'
[0.600s] Level 1:colcon.colcon_core.package_identification:_identify(.) by extensions ['colcon_pkg']
[0.600s] Level 1:colcon.colcon_core.package_identification:_identify(.) by extension 'colcon_pkg'
[0.600s] Level 1:colcon.colcon_core.package_identification:_identify(.) by extensions ['colcon_meta']
[0.600s] Level 1:colcon.colcon_core.package_identification:_identify(.) by extension 'colcon_meta'
[0.600s] Level 1:colcon.colcon_core.package_identification:_identify(.) by extensions ['ros']
[0.600s] Level 1:colcon.colcon_core.package_identification:_identify(.) by extension 'ros'
[0.627s] Level 1:colcon.colcon_core.package_identification:_identify(.) by extensions ['cmake', 'python']
[0.627s] Level 1:colcon.colcon_core.package_identification:_identify(.) by extension 'cmake'
[0.627s] Level 1:colcon.colcon_core.package_identification:_identify(.) by extension 'python'
[0.628s] Level 1:colcon.colcon_core.package_identification:_identify(.) by extensions ['python_setup_py']
[0.628s] Level 1:colcon.colcon_core.package_identification:_identify(.) by extension 'python_setup_py'
[0.628s] Level 1:colcon.colcon_core.package_identification:_identify(build) by extensions ['ignore', 'ignore_ament_install']
[0.628s] Level 1:colcon.colcon_core.package_identification:_identify(build) by extension 'ignore'
[0.628s] Level 1:colcon.colcon_core.package_identification:_identify(build) ignored
[0.628s] Level 1:colcon.colcon_core.package_identification:_identify(install) by extensions ['ignore', 'ignore_ament_install']
[0.629s] Level 1:colcon.colcon_core.package_identification:_identify(install) by extension 'ignore'
[0.629s] Level 1:colcon.colcon_core.package_identification:_identify(install) ignored
[0.629s] Level 1:colcon.colcon_core.package_identification:_identify(log) by extensions ['ignore', 'ignore_ament_install']
[0.629s] Level 1:colcon.colcon_core.package_identification:_identify(log) by extension 'ignore'
[0.629s] Level 1:colcon.colcon_core.package_identification:_identify(log) ignored
[0.629s] Level 1:colcon.colcon_core.package_identification:_identify(src) by extensions ['ignore', 'ignore_ament_install']
[0.630s] Level 1:colcon.colcon_core.package_identification:_identify(src) by extension 'ignore'
[0.630s] Level 1:colcon.colcon_core.package_identification:_identify(src) by extension 'ignore_ament_install'
[0.630s] Level 1:colcon.colcon_core.package_identification:_identify(src) by extensions ['colcon_pkg']
[0.630s] Level 1:colcon.colcon_core.package_identification:_identify(src) by extension 'colcon_pkg'
[0.630s] Level 1:colcon.colcon_core.package_identification:_identify(src) by extensions ['colcon_meta']
[0.630s] Level 1:colcon.colcon_core.package_identification:_identify(src) by extension 'colcon_meta'
[0.630s] Level 1:colcon.colcon_core.package_identification:_identify(src) by extensions ['ros']
[0.630s] Level 1:colcon.colcon_core.package_identification:_identify(src) by extension 'ros'
[0.630s] Level 1:colcon.colcon_core.package_identification:_identify(src) by extensions ['cmake', 'python']
[0.630s] Level 1:colcon.colcon_core.package_identification:_identify(src) by extension 'cmake'
[0.630s] Level 1:colcon.colcon_core.package_identification:_identify(src) by extension 'python'
[0.630s] Level 1:colcon.colcon_core.package_identification:_identify(src) by extensions ['python_setup_py']
[0.630s] Level 1:colcon.colcon_core.package_identification:_identify(src) by extension 'python_setup_py'
[0.631s] Level 1:colcon.colcon_core.package_identification:_identify(src/input_interfaces) by extensions ['ignore', 'ignore_ament_install']
[0.631s] Level 1:colcon.colcon_core.package_identification:_identify(src/input_interfaces) by extension 'ignore'
[0.631s] Level 1:colcon.colcon_core.package_identification:_identify(src/input_interfaces) by extension 'ignore_ament_install'
[0.631s] Level 1:colcon.colcon_core.package_identification:_identify(src/input_interfaces) by extensions ['colcon_pkg']
[0.631s] Level 1:colcon.colcon_core.package_identification:_identify(src/input_interfaces) by extension 'colcon_pkg'
[0.631s] Level 1:colcon.colcon_core.package_identification:_identify(src/input_interfaces) by extensions ['colcon_meta']
[0.631s] Level 1:colcon.colcon_core.package_identification:_identify(src/input_interfaces) by extension 'colcon_meta'
[0.631s] Level 1:colcon.colcon_core.package_identification:_identify(src/input_interfaces) by extensions ['ros']
[0.631s] Level 1:colcon.colcon_core.package_identification:_identify(src/input_interfaces) by extension 'ros'
[0.634s] DEBUG:colcon.colcon_core.package_identification:Package 'src/input_interfaces' with type 'ros.ament_cmake' and name 'input_interfaces'
[0.634s] Level 1:colcon.colcon_core.package_discovery:discover_packages(recursive) using defaults
[0.635s] Level 1:colcon.colcon_core.package_discovery:discover_packages(ignore) discover
[0.635s] Level 1:colcon.colcon_core.package_discovery:discover_packages(ignore) using defaults
[0.635s] Level 1:colcon.colcon_core.package_discovery:discover_packages(path) discover
[0.635s] Level 1:colcon.colcon_core.package_discovery:discover_packages(path) using defaults
[0.670s] Level 1:colcon.colcon_core.package_discovery:discover_packages(prefix_path) check parameters
[0.670s] Level 1:colcon.colcon_core.package_discovery:discover_packages(prefix_path) discover
[0.675s] DEBUG:colcon.colcon_installed_package_information.package_discovery:Found 271 installed packages in /opt/ros/humble
[0.676s] Level 1:colcon.colcon_core.package_discovery:discover_packages(prefix_path) using defaults
[0.724s] Level 5:colcon.colcon_core.verb:set package 'input_interfaces' build argument 'cmake_args' from command line to 'None'
[0.724s] Level 5:colcon.colcon_core.verb:set package 'input_interfaces' build argument 'cmake_target' from command line to 'None'
[0.724s] Level 5:colcon.colcon_core.verb:set package 'input_interfaces' build argument 'cmake_target_skip_unavailable' from command line to 'False'
[0.724s] Level 5:colcon.colcon_core.verb:set package 'input_interfaces' build argument 'cmake_clean_cache' from command line to 'False'
[0.724s] Level 5:colcon.colcon_core.verb:set package 'input_interfaces' build argument 'cmake_clean_first' from command line to 'False'
[0.724s] Level 5:colcon.colcon_core.verb:set package 'input_interfaces' build argument 'cmake_force_configure' from command line to 'False'
[0.724s] Level 5:colcon.colcon_core.verb:set package 'input_interfaces' build argument 'ament_cmake_args' from command line to 'None'
[0.724s] Level 5:colcon.colcon_core.verb:set package 'input_interfaces' build argument 'catkin_cmake_args' from command line to 'None'
[0.724s] Level 5:colcon.colcon_core.verb:set package 'input_interfaces' build argument 'catkin_skip_building_tests' from command line to 'False'
[0.724s] DEBUG:colcon.colcon_core.verb:Building package 'input_interfaces' with the following arguments: {'ament_cmake_args': None, 'build_base': '/home/jacob/MTRN4231/MTRN4231/fruit_picker_ws/build/input_interfaces', 'catkin_cmake_args': None, 'catkin_skip_building_tests': False, 'cmake_args': None, 'cmake_clean_cache': False, 'cmake_clean_first': False, 'cmake_force_configure': False, 'cmake_target': None, 'cmake_target_skip_unavailable': False, 'install_base': '/home/jacob/MTRN4231/MTRN4231/fruit_picker_ws/install/input_interfaces', 'merge_install': False, 'path': '/home/jacob/MTRN4231/MTRN4231/fruit_picker_ws/src/input_interfaces', 'symlink_install': False, 'test_result_base': None}
[0.724s] INFO:colcon.colcon_core.executor:Executing jobs using 'parallel' executor
[0.726s] DEBUG:colcon.colcon_parallel_executor.executor.parallel:run_until_complete
[0.727s] INFO:colcon.colcon_ros.task.ament_cmake.build:Building ROS package in '/home/jacob/MTRN4231/MTRN4231/fruit_picker_ws/src/input_interfaces' with build type 'ament_cmake'
[0.727s] INFO:colcon.colcon_cmake.task.cmake.build:Building CMake package in '/home/jacob/MTRN4231/MTRN4231/fruit_picker_ws/src/input_interfaces'
[0.733s] INFO:colcon.colcon_core.plugin_system:Skipping extension 'colcon_core.shell.bat': Not used on non-Windows systems
[0.733s] INFO:colcon.colcon_core.shell:Skip shell extension 'powershell' for command environment: Not usable outside of PowerShell
[0.733s] DEBUG:colcon.colcon_core.shell:Skip shell extension 'dsv' for command environment
[0.761s] DEBUG:colcon.colcon_core.event_handler.log_command:Invoking command in '/home/jacob/MTRN4231/MTRN4231/fruit_picker_ws/build/input_interfaces': CMAKE_PREFIX_PATH=/opt/ros/humble /usr/bin/cmake --build /home/jacob/MTRN4231/MTRN4231/fruit_picker_ws/build/input_interfaces -- -j8 -l8
[9.162s] DEBUG:colcon.colcon_core.event_handler.log_command:Invoked command in '/home/jacob/MTRN4231/MTRN4231/fruit_picker_ws/build/input_interfaces' returned '0': CMAKE_PREFIX_PATH=/opt/ros/humble /usr/bin/cmake --build /home/jacob/MTRN4231/MTRN4231/fruit_picker_ws/build/input_interfaces -- -j8 -l8
[9.179s] DEBUG:colcon.colcon_core.event_handler.log_command:Invoking command in '/home/jacob/MTRN4231/MTRN4231/fruit_picker_ws/build/input_interfaces': CMAKE_PREFIX_PATH=/opt/ros/humble /usr/bin/cmake --install /home/jacob/MTRN4231/MTRN4231/fruit_picker_ws/build/input_interfaces
[9.339s] Level 1:colcon.colcon_core.environment:create_environment_scripts_only(input_interfaces)
[9.340s] DEBUG:colcon.colcon_core.event_handler.log_command:Invoked command in '/home/jacob/MTRN4231/MTRN4231/fruit_picker_ws/build/input_interfaces' returned '0': CMAKE_PREFIX_PATH=/opt/ros/humble /usr/bin/cmake --install /home/jacob/MTRN4231/MTRN4231/fruit_picker_ws/build/input_interfaces
[9.345s] Level 1:colcon.colcon_core.environment:checking '/home/jacob/MTRN4231/MTRN4231/fruit_picker_ws/install/input_interfaces' for CMake module files
[9.346s] Level 1:colcon.colcon_core.environment:checking '/home/jacob/MTRN4231/MTRN4231/fruit_picker_ws/install/input_interfaces' for CMake config files
[9.347s] Level 1:colcon.colcon_core.shell:create_environment_hook('input_interfaces', 'cmake_prefix_path')
[9.347s] INFO:colcon.colcon_core.shell:Creating environment hook '/home/jacob/MTRN4231/MTRN4231/fruit_picker_ws/install/input_interfaces/share/input_interfaces/hook/cmake_prefix_path.ps1'
[9.348s] INFO:colcon.colcon_core.shell:Creating environment descriptor '/home/jacob/MTRN4231/MTRN4231/fruit_picker_ws/install/input_interfaces/share/input_interfaces/hook/cmake_prefix_path.dsv'
[9.349s] INFO:colcon.colcon_core.shell:Creating environment hook '/home/jacob/MTRN4231/MTRN4231/fruit_picker_ws/install/input_interfaces/share/input_interfaces/hook/cmake_prefix_path.sh'
[9.350s] Level 1:colcon.colcon_core.environment:checking '/home/jacob/MTRN4231/MTRN4231/fruit_picker_ws/install/input_interfaces/lib'
[9.351s] Level 1:colcon.colcon_core.shell:create_environment_hook('input_interfaces', 'ld_library_path_lib')
[9.351s] INFO:colcon.colcon_core.shell:Creating environment hook '/home/jacob/MTRN4231/MTRN4231/fruit_picker_ws/install/input_interfaces/share/input_interfaces/hook/ld_library_path_lib.ps1'
[9.352s] INFO:colcon.colcon_core.shell:Creating environment descriptor '/home/jacob/MTRN4231/MTRN4231/fruit_picker_ws/install/input_interfaces/share/input_interfaces/hook/ld_library_path_lib.dsv'
[9.353s] INFO:colcon.colcon_core.shell:Creating environment hook '/home/jacob/MTRN4231/MTRN4231/fruit_picker_ws/install/input_interfaces/share/input_interfaces/hook/ld_library_path_lib.sh'
[9.353s] Level 1:colcon.colcon_core.environment:checking '/home/jacob/MTRN4231/MTRN4231/fruit_picker_ws/install/input_interfaces/bin'
[9.353s] Level 1:colcon.colcon_core.environment:checking '/home/jacob/MTRN4231/MTRN4231/fruit_picker_ws/install/input_interfaces/lib/pkgconfig/input_interfaces.pc'
[9.354s] Level 1:colcon.colcon_core.environment:checking '/home/jacob/MTRN4231/MTRN4231/fruit_picker_ws/install/input_interfaces/lib/python3.10/site-packages'
[9.354s] Level 1:colcon.colcon_core.environment:checking '/home/jacob/MTRN4231/MTRN4231/fruit_picker_ws/install/input_interfaces/bin'
[9.355s] INFO:colcon.colcon_core.shell:Creating package script '/home/jacob/MTRN4231/MTRN4231/fruit_picker_ws/install/input_interfaces/share/input_interfaces/package.ps1'
[9.356s] INFO:colcon.colcon_core.shell:Creating package descriptor '/home/jacob/MTRN4231/MTRN4231/fruit_picker_ws/install/input_interfaces/share/input_interfaces/package.dsv'
[9.357s] INFO:colcon.colcon_core.shell:Creating package script '/home/jacob/MTRN4231/MTRN4231/fruit_picker_ws/install/input_interfaces/share/input_interfaces/package.sh'
[9.358s] INFO:colcon.colcon_core.shell:Creating package script '/home/jacob/MTRN4231/MTRN4231/fruit_picker_ws/install/input_interfaces/share/input_interfaces/package.bash'
[9.359s] INFO:colcon.colcon_core.shell:Creating package script '/home/jacob/MTRN4231/MTRN4231/fruit_picker_ws/install/input_interfaces/share/input_interfaces/package.zsh'
[9.360s] Level 1:colcon.colcon_core.environment:create_file_with_runtime_dependencies(/home/jacob/MTRN4231/MTRN4231/fruit_picker_ws/install/input_interfaces/share/colcon-core/packages/input_interfaces)
[9.361s] Level 1:colcon.colcon_core.environment:create_environment_scripts_only(input_interfaces)
[9.362s] Level 1:colcon.colcon_core.environment:checking '/home/jacob/MTRN4231/MTRN4231/fruit_picker_ws/install/input_interfaces' for CMake module files
[9.363s] Level 1:colcon.colcon_core.environment:checking '/home/jacob/MTRN4231/MTRN4231/fruit_picker_ws/install/input_interfaces' for CMake config files
[9.364s] Level 1:colcon.colcon_core.shell:create_environment_hook('input_interfaces', 'cmake_prefix_path')
[9.364s] INFO:colcon.colcon_core.shell:Creating environment hook '/home/jacob/MTRN4231/MTRN4231/fruit_picker_ws/install/input_interfaces/share/input_interfaces/hook/cmake_prefix_path.ps1'
[9.365s] INFO:colcon.colcon_core.shell:Creating environment descriptor '/home/jacob/MTRN4231/MTRN4231/fruit_picker_ws/install/input_interfaces/share/input_interfaces/hook/cmake_prefix_path.dsv'
[9.365s] INFO:colcon.colcon_core.shell:Creating environment hook '/home/jacob/MTRN4231/MTRN4231/fruit_picker_ws/install/input_interfaces/share/input_interfaces/hook/cmake_prefix_path.sh'
[9.366s] Level 1:colcon.colcon_core.environment:checking '/home/jacob/MTRN4231/MTRN4231/fruit_picker_ws/install/input_interfaces/lib'
[9.366s] Level 1:colcon.colcon_core.shell:create_environment_hook('input_interfaces', 'ld_library_path_lib')
[9.367s] INFO:colcon.colcon_core.shell:Creating environment hook '/home/jacob/MTRN4231/MTRN4231/fruit_picker_ws/install/input_interfaces/share/input_interfaces/hook/ld_library_path_lib.ps1'
[9.367s] INFO:colcon.colcon_core.shell:Creating environment descriptor '/home/jacob/MTRN4231/MTRN4231/fruit_picker_ws/install/input_interfaces/share/input_interfaces/hook/ld_library_path_lib.dsv'
[9.368s] INFO:colcon.colcon_core.shell:Creating environment hook '/home/jacob/MTRN4231/MTRN4231/fruit_picker_ws/install/input_interfaces/share/input_interfaces/hook/ld_library_path_lib.sh'
[9.368s] Level 1:colcon.colcon_core.environment:checking '/home/jacob/MTRN4231/MTRN4231/fruit_picker_ws/install/input_interfaces/bin'
[9.369s] Level 1:colcon.colcon_core.environment:checking '/home/jacob/MTRN4231/MTRN4231/fruit_picker_ws/install/input_interfaces/lib/pkgconfig/input_interfaces.pc'
[9.369s] Level 1:colcon.colcon_core.environment:checking '/home/jacob/MTRN4231/MTRN4231/fruit_picker_ws/install/input_interfaces/lib/python3.10/site-packages'
[9.369s] Level 1:colcon.colcon_core.environment:checking '/home/jacob/MTRN4231/MTRN4231/fruit_picker_ws/install/input_interfaces/bin'
[9.370s] INFO:colcon.colcon_core.shell:Creating package script '/home/jacob/MTRN4231/MTRN4231/fruit_picker_ws/install/input_interfaces/share/input_interfaces/package.ps1'
[9.371s] INFO:colcon.colcon_core.shell:Creating package descriptor '/home/jacob/MTRN4231/MTRN4231/fruit_picker_ws/install/input_interfaces/share/input_interfaces/package.dsv'
[9.372s] INFO:colcon.colcon_core.shell:Creating package script '/home/jacob/MTRN4231/MTRN4231/fruit_picker_ws/install/input_interfaces/share/input_interfaces/package.sh'
[9.372s] INFO:colcon.colcon_core.shell:Creating package script '/home/jacob/MTRN4231/MTRN4231/fruit_picker_ws/install/input_interfaces/share/input_interfaces/package.bash'
[9.373s] INFO:colcon.colcon_core.shell:Creating package script '/home/jacob/MTRN4231/MTRN4231/fruit_picker_ws/install/input_interfaces/share/input_interfaces/package.zsh'
[9.374s] Level 1:colcon.colcon_core.environment:create_file_with_runtime_dependencies(/home/jacob/MTRN4231/MTRN4231/fruit_picker_ws/install/input_interfaces/share/colcon-core/packages/input_interfaces)
[9.374s] DEBUG:colcon.colcon_parallel_executor.executor.parallel:closing loop
[9.376s] DEBUG:colcon.colcon_parallel_executor.executor.parallel:loop closed
[9.376s] DEBUG:colcon.colcon_parallel_executor.executor.parallel:run_until_complete finished with '0'
[9.376s] DEBUG:colcon.colcon_core.event_reactor:joining thread
[9.383s] INFO:colcon.colcon_core.plugin_system:Skipping extension 'colcon_notification.desktop_notification.terminal_notifier': Not used on non-Darwin systems
[9.383s] INFO:colcon.colcon_core.plugin_system:Skipping extension 'colcon_notification.desktop_notification.win32': Not used on non-Windows systems
[9.383s] INFO:colcon.colcon_notification.desktop_notification:Sending desktop notification using 'notify2'
[9.396s] DEBUG:colcon.colcon_notification.desktop_notification.notify2:Failed to initialize notify2: org.freedesktop.DBus.Error.ServiceUnknown: The name org.freedesktop.Notifications was not provided by any .service files
[9.397s] DEBUG:colcon.colcon_core.event_reactor:joined thread
[9.400s] INFO:colcon.colcon_core.shell:Creating prefix script '/home/jacob/MTRN4231/MTRN4231/fruit_picker_ws/install/local_setup.ps1'
[9.404s] INFO:colcon.colcon_core.shell:Creating prefix util module '/home/jacob/MTRN4231/MTRN4231/fruit_picker_ws/install/_local_setup_util_ps1.py'
[9.407s] INFO:colcon.colcon_core.shell:Creating prefix chain script '/home/jacob/MTRN4231/MTRN4231/fruit_picker_ws/install/setup.ps1'
[9.408s] INFO:colcon.colcon_core.shell:Creating prefix script '/home/jacob/MTRN4231/MTRN4231/fruit_picker_ws/install/local_setup.sh'
[9.410s] INFO:colcon.colcon_core.shell:Creating prefix util module '/home/jacob/MTRN4231/MTRN4231/fruit_picker_ws/install/_local_setup_util_sh.py'
[9.411s] INFO:colcon.colcon_core.shell:Creating prefix chain script '/home/jacob/MTRN4231/MTRN4231/fruit_picker_ws/install/setup.sh'
[9.413s] INFO:colcon.colcon_core.shell:Creating prefix script '/home/jacob/MTRN4231/MTRN4231/fruit_picker_ws/install/local_setup.bash'
[9.415s] INFO:colcon.colcon_core.shell:Creating prefix chain script '/home/jacob/MTRN4231/MTRN4231/fruit_picker_ws/install/setup.bash'
[9.416s] INFO:colcon.colcon_core.shell:Creating prefix script '/home/jacob/MTRN4231/MTRN4231/fruit_picker_ws/install/local_setup.zsh'
[9.417s] INFO:colcon.colcon_core.shell:Creating prefix chain script '/home/jacob/MTRN4231/MTRN4231/fruit_picker_ws/install/setup.zsh'
