[  9%] Built target input_interfaces__rosidl_generator_c
[ 12%] Built target input_interfaces__cpp
[ 12%] Built target ament_cmake_python_copy_input_interfaces
[ 22%] Built target input_interfaces__rosidl_typesupport_c
[ 41%] Built target input_interfaces__rosidl_typesupport_introspection_cpp
[ 48%] Built target input_interfaces__rosidl_typesupport_introspection_c
[ 51%] Built target input_interfaces__rosidl_typesupport_cpp
[ 70%] Built target input_interfaces__rosidl_typesupport_fastrtps_cpp
[ 70%] Built target input_interfaces__rosidl_typesupport_fastrtps_c
[ 70%] Built target input_interfaces
[ 74%] Built target input_interfaces__py
[ 80%] Built target input_interfaces__rosidl_generator_py
[ 87%] Built target input_interfaces__rosidl_typesupport_fastrtps_c__pyext
[100%] Built target input_interfaces__rosidl_typesupport_introspection_c__pyext
[100%] Built target input_interfaces__rosidl_typesupport_c__pyext
running egg_info
writing input_interfaces.egg-info/PKG-INFO
writing dependency_links to input_interfaces.egg-info/dependency_links.txt
writing top-level names to input_interfaces.egg-info/top_level.txt
reading manifest file 'input_interfaces.egg-info/SOURCES.txt'
writing manifest file 'input_interfaces.egg-info/SOURCES.txt'
[100%] Built target ament_cmake_python_build_input_interfaces_egg
