[0.031s] Invoking command in '/home/jacob/MTRN4231/MTRN4231/fruit_picker_ws/build/input_interfaces': CMAKE_PREFIX_PATH=${CMAKE_PREFIX_PATH}:/opt/ros/humble /usr/bin/cmake --build /home/jacob/MTRN4231/MTRN4231/fruit_picker_ws/build/input_interfaces -- -j8 -l8
[0.158s] [  9%] Built target input_interfaces__rosidl_generator_c
[0.159s] [ 12%] Built target input_interfaces__cpp
[0.197s] [ 12%] Built target ament_cmake_python_copy_input_interfaces
[0.234s] [ 22%] Built target input_interfaces__rosidl_typesupport_c
[0.240s] [ 41%] Built target input_interfaces__rosidl_typesupport_introspection_cpp
[0.240s] [ 48%] Built target input_interfaces__rosidl_typesupport_introspection_c
[0.242s] [ 51%] Built target input_interfaces__rosidl_typesupport_cpp
[0.258s] [ 70%] Built target input_interfaces__rosidl_typesupport_fastrtps_cpp
[0.258s] [ 70%] Built target input_interfaces__rosidl_typesupport_fastrtps_c
[0.305s] [ 70%] Built target input_interfaces
[0.357s] [ 74%] Built target input_interfaces__py
[0.411s] [ 80%] Built target input_interfaces__rosidl_generator_py
[0.467s] [ 87%] Built target input_interfaces__rosidl_typesupport_fastrtps_c__pyext
[0.471s] [100%] Built target input_interfaces__rosidl_typesupport_introspection_c__pyext
[0.471s] [100%] Built target input_interfaces__rosidl_typesupport_c__pyext
[0.752s] running egg_info
[0.754s] writing input_interfaces.egg-info/PKG-INFO
[0.755s] writing dependency_links to input_interfaces.egg-info/dependency_links.txt
[0.755s] writing top-level names to input_interfaces.egg-info/top_level.txt
[0.759s] reading manifest file 'input_interfaces.egg-info/SOURCES.txt'
[0.760s] writing manifest file 'input_interfaces.egg-info/SOURCES.txt'
[0.803s] [100%] Built target ament_cmake_python_build_input_interfaces_egg
