[0.076s] Invoking command in '/home/jacob/MTRN4231/MTRN4231/fruit_picker_ws/build/input_interfaces': CMAKE_PREFIX_PATH=${CMAKE_PREFIX_PATH}:/opt/ros/humble /usr/bin/cmake --build /home/jacob/MTRN4231/MTRN4231/fruit_picker_ws/build/input_interfaces -- -j8 -l8
[0.243s] [  3%] Built target input_interfaces__cpp
[0.264s] [ 12%] Built target input_interfaces__rosidl_generator_c
[0.307s] [ 12%] Built target ament_cmake_python_copy_input_interfaces
[0.340s] [ 22%] Built target input_interfaces__rosidl_typesupport_cpp
[0.361s] [ 32%] Built target input_interfaces__rosidl_typesupport_fastrtps_c
[0.376s] [ 45%] Built target input_interfaces__rosidl_typesupport_fastrtps_cpp
[0.377s] [ 51%] Built target input_interfaces__rosidl_typesupport_introspection_c
[0.403s] [ 61%] Built target input_interfaces__rosidl_typesupport_c
[0.405s] [ 70%] Built target input_interfaces__rosidl_typesupport_introspection_cpp
[0.454s] [ 70%] Built target input_interfaces
[0.509s] [ 74%] Built target input_interfaces__py
[0.554s] [ 80%] Built target input_interfaces__rosidl_generator_py
[0.611s] [ 87%] Built target input_interfaces__rosidl_typesupport_fastrtps_c__pyext
[0.612s] [ 93%] Built target input_interfaces__rosidl_typesupport_introspection_c__pyext
[0.616s] [100%] Built target input_interfaces__rosidl_typesupport_c__pyext
[0.944s] running egg_info
[0.947s] writing input_interfaces.egg-info/PKG-INFO
[0.948s] writing dependency_links to input_interfaces.egg-info/dependency_links.txt
[0.949s] writing top-level names to input_interfaces.egg-info/top_level.txt
[0.953s] reading manifest file 'input_interfaces.egg-info/SOURCES.txt'
[0.954s] writing manifest file 'input_interfaces.egg-info/SOURCES.txt'
[1.013s] [100%] Built target ament_cmake_python_build_input_interfaces_egg
[1.042s] Invoked command in '/home/jacob/MTRN4231/MTRN4231/fruit_picker_ws/build/input_interfaces' returned '0': CMAKE_PREFIX_PATH=${CMAKE_PREFIX_PATH}:/opt/ros/humble /usr/bin/cmake --build /home/jacob/MTRN4231/MTRN4231/fruit_picker_ws/build/input_interfaces -- -j8 -l8
[1.070s] Invoking command in '/home/jacob/MTRN4231/MTRN4231/fruit_picker_ws/build/input_interfaces': CMAKE_PREFIX_PATH=${CMAKE_PREFIX_PATH}:/opt/ros/humble /usr/bin/cmake --install /home/jacob/MTRN4231/MTRN4231/fruit_picker_ws/build/input_interfaces
[1.085s] -- Install configuration: ""
[1.086s] -- Up-to-date: /home/jacob/MTRN4231/MTRN4231/fruit_picker_ws/install/input_interfaces/share/ament_index/resource_index/rosidl_interfaces/input_interfaces
[1.086s] -- Up-to-date: /home/jacob/MTRN4231/MTRN4231/fruit_picker_ws/install/input_interfaces/include/input_interfaces/input_interfaces
[1.087s] -- Up-to-date: /home/jacob/MTRN4231/MTRN4231/fruit_picker_ws/install/input_interfaces/include/input_interfaces/input_interfaces/msg
[1.087s] -- Up-to-date: /home/jacob/MTRN4231/MTRN4231/fruit_picker_ws/install/input_interfaces/include/input_interfaces/input_interfaces/msg/rosidl_generator_c__visibility_control.h
[1.087s] -- Up-to-date: /home/jacob/MTRN4231/MTRN4231/fruit_picker_ws/install/input_interfaces/include/input_interfaces/input_interfaces/action
[1.087s] -- Up-to-date: /home/jacob/MTRN4231/MTRN4231/fruit_picker_ws/install/input_interfaces/include/input_interfaces/input_interfaces/action/user_input.h
[1.087s] -- Up-to-date: /home/jacob/MTRN4231/MTRN4231/fruit_picker_ws/install/input_interfaces/include/input_interfaces/input_interfaces/action/detail
[1.088s] -- Up-to-date: /home/jacob/MTRN4231/MTRN4231/fruit_picker_ws/install/input_interfaces/include/input_interfaces/input_interfaces/action/detail/user_input__struct.h
[1.088s] -- Up-to-date: /home/jacob/MTRN4231/MTRN4231/fruit_picker_ws/install/input_interfaces/include/input_interfaces/input_interfaces/action/detail/user_input__functions.c
[1.088s] -- Up-to-date: /home/jacob/MTRN4231/MTRN4231/fruit_picker_ws/install/input_interfaces/include/input_interfaces/input_interfaces/action/detail/user_input__type_support.h
[1.088s] -- Up-to-date: /home/jacob/MTRN4231/MTRN4231/fruit_picker_ws/install/input_interfaces/include/input_interfaces/input_interfaces/action/detail/user_input__functions.h
[1.089s] -- Up-to-date: /home/jacob/MTRN4231/MTRN4231/fruit_picker_ws/install/input_interfaces/share/input_interfaces/environment/library_path.sh
[1.089s] -- Up-to-date: /home/jacob/MTRN4231/MTRN4231/fruit_picker_ws/install/input_interfaces/share/input_interfaces/environment/library_path.dsv
[1.089s] -- Up-to-date: /home/jacob/MTRN4231/MTRN4231/fruit_picker_ws/install/input_interfaces/lib/libinput_interfaces__rosidl_generator_c.so
[1.089s] -- Up-to-date: /home/jacob/MTRN4231/MTRN4231/fruit_picker_ws/install/input_interfaces/include/input_interfaces/input_interfaces
[1.089s] -- Up-to-date: /home/jacob/MTRN4231/MTRN4231/fruit_picker_ws/install/input_interfaces/include/input_interfaces/input_interfaces/msg
[1.089s] -- Up-to-date: /home/jacob/MTRN4231/MTRN4231/fruit_picker_ws/install/input_interfaces/include/input_interfaces/input_interfaces/msg/rosidl_typesupport_fastrtps_c__visibility_control.h
[1.090s] -- Up-to-date: /home/jacob/MTRN4231/MTRN4231/fruit_picker_ws/install/input_interfaces/include/input_interfaces/input_interfaces/action
[1.090s] -- Up-to-date: /home/jacob/MTRN4231/MTRN4231/fruit_picker_ws/install/input_interfaces/include/input_interfaces/input_interfaces/action/detail
[1.090s] -- Up-to-date: /home/jacob/MTRN4231/MTRN4231/fruit_picker_ws/install/input_interfaces/include/input_interfaces/input_interfaces/action/detail/user_input__rosidl_typesupport_fastrtps_c.h
[1.090s] -- Up-to-date: /home/jacob/MTRN4231/MTRN4231/fruit_picker_ws/install/input_interfaces/lib/libinput_interfaces__rosidl_typesupport_fastrtps_c.so
[1.091s] -- Up-to-date: /home/jacob/MTRN4231/MTRN4231/fruit_picker_ws/install/input_interfaces/include/input_interfaces/input_interfaces
[1.091s] -- Up-to-date: /home/jacob/MTRN4231/MTRN4231/fruit_picker_ws/install/input_interfaces/include/input_interfaces/input_interfaces/msg
[1.091s] -- Up-to-date: /home/jacob/MTRN4231/MTRN4231/fruit_picker_ws/install/input_interfaces/include/input_interfaces/input_interfaces/msg/rosidl_typesupport_introspection_c__visibility_control.h
[1.091s] -- Up-to-date: /home/jacob/MTRN4231/MTRN4231/fruit_picker_ws/install/input_interfaces/include/input_interfaces/input_interfaces/action
[1.091s] -- Up-to-date: /home/jacob/MTRN4231/MTRN4231/fruit_picker_ws/install/input_interfaces/include/input_interfaces/input_interfaces/action/detail
[1.091s] -- Up-to-date: /home/jacob/MTRN4231/MTRN4231/fruit_picker_ws/install/input_interfaces/include/input_interfaces/input_interfaces/action/detail/user_input__rosidl_typesupport_introspection_c.h
[1.091s] -- Up-to-date: /home/jacob/MTRN4231/MTRN4231/fruit_picker_ws/install/input_interfaces/include/input_interfaces/input_interfaces/action/detail/user_input__type_support.c
[1.091s] -- Up-to-date: /home/jacob/MTRN4231/MTRN4231/fruit_picker_ws/install/input_interfaces/lib/libinput_interfaces__rosidl_typesupport_introspection_c.so
[1.091s] -- Up-to-date: /home/jacob/MTRN4231/MTRN4231/fruit_picker_ws/install/input_interfaces/lib/libinput_interfaces__rosidl_typesupport_c.so
[1.092s] -- Up-to-date: /home/jacob/MTRN4231/MTRN4231/fruit_picker_ws/install/input_interfaces/include/input_interfaces/input_interfaces
[1.092s] -- Up-to-date: /home/jacob/MTRN4231/MTRN4231/fruit_picker_ws/install/input_interfaces/include/input_interfaces/input_interfaces/msg
[1.093s] -- Up-to-date: /home/jacob/MTRN4231/MTRN4231/fruit_picker_ws/install/input_interfaces/include/input_interfaces/input_interfaces/msg/rosidl_generator_cpp__visibility_control.hpp
[1.093s] -- Up-to-date: /home/jacob/MTRN4231/MTRN4231/fruit_picker_ws/install/input_interfaces/include/input_interfaces/input_interfaces/action
[1.093s] -- Up-to-date: /home/jacob/MTRN4231/MTRN4231/fruit_picker_ws/install/input_interfaces/include/input_interfaces/input_interfaces/action/user_input.hpp
[1.096s] -- Up-to-date: /home/jacob/MTRN4231/MTRN4231/fruit_picker_ws/install/input_interfaces/include/input_interfaces/input_interfaces/action/detail
[1.096s] -- Up-to-date: /home/jacob/MTRN4231/MTRN4231/fruit_picker_ws/install/input_interfaces/include/input_interfaces/input_interfaces/action/detail/user_input__traits.hpp
[1.098s] -- Up-to-date: /home/jacob/MTRN4231/MTRN4231/fruit_picker_ws/install/input_interfaces/include/input_interfaces/input_interfaces/action/detail/user_input__struct.hpp
[1.098s] -- Up-to-date: /home/jacob/MTRN4231/MTRN4231/fruit_picker_ws/install/input_interfaces/include/input_interfaces/input_interfaces/action/detail/user_input__builder.hpp
[1.100s] -- Up-to-date: /home/jacob/MTRN4231/MTRN4231/fruit_picker_ws/install/input_interfaces/include/input_interfaces/input_interfaces/action/detail/user_input__type_support.hpp
[1.100s] -- Up-to-date: /home/jacob/MTRN4231/MTRN4231/fruit_picker_ws/install/input_interfaces/include/input_interfaces/input_interfaces
[1.100s] -- Up-to-date: /home/jacob/MTRN4231/MTRN4231/fruit_picker_ws/install/input_interfaces/include/input_interfaces/input_interfaces/msg
[1.101s] -- Up-to-date: /home/jacob/MTRN4231/MTRN4231/fruit_picker_ws/install/input_interfaces/include/input_interfaces/input_interfaces/msg/rosidl_typesupport_fastrtps_cpp__visibility_control.h
[1.101s] -- Up-to-date: /home/jacob/MTRN4231/MTRN4231/fruit_picker_ws/install/input_interfaces/include/input_interfaces/input_interfaces/action
[1.102s] -- Up-to-date: /home/jacob/MTRN4231/MTRN4231/fruit_picker_ws/install/input_interfaces/include/input_interfaces/input_interfaces/action/detail
[1.102s] -- Up-to-date: /home/jacob/MTRN4231/MTRN4231/fruit_picker_ws/install/input_interfaces/include/input_interfaces/input_interfaces/action/detail/user_input__rosidl_typesupport_fastrtps_cpp.hpp
[1.102s] -- Up-to-date: /home/jacob/MTRN4231/MTRN4231/fruit_picker_ws/install/input_interfaces/include/input_interfaces/input_interfaces/action/detail/dds_fastrtps
[1.102s] -- Up-to-date: /home/jacob/MTRN4231/MTRN4231/fruit_picker_ws/install/input_interfaces/lib/libinput_interfaces__rosidl_typesupport_fastrtps_cpp.so
[1.102s] -- Up-to-date: /home/jacob/MTRN4231/MTRN4231/fruit_picker_ws/install/input_interfaces/include/input_interfaces/input_interfaces
[1.103s] -- Up-to-date: /home/jacob/MTRN4231/MTRN4231/fruit_picker_ws/install/input_interfaces/include/input_interfaces/input_interfaces/action
[1.103s] -- Up-to-date: /home/jacob/MTRN4231/MTRN4231/fruit_picker_ws/install/input_interfaces/include/input_interfaces/input_interfaces/action/detail
[1.103s] -- Up-to-date: /home/jacob/MTRN4231/MTRN4231/fruit_picker_ws/install/input_interfaces/include/input_interfaces/input_interfaces/action/detail/user_input__rosidl_typesupport_introspection_cpp.hpp
[1.103s] -- Up-to-date: /home/jacob/MTRN4231/MTRN4231/fruit_picker_ws/install/input_interfaces/include/input_interfaces/input_interfaces/action/detail/user_input__type_support.cpp
[1.103s] -- Up-to-date: /home/jacob/MTRN4231/MTRN4231/fruit_picker_ws/install/input_interfaces/lib/libinput_interfaces__rosidl_typesupport_introspection_cpp.so
[1.103s] -- Up-to-date: /home/jacob/MTRN4231/MTRN4231/fruit_picker_ws/install/input_interfaces/lib/libinput_interfaces__rosidl_typesupport_cpp.so
[1.104s] -- Up-to-date: /home/jacob/MTRN4231/MTRN4231/fruit_picker_ws/install/input_interfaces/share/input_interfaces/environment/pythonpath.sh
[1.104s] -- Up-to-date: /home/jacob/MTRN4231/MTRN4231/fruit_picker_ws/install/input_interfaces/share/input_interfaces/environment/pythonpath.dsv
[1.104s] -- Up-to-date: /home/jacob/MTRN4231/MTRN4231/fruit_picker_ws/install/input_interfaces/local/lib/python3.10/dist-packages/input_interfaces-0.0.0-py3.10.egg-info
[1.104s] -- Installing: /home/jacob/MTRN4231/MTRN4231/fruit_picker_ws/install/input_interfaces/local/lib/python3.10/dist-packages/input_interfaces-0.0.0-py3.10.egg-info/SOURCES.txt
[1.104s] -- Installing: /home/jacob/MTRN4231/MTRN4231/fruit_picker_ws/install/input_interfaces/local/lib/python3.10/dist-packages/input_interfaces-0.0.0-py3.10.egg-info/dependency_links.txt
[1.104s] -- Installing: /home/jacob/MTRN4231/MTRN4231/fruit_picker_ws/install/input_interfaces/local/lib/python3.10/dist-packages/input_interfaces-0.0.0-py3.10.egg-info/top_level.txt
[1.104s] -- Installing: /home/jacob/MTRN4231/MTRN4231/fruit_picker_ws/install/input_interfaces/local/lib/python3.10/dist-packages/input_interfaces-0.0.0-py3.10.egg-info/PKG-INFO
[1.104s] -- Up-to-date: /home/jacob/MTRN4231/MTRN4231/fruit_picker_ws/install/input_interfaces/local/lib/python3.10/dist-packages/input_interfaces
[1.105s] -- Up-to-date: /home/jacob/MTRN4231/MTRN4231/fruit_picker_ws/install/input_interfaces/local/lib/python3.10/dist-packages/input_interfaces/libinput_interfaces__rosidl_generator_py.so
[1.105s] -- Up-to-date: /home/jacob/MTRN4231/MTRN4231/fruit_picker_ws/install/input_interfaces/local/lib/python3.10/dist-packages/input_interfaces/__init__.py
[1.105s] -- Up-to-date: /home/jacob/MTRN4231/MTRN4231/fruit_picker_ws/install/input_interfaces/local/lib/python3.10/dist-packages/input_interfaces/_input_interfaces_s.ep.rosidl_typesupport_fastrtps_c.c
[1.105s] -- Up-to-date: /home/jacob/MTRN4231/MTRN4231/fruit_picker_ws/install/input_interfaces/local/lib/python3.10/dist-packages/input_interfaces/input_interfaces_s__rosidl_typesupport_c.cpython-310-x86_64-linux-gnu.so
[1.105s] -- Up-to-date: /home/jacob/MTRN4231/MTRN4231/fruit_picker_ws/install/input_interfaces/local/lib/python3.10/dist-packages/input_interfaces/_input_interfaces_s.ep.rosidl_typesupport_introspection_c.c
[1.105s] -- Up-to-date: /home/jacob/MTRN4231/MTRN4231/fruit_picker_ws/install/input_interfaces/local/lib/python3.10/dist-packages/input_interfaces/input_interfaces_s__rosidl_typesupport_introspection_c.cpython-310-x86_64-linux-gnu.so
[1.105s] -- Up-to-date: /home/jacob/MTRN4231/MTRN4231/fruit_picker_ws/install/input_interfaces/local/lib/python3.10/dist-packages/input_interfaces/action
[1.106s] -- Up-to-date: /home/jacob/MTRN4231/MTRN4231/fruit_picker_ws/install/input_interfaces/local/lib/python3.10/dist-packages/input_interfaces/action/__init__.py
[1.106s] -- Up-to-date: /home/jacob/MTRN4231/MTRN4231/fruit_picker_ws/install/input_interfaces/local/lib/python3.10/dist-packages/input_interfaces/action/_user_input.py
[1.106s] -- Up-to-date: /home/jacob/MTRN4231/MTRN4231/fruit_picker_ws/install/input_interfaces/local/lib/python3.10/dist-packages/input_interfaces/action/_user_input_s.c
[1.106s] -- Up-to-date: /home/jacob/MTRN4231/MTRN4231/fruit_picker_ws/install/input_interfaces/local/lib/python3.10/dist-packages/input_interfaces/input_interfaces_s__rosidl_typesupport_fastrtps_c.cpython-310-x86_64-linux-gnu.so
[1.106s] -- Up-to-date: /home/jacob/MTRN4231/MTRN4231/fruit_picker_ws/install/input_interfaces/local/lib/python3.10/dist-packages/input_interfaces/_input_interfaces_s.ep.rosidl_typesupport_c.c
[1.174s] Listing '/home/jacob/MTRN4231/MTRN4231/fruit_picker_ws/install/input_interfaces/local/lib/python3.10/dist-packages/input_interfaces'...
[1.174s] Listing '/home/jacob/MTRN4231/MTRN4231/fruit_picker_ws/install/input_interfaces/local/lib/python3.10/dist-packages/input_interfaces/action'...
[1.186s] -- Up-to-date: /home/jacob/MTRN4231/MTRN4231/fruit_picker_ws/install/input_interfaces/local/lib/python3.10/dist-packages/input_interfaces/input_interfaces_s__rosidl_typesupport_fastrtps_c.cpython-310-x86_64-linux-gnu.so
[1.186s] -- Up-to-date: /home/jacob/MTRN4231/MTRN4231/fruit_picker_ws/install/input_interfaces/local/lib/python3.10/dist-packages/input_interfaces/input_interfaces_s__rosidl_typesupport_introspection_c.cpython-310-x86_64-linux-gnu.so
[1.187s] -- Up-to-date: /home/jacob/MTRN4231/MTRN4231/fruit_picker_ws/install/input_interfaces/local/lib/python3.10/dist-packages/input_interfaces/input_interfaces_s__rosidl_typesupport_c.cpython-310-x86_64-linux-gnu.so
[1.187s] -- Up-to-date: /home/jacob/MTRN4231/MTRN4231/fruit_picker_ws/install/input_interfaces/lib/libinput_interfaces__rosidl_generator_py.so
[1.188s] -- Up-to-date: /home/jacob/MTRN4231/MTRN4231/fruit_picker_ws/install/input_interfaces/share/input_interfaces/action/UserInput.idl
[1.189s] -- Up-to-date: /home/jacob/MTRN4231/MTRN4231/fruit_picker_ws/install/input_interfaces/share/input_interfaces/action/UserInput.action
[1.189s] -- Up-to-date: /home/jacob/MTRN4231/MTRN4231/fruit_picker_ws/install/input_interfaces/share/ament_index/resource_index/package_run_dependencies/input_interfaces
[1.190s] -- Up-to-date: /home/jacob/MTRN4231/MTRN4231/fruit_picker_ws/install/input_interfaces/share/ament_index/resource_index/parent_prefix_path/input_interfaces
[1.190s] -- Up-to-date: /home/jacob/MTRN4231/MTRN4231/fruit_picker_ws/install/input_interfaces/share/input_interfaces/environment/ament_prefix_path.sh
[1.190s] -- Up-to-date: /home/jacob/MTRN4231/MTRN4231/fruit_picker_ws/install/input_interfaces/share/input_interfaces/environment/ament_prefix_path.dsv
[1.191s] -- Up-to-date: /home/jacob/MTRN4231/MTRN4231/fruit_picker_ws/install/input_interfaces/share/input_interfaces/environment/path.sh
[1.191s] -- Up-to-date: /home/jacob/MTRN4231/MTRN4231/fruit_picker_ws/install/input_interfaces/share/input_interfaces/environment/path.dsv
[1.191s] -- Up-to-date: /home/jacob/MTRN4231/MTRN4231/fruit_picker_ws/install/input_interfaces/share/input_interfaces/local_setup.bash
[1.192s] -- Up-to-date: /home/jacob/MTRN4231/MTRN4231/fruit_picker_ws/install/input_interfaces/share/input_interfaces/local_setup.sh
[1.192s] -- Up-to-date: /home/jacob/MTRN4231/MTRN4231/fruit_picker_ws/install/input_interfaces/share/input_interfaces/local_setup.zsh
[1.192s] -- Up-to-date: /home/jacob/MTRN4231/MTRN4231/fruit_picker_ws/install/input_interfaces/share/input_interfaces/local_setup.dsv
[1.193s] -- Installing: /home/jacob/MTRN4231/MTRN4231/fruit_picker_ws/install/input_interfaces/share/input_interfaces/package.dsv
[1.194s] -- Up-to-date: /home/jacob/MTRN4231/MTRN4231/fruit_picker_ws/install/input_interfaces/share/ament_index/resource_index/packages/input_interfaces
[1.194s] -- Up-to-date: /home/jacob/MTRN4231/MTRN4231/fruit_picker_ws/install/input_interfaces/share/input_interfaces/cmake/export_input_interfaces__rosidl_generator_cExport.cmake
[1.194s] -- Up-to-date: /home/jacob/MTRN4231/MTRN4231/fruit_picker_ws/install/input_interfaces/share/input_interfaces/cmake/export_input_interfaces__rosidl_generator_cExport-noconfig.cmake
[1.195s] -- Up-to-date: /home/jacob/MTRN4231/MTRN4231/fruit_picker_ws/install/input_interfaces/share/input_interfaces/cmake/export_input_interfaces__rosidl_typesupport_fastrtps_cExport.cmake
[1.195s] -- Up-to-date: /home/jacob/MTRN4231/MTRN4231/fruit_picker_ws/install/input_interfaces/share/input_interfaces/cmake/export_input_interfaces__rosidl_typesupport_fastrtps_cExport-noconfig.cmake
[1.195s] -- Up-to-date: /home/jacob/MTRN4231/MTRN4231/fruit_picker_ws/install/input_interfaces/share/input_interfaces/cmake/input_interfaces__rosidl_typesupport_introspection_cExport.cmake
[1.196s] -- Up-to-date: /home/jacob/MTRN4231/MTRN4231/fruit_picker_ws/install/input_interfaces/share/input_interfaces/cmake/input_interfaces__rosidl_typesupport_introspection_cExport-noconfig.cmake
[1.196s] -- Up-to-date: /home/jacob/MTRN4231/MTRN4231/fruit_picker_ws/install/input_interfaces/share/input_interfaces/cmake/input_interfaces__rosidl_typesupport_cExport.cmake
[1.198s] -- Up-to-date: /home/jacob/MTRN4231/MTRN4231/fruit_picker_ws/install/input_interfaces/share/input_interfaces/cmake/input_interfaces__rosidl_typesupport_cExport-noconfig.cmake
[1.198s] -- Up-to-date: /home/jacob/MTRN4231/MTRN4231/fruit_picker_ws/install/input_interfaces/share/input_interfaces/cmake/export_input_interfaces__rosidl_generator_cppExport.cmake
[1.198s] -- Up-to-date: /home/jacob/MTRN4231/MTRN4231/fruit_picker_ws/install/input_interfaces/share/input_interfaces/cmake/export_input_interfaces__rosidl_typesupport_fastrtps_cppExport.cmake
[1.198s] -- Up-to-date: /home/jacob/MTRN4231/MTRN4231/fruit_picker_ws/install/input_interfaces/share/input_interfaces/cmake/export_input_interfaces__rosidl_typesupport_fastrtps_cppExport-noconfig.cmake
[1.198s] -- Up-to-date: /home/jacob/MTRN4231/MTRN4231/fruit_picker_ws/install/input_interfaces/share/input_interfaces/cmake/input_interfaces__rosidl_typesupport_introspection_cppExport.cmake
[1.198s] -- Up-to-date: /home/jacob/MTRN4231/MTRN4231/fruit_picker_ws/install/input_interfaces/share/input_interfaces/cmake/input_interfaces__rosidl_typesupport_introspection_cppExport-noconfig.cmake
[1.199s] -- Up-to-date: /home/jacob/MTRN4231/MTRN4231/fruit_picker_ws/install/input_interfaces/share/input_interfaces/cmake/input_interfaces__rosidl_typesupport_cppExport.cmake
[1.199s] -- Up-to-date: /home/jacob/MTRN4231/MTRN4231/fruit_picker_ws/install/input_interfaces/share/input_interfaces/cmake/input_interfaces__rosidl_typesupport_cppExport-noconfig.cmake
[1.199s] -- Up-to-date: /home/jacob/MTRN4231/MTRN4231/fruit_picker_ws/install/input_interfaces/share/input_interfaces/cmake/export_input_interfaces__rosidl_generator_pyExport.cmake
[1.199s] -- Up-to-date: /home/jacob/MTRN4231/MTRN4231/fruit_picker_ws/install/input_interfaces/share/input_interfaces/cmake/export_input_interfaces__rosidl_generator_pyExport-noconfig.cmake
[1.200s] -- Up-to-date: /home/jacob/MTRN4231/MTRN4231/fruit_picker_ws/install/input_interfaces/share/input_interfaces/cmake/rosidl_cmake-extras.cmake
[1.200s] -- Up-to-date: /home/jacob/MTRN4231/MTRN4231/fruit_picker_ws/install/input_interfaces/share/input_interfaces/cmake/ament_cmake_export_dependencies-extras.cmake
[1.200s] -- Up-to-date: /home/jacob/MTRN4231/MTRN4231/fruit_picker_ws/install/input_interfaces/share/input_interfaces/cmake/ament_cmake_export_include_directories-extras.cmake
[1.200s] -- Up-to-date: /home/jacob/MTRN4231/MTRN4231/fruit_picker_ws/install/input_interfaces/share/input_interfaces/cmake/ament_cmake_export_libraries-extras.cmake
[1.200s] -- Up-to-date: /home/jacob/MTRN4231/MTRN4231/fruit_picker_ws/install/input_interfaces/share/input_interfaces/cmake/ament_cmake_export_targets-extras.cmake
[1.200s] -- Up-to-date: /home/jacob/MTRN4231/MTRN4231/fruit_picker_ws/install/input_interfaces/share/input_interfaces/cmake/rosidl_cmake_export_typesupport_targets-extras.cmake
[1.200s] -- Up-to-date: /home/jacob/MTRN4231/MTRN4231/fruit_picker_ws/install/input_interfaces/share/input_interfaces/cmake/rosidl_cmake_export_typesupport_libraries-extras.cmake
[1.201s] -- Up-to-date: /home/jacob/MTRN4231/MTRN4231/fruit_picker_ws/install/input_interfaces/share/input_interfaces/cmake/input_interfacesConfig.cmake
[1.201s] -- Up-to-date: /home/jacob/MTRN4231/MTRN4231/fruit_picker_ws/install/input_interfaces/share/input_interfaces/cmake/input_interfacesConfig-version.cmake
[1.201s] -- Up-to-date: /home/jacob/MTRN4231/MTRN4231/fruit_picker_ws/install/input_interfaces/share/input_interfaces/package.xml
[1.204s] Invoked command in '/home/jacob/MTRN4231/MTRN4231/fruit_picker_ws/build/input_interfaces' returned '0': CMAKE_PREFIX_PATH=${CMAKE_PREFIX_PATH}:/opt/ros/humble /usr/bin/cmake --install /home/jacob/MTRN4231/MTRN4231/fruit_picker_ws/build/input_interfaces
