[0.044s] Invoking command in '/home/jacob/MTRN4231/MTRN4231/fruit_picker_ws/build/input_interfaces': CMAKE_PREFIX_PATH=${CMAKE_PREFIX_PATH}:/opt/ros/humble /usr/bin/cmake --build /home/jacob/MTRN4231/MTRN4231/fruit_picker_ws/build/input_interfaces -- -j8 -l8
[0.300s] [  3%] Built target input_interfaces__cpp
[0.303s] [ 12%] Built target input_interfaces__rosidl_generator_c
[0.383s] [ 12%] Built target ament_cmake_python_copy_input_interfaces
[0.411s] [ 22%] Built target input_interfaces__rosidl_typesupport_introspection_c
[0.418s] [ 32%] Built target input_interfaces__rosidl_typesupport_fastrtps_c
[0.421s] [ 41%] Built target input_interfaces__rosidl_typesupport_cpp
[0.422s] [ 51%] Built target input_interfaces__rosidl_typesupport_introspection_cpp
[0.424s] [ 70%] Built target input_interfaces__rosidl_typesupport_fastrtps_cpp
[0.424s] [ 70%] Built target input_interfaces__rosidl_typesupport_c
[0.482s] [ 70%] Built target input_interfaces
[0.534s] [ 74%] Built target input_interfaces__py
[0.586s] [ 80%] Built target input_interfaces__rosidl_generator_py
[0.647s] [ 87%] Built target input_interfaces__rosidl_typesupport_introspection_c__pyext
[0.649s] [ 93%] Built target input_interfaces__rosidl_typesupport_fastrtps_c__pyext
[0.652s] [100%] Built target input_interfaces__rosidl_typesupport_c__pyext
[1.194s] running egg_info
[1.200s] writing input_interfaces.egg-info/PKG-INFO
[1.201s] writing dependency_links to input_interfaces.egg-info/dependency_links.txt
[1.202s] writing top-level names to input_interfaces.egg-info/top_level.txt
[1.208s] reading manifest file 'input_interfaces.egg-info/SOURCES.txt'
[1.210s] writing manifest file 'input_interfaces.egg-info/SOURCES.txt'
[1.307s] [100%] Built target ament_cmake_python_build_input_interfaces_egg
[1.342s] Invoked command in '/home/jacob/MTRN4231/MTRN4231/fruit_picker_ws/build/input_interfaces' returned '0': CMAKE_PREFIX_PATH=${CMAKE_PREFIX_PATH}:/opt/ros/humble /usr/bin/cmake --build /home/jacob/MTRN4231/MTRN4231/fruit_picker_ws/build/input_interfaces -- -j8 -l8
[1.375s] Invoking command in '/home/jacob/MTRN4231/MTRN4231/fruit_picker_ws/build/input_interfaces': CMAKE_PREFIX_PATH=${CMAKE_PREFIX_PATH}:/opt/ros/humble /usr/bin/cmake --install /home/jacob/MTRN4231/MTRN4231/fruit_picker_ws/build/input_interfaces
[1.394s] -- Install configuration: ""
[1.395s] -- Up-to-date: /home/jacob/MTRN4231/MTRN4231/fruit_picker_ws/install/input_interfaces/share/ament_index/resource_index/rosidl_interfaces/input_interfaces
[1.396s] -- Up-to-date: /home/jacob/MTRN4231/MTRN4231/fruit_picker_ws/install/input_interfaces/include/input_interfaces/input_interfaces
[1.396s] -- Up-to-date: /home/jacob/MTRN4231/MTRN4231/fruit_picker_ws/install/input_interfaces/include/input_interfaces/input_interfaces/msg
[1.396s] -- Up-to-date: /home/jacob/MTRN4231/MTRN4231/fruit_picker_ws/install/input_interfaces/include/input_interfaces/input_interfaces/msg/rosidl_generator_c__visibility_control.h
[1.396s] -- Up-to-date: /home/jacob/MTRN4231/MTRN4231/fruit_picker_ws/install/input_interfaces/include/input_interfaces/input_interfaces/action
[1.397s] -- Up-to-date: /home/jacob/MTRN4231/MTRN4231/fruit_picker_ws/install/input_interfaces/include/input_interfaces/input_interfaces/action/user_input.h
[1.397s] -- Up-to-date: /home/jacob/MTRN4231/MTRN4231/fruit_picker_ws/install/input_interfaces/include/input_interfaces/input_interfaces/action/detail
[1.397s] -- Up-to-date: /home/jacob/MTRN4231/MTRN4231/fruit_picker_ws/install/input_interfaces/include/input_interfaces/input_interfaces/action/detail/user_input__struct.h
[1.398s] -- Up-to-date: /home/jacob/MTRN4231/MTRN4231/fruit_picker_ws/install/input_interfaces/include/input_interfaces/input_interfaces/action/detail/user_input__functions.c
[1.399s] -- Up-to-date: /home/jacob/MTRN4231/MTRN4231/fruit_picker_ws/install/input_interfaces/include/input_interfaces/input_interfaces/action/detail/user_input__type_support.h
[1.399s] -- Up-to-date: /home/jacob/MTRN4231/MTRN4231/fruit_picker_ws/install/input_interfaces/include/input_interfaces/input_interfaces/action/detail/user_input__functions.h
[1.399s] -- Up-to-date: /home/jacob/MTRN4231/MTRN4231/fruit_picker_ws/install/input_interfaces/share/input_interfaces/environment/library_path.sh
[1.400s] -- Up-to-date: /home/jacob/MTRN4231/MTRN4231/fruit_picker_ws/install/input_interfaces/share/input_interfaces/environment/library_path.dsv
[1.402s] -- Up-to-date: /home/jacob/MTRN4231/MTRN4231/fruit_picker_ws/install/input_interfaces/lib/libinput_interfaces__rosidl_generator_c.so
[1.402s] -- Up-to-date: /home/jacob/MTRN4231/MTRN4231/fruit_picker_ws/install/input_interfaces/include/input_interfaces/input_interfaces
[1.403s] -- Up-to-date: /home/jacob/MTRN4231/MTRN4231/fruit_picker_ws/install/input_interfaces/include/input_interfaces/input_interfaces/msg
[1.403s] -- Up-to-date: /home/jacob/MTRN4231/MTRN4231/fruit_picker_ws/install/input_interfaces/include/input_interfaces/input_interfaces/msg/rosidl_typesupport_fastrtps_c__visibility_control.h
[1.404s] -- Up-to-date: /home/jacob/MTRN4231/MTRN4231/fruit_picker_ws/install/input_interfaces/include/input_interfaces/input_interfaces/action
[1.404s] -- Up-to-date: /home/jacob/MTRN4231/MTRN4231/fruit_picker_ws/install/input_interfaces/include/input_interfaces/input_interfaces/action/detail
[1.405s] -- Up-to-date: /home/jacob/MTRN4231/MTRN4231/fruit_picker_ws/install/input_interfaces/include/input_interfaces/input_interfaces/action/detail/user_input__rosidl_typesupport_fastrtps_c.h
[1.406s] -- Up-to-date: /home/jacob/MTRN4231/MTRN4231/fruit_picker_ws/install/input_interfaces/lib/libinput_interfaces__rosidl_typesupport_fastrtps_c.so
[1.406s] -- Up-to-date: /home/jacob/MTRN4231/MTRN4231/fruit_picker_ws/install/input_interfaces/include/input_interfaces/input_interfaces
[1.406s] -- Up-to-date: /home/jacob/MTRN4231/MTRN4231/fruit_picker_ws/install/input_interfaces/include/input_interfaces/input_interfaces/msg
[1.407s] -- Up-to-date: /home/jacob/MTRN4231/MTRN4231/fruit_picker_ws/install/input_interfaces/include/input_interfaces/input_interfaces/msg/rosidl_typesupport_introspection_c__visibility_control.h
[1.407s] -- Up-to-date: /home/jacob/MTRN4231/MTRN4231/fruit_picker_ws/install/input_interfaces/include/input_interfaces/input_interfaces/action
[1.407s] -- Up-to-date: /home/jacob/MTRN4231/MTRN4231/fruit_picker_ws/install/input_interfaces/include/input_interfaces/input_interfaces/action/detail
[1.407s] -- Up-to-date: /home/jacob/MTRN4231/MTRN4231/fruit_picker_ws/install/input_interfaces/include/input_interfaces/input_interfaces/action/detail/user_input__rosidl_typesupport_introspection_c.h
[1.407s] -- Up-to-date: /home/jacob/MTRN4231/MTRN4231/fruit_picker_ws/install/input_interfaces/include/input_interfaces/input_interfaces/action/detail/user_input__type_support.c
[1.408s] -- Up-to-date: /home/jacob/MTRN4231/MTRN4231/fruit_picker_ws/install/input_interfaces/lib/libinput_interfaces__rosidl_typesupport_introspection_c.so
[1.411s] -- Up-to-date: /home/jacob/MTRN4231/MTRN4231/fruit_picker_ws/install/input_interfaces/lib/libinput_interfaces__rosidl_typesupport_c.so
[1.411s] -- Up-to-date: /home/jacob/MTRN4231/MTRN4231/fruit_picker_ws/install/input_interfaces/include/input_interfaces/input_interfaces
[1.412s] -- Up-to-date: /home/jacob/MTRN4231/MTRN4231/fruit_picker_ws/install/input_interfaces/include/input_interfaces/input_interfaces/msg
[1.412s] -- Up-to-date: /home/jacob/MTRN4231/MTRN4231/fruit_picker_ws/install/input_interfaces/include/input_interfaces/input_interfaces/msg/rosidl_generator_cpp__visibility_control.hpp
[1.412s] -- Up-to-date: /home/jacob/MTRN4231/MTRN4231/fruit_picker_ws/install/input_interfaces/include/input_interfaces/input_interfaces/action
[1.413s] -- Up-to-date: /home/jacob/MTRN4231/MTRN4231/fruit_picker_ws/install/input_interfaces/include/input_interfaces/input_interfaces/action/user_input.hpp
[1.413s] -- Up-to-date: /home/jacob/MTRN4231/MTRN4231/fruit_picker_ws/install/input_interfaces/include/input_interfaces/input_interfaces/action/detail
[1.413s] -- Up-to-date: /home/jacob/MTRN4231/MTRN4231/fruit_picker_ws/install/input_interfaces/include/input_interfaces/input_interfaces/action/detail/user_input__traits.hpp
[1.414s] -- Up-to-date: /home/jacob/MTRN4231/MTRN4231/fruit_picker_ws/install/input_interfaces/include/input_interfaces/input_interfaces/action/detail/user_input__struct.hpp
[1.414s] -- Up-to-date: /home/jacob/MTRN4231/MTRN4231/fruit_picker_ws/install/input_interfaces/include/input_interfaces/input_interfaces/action/detail/user_input__builder.hpp
[1.415s] -- Up-to-date: /home/jacob/MTRN4231/MTRN4231/fruit_picker_ws/install/input_interfaces/include/input_interfaces/input_interfaces/action/detail/user_input__type_support.hpp
[1.415s] -- Up-to-date: /home/jacob/MTRN4231/MTRN4231/fruit_picker_ws/install/input_interfaces/include/input_interfaces/input_interfaces
[1.416s] -- Up-to-date: /home/jacob/MTRN4231/MTRN4231/fruit_picker_ws/install/input_interfaces/include/input_interfaces/input_interfaces/msg
[1.416s] -- Up-to-date: /home/jacob/MTRN4231/MTRN4231/fruit_picker_ws/install/input_interfaces/include/input_interfaces/input_interfaces/msg/rosidl_typesupport_fastrtps_cpp__visibility_control.h
[1.416s] -- Up-to-date: /home/jacob/MTRN4231/MTRN4231/fruit_picker_ws/install/input_interfaces/include/input_interfaces/input_interfaces/action
[1.417s] -- Up-to-date: /home/jacob/MTRN4231/MTRN4231/fruit_picker_ws/install/input_interfaces/include/input_interfaces/input_interfaces/action/detail
[1.417s] -- Up-to-date: /home/jacob/MTRN4231/MTRN4231/fruit_picker_ws/install/input_interfaces/include/input_interfaces/input_interfaces/action/detail/user_input__rosidl_typesupport_fastrtps_cpp.hpp
[1.418s] -- Up-to-date: /home/jacob/MTRN4231/MTRN4231/fruit_picker_ws/install/input_interfaces/include/input_interfaces/input_interfaces/action/detail/dds_fastrtps
[1.419s] -- Up-to-date: /home/jacob/MTRN4231/MTRN4231/fruit_picker_ws/install/input_interfaces/lib/libinput_interfaces__rosidl_typesupport_fastrtps_cpp.so
[1.419s] -- Up-to-date: /home/jacob/MTRN4231/MTRN4231/fruit_picker_ws/install/input_interfaces/include/input_interfaces/input_interfaces
[1.419s] -- Up-to-date: /home/jacob/MTRN4231/MTRN4231/fruit_picker_ws/install/input_interfaces/include/input_interfaces/input_interfaces/action
[1.420s] -- Up-to-date: /home/jacob/MTRN4231/MTRN4231/fruit_picker_ws/install/input_interfaces/include/input_interfaces/input_interfaces/action/detail
[1.420s] -- Up-to-date: /home/jacob/MTRN4231/MTRN4231/fruit_picker_ws/install/input_interfaces/include/input_interfaces/input_interfaces/action/detail/user_input__rosidl_typesupport_introspection_cpp.hpp
[1.420s] -- Up-to-date: /home/jacob/MTRN4231/MTRN4231/fruit_picker_ws/install/input_interfaces/include/input_interfaces/input_interfaces/action/detail/user_input__type_support.cpp
[1.420s] -- Up-to-date: /home/jacob/MTRN4231/MTRN4231/fruit_picker_ws/install/input_interfaces/lib/libinput_interfaces__rosidl_typesupport_introspection_cpp.so
[1.422s] -- Up-to-date: /home/jacob/MTRN4231/MTRN4231/fruit_picker_ws/install/input_interfaces/lib/libinput_interfaces__rosidl_typesupport_cpp.so
[1.423s] -- Up-to-date: /home/jacob/MTRN4231/MTRN4231/fruit_picker_ws/install/input_interfaces/share/input_interfaces/environment/pythonpath.sh
[1.423s] -- Up-to-date: /home/jacob/MTRN4231/MTRN4231/fruit_picker_ws/install/input_interfaces/share/input_interfaces/environment/pythonpath.dsv
[1.424s] -- Up-to-date: /home/jacob/MTRN4231/MTRN4231/fruit_picker_ws/install/input_interfaces/local/lib/python3.10/dist-packages/input_interfaces-0.0.0-py3.10.egg-info
[1.425s] -- Installing: /home/jacob/MTRN4231/MTRN4231/fruit_picker_ws/install/input_interfaces/local/lib/python3.10/dist-packages/input_interfaces-0.0.0-py3.10.egg-info/SOURCES.txt
[1.425s] -- Installing: /home/jacob/MTRN4231/MTRN4231/fruit_picker_ws/install/input_interfaces/local/lib/python3.10/dist-packages/input_interfaces-0.0.0-py3.10.egg-info/dependency_links.txt
[1.425s] -- Installing: /home/jacob/MTRN4231/MTRN4231/fruit_picker_ws/install/input_interfaces/local/lib/python3.10/dist-packages/input_interfaces-0.0.0-py3.10.egg-info/top_level.txt
[1.426s] -- Installing: /home/jacob/MTRN4231/MTRN4231/fruit_picker_ws/install/input_interfaces/local/lib/python3.10/dist-packages/input_interfaces-0.0.0-py3.10.egg-info/PKG-INFO
[1.427s] -- Up-to-date: /home/jacob/MTRN4231/MTRN4231/fruit_picker_ws/install/input_interfaces/local/lib/python3.10/dist-packages/input_interfaces
[1.428s] -- Up-to-date: /home/jacob/MTRN4231/MTRN4231/fruit_picker_ws/install/input_interfaces/local/lib/python3.10/dist-packages/input_interfaces/libinput_interfaces__rosidl_generator_py.so
[1.428s] -- Up-to-date: /home/jacob/MTRN4231/MTRN4231/fruit_picker_ws/install/input_interfaces/local/lib/python3.10/dist-packages/input_interfaces/__init__.py
[1.428s] -- Up-to-date: /home/jacob/MTRN4231/MTRN4231/fruit_picker_ws/install/input_interfaces/local/lib/python3.10/dist-packages/input_interfaces/_input_interfaces_s.ep.rosidl_typesupport_fastrtps_c.c
[1.428s] -- Up-to-date: /home/jacob/MTRN4231/MTRN4231/fruit_picker_ws/install/input_interfaces/local/lib/python3.10/dist-packages/input_interfaces/input_interfaces_s__rosidl_typesupport_c.cpython-310-x86_64-linux-gnu.so
[1.429s] -- Up-to-date: /home/jacob/MTRN4231/MTRN4231/fruit_picker_ws/install/input_interfaces/local/lib/python3.10/dist-packages/input_interfaces/_input_interfaces_s.ep.rosidl_typesupport_introspection_c.c
[1.429s] -- Up-to-date: /home/jacob/MTRN4231/MTRN4231/fruit_picker_ws/install/input_interfaces/local/lib/python3.10/dist-packages/input_interfaces/input_interfaces_s__rosidl_typesupport_introspection_c.cpython-310-x86_64-linux-gnu.so
[1.430s] -- Up-to-date: /home/jacob/MTRN4231/MTRN4231/fruit_picker_ws/install/input_interfaces/local/lib/python3.10/dist-packages/input_interfaces/action
[1.430s] -- Up-to-date: /home/jacob/MTRN4231/MTRN4231/fruit_picker_ws/install/input_interfaces/local/lib/python3.10/dist-packages/input_interfaces/action/__init__.py
[1.431s] -- Up-to-date: /home/jacob/MTRN4231/MTRN4231/fruit_picker_ws/install/input_interfaces/local/lib/python3.10/dist-packages/input_interfaces/action/_user_input.py
[1.431s] -- Up-to-date: /home/jacob/MTRN4231/MTRN4231/fruit_picker_ws/install/input_interfaces/local/lib/python3.10/dist-packages/input_interfaces/action/_user_input_s.c
[1.432s] -- Up-to-date: /home/jacob/MTRN4231/MTRN4231/fruit_picker_ws/install/input_interfaces/local/lib/python3.10/dist-packages/input_interfaces/input_interfaces_s__rosidl_typesupport_fastrtps_c.cpython-310-x86_64-linux-gnu.so
[1.432s] -- Up-to-date: /home/jacob/MTRN4231/MTRN4231/fruit_picker_ws/install/input_interfaces/local/lib/python3.10/dist-packages/input_interfaces/_input_interfaces_s.ep.rosidl_typesupport_c.c
[1.512s] Listing '/home/jacob/MTRN4231/MTRN4231/fruit_picker_ws/install/input_interfaces/local/lib/python3.10/dist-packages/input_interfaces'...
[1.512s] Listing '/home/jacob/MTRN4231/MTRN4231/fruit_picker_ws/install/input_interfaces/local/lib/python3.10/dist-packages/input_interfaces/action'...
[1.527s] -- Up-to-date: /home/jacob/MTRN4231/MTRN4231/fruit_picker_ws/install/input_interfaces/local/lib/python3.10/dist-packages/input_interfaces/input_interfaces_s__rosidl_typesupport_fastrtps_c.cpython-310-x86_64-linux-gnu.so
[1.529s] -- Up-to-date: /home/jacob/MTRN4231/MTRN4231/fruit_picker_ws/install/input_interfaces/local/lib/python3.10/dist-packages/input_interfaces/input_interfaces_s__rosidl_typesupport_introspection_c.cpython-310-x86_64-linux-gnu.so
[1.532s] -- Up-to-date: /home/jacob/MTRN4231/MTRN4231/fruit_picker_ws/install/input_interfaces/local/lib/python3.10/dist-packages/input_interfaces/input_interfaces_s__rosidl_typesupport_c.cpython-310-x86_64-linux-gnu.so
[1.535s] -- Up-to-date: /home/jacob/MTRN4231/MTRN4231/fruit_picker_ws/install/input_interfaces/lib/libinput_interfaces__rosidl_generator_py.so
[1.535s] -- Up-to-date: /home/jacob/MTRN4231/MTRN4231/fruit_picker_ws/install/input_interfaces/share/input_interfaces/action/UserInput.idl
[1.536s] -- Up-to-date: /home/jacob/MTRN4231/MTRN4231/fruit_picker_ws/install/input_interfaces/share/input_interfaces/action/UserInput.action
[1.536s] -- Up-to-date: /home/jacob/MTRN4231/MTRN4231/fruit_picker_ws/install/input_interfaces/share/ament_index/resource_index/package_run_dependencies/input_interfaces
[1.537s] -- Up-to-date: /home/jacob/MTRN4231/MTRN4231/fruit_picker_ws/install/input_interfaces/share/ament_index/resource_index/parent_prefix_path/input_interfaces
[1.537s] -- Up-to-date: /home/jacob/MTRN4231/MTRN4231/fruit_picker_ws/install/input_interfaces/share/input_interfaces/environment/ament_prefix_path.sh
[1.538s] -- Up-to-date: /home/jacob/MTRN4231/MTRN4231/fruit_picker_ws/install/input_interfaces/share/input_interfaces/environment/ament_prefix_path.dsv
[1.538s] -- Up-to-date: /home/jacob/MTRN4231/MTRN4231/fruit_picker_ws/install/input_interfaces/share/input_interfaces/environment/path.sh
[1.538s] -- Up-to-date: /home/jacob/MTRN4231/MTRN4231/fruit_picker_ws/install/input_interfaces/share/input_interfaces/environment/path.dsv
[1.539s] -- Up-to-date: /home/jacob/MTRN4231/MTRN4231/fruit_picker_ws/install/input_interfaces/share/input_interfaces/local_setup.bash
[1.539s] -- Up-to-date: /home/jacob/MTRN4231/MTRN4231/fruit_picker_ws/install/input_interfaces/share/input_interfaces/local_setup.sh
[1.540s] -- Up-to-date: /home/jacob/MTRN4231/MTRN4231/fruit_picker_ws/install/input_interfaces/share/input_interfaces/local_setup.zsh
[1.540s] -- Up-to-date: /home/jacob/MTRN4231/MTRN4231/fruit_picker_ws/install/input_interfaces/share/input_interfaces/local_setup.dsv
[1.541s] -- Installing: /home/jacob/MTRN4231/MTRN4231/fruit_picker_ws/install/input_interfaces/share/input_interfaces/package.dsv
[1.541s] -- Up-to-date: /home/jacob/MTRN4231/MTRN4231/fruit_picker_ws/install/input_interfaces/share/ament_index/resource_index/packages/input_interfaces
[1.542s] -- Up-to-date: /home/jacob/MTRN4231/MTRN4231/fruit_picker_ws/install/input_interfaces/share/input_interfaces/cmake/export_input_interfaces__rosidl_generator_cExport.cmake
[1.542s] -- Up-to-date: /home/jacob/MTRN4231/MTRN4231/fruit_picker_ws/install/input_interfaces/share/input_interfaces/cmake/export_input_interfaces__rosidl_generator_cExport-noconfig.cmake
[1.542s] -- Up-to-date: /home/jacob/MTRN4231/MTRN4231/fruit_picker_ws/install/input_interfaces/share/input_interfaces/cmake/export_input_interfaces__rosidl_typesupport_fastrtps_cExport.cmake
[1.543s] -- Up-to-date: /home/jacob/MTRN4231/MTRN4231/fruit_picker_ws/install/input_interfaces/share/input_interfaces/cmake/export_input_interfaces__rosidl_typesupport_fastrtps_cExport-noconfig.cmake
[1.544s] -- Up-to-date: /home/jacob/MTRN4231/MTRN4231/fruit_picker_ws/install/input_interfaces/share/input_interfaces/cmake/input_interfaces__rosidl_typesupport_introspection_cExport.cmake
[1.544s] -- Up-to-date: /home/jacob/MTRN4231/MTRN4231/fruit_picker_ws/install/input_interfaces/share/input_interfaces/cmake/input_interfaces__rosidl_typesupport_introspection_cExport-noconfig.cmake
[1.544s] -- Up-to-date: /home/jacob/MTRN4231/MTRN4231/fruit_picker_ws/install/input_interfaces/share/input_interfaces/cmake/input_interfaces__rosidl_typesupport_cExport.cmake
[1.544s] -- Up-to-date: /home/jacob/MTRN4231/MTRN4231/fruit_picker_ws/install/input_interfaces/share/input_interfaces/cmake/input_interfaces__rosidl_typesupport_cExport-noconfig.cmake
[1.545s] -- Up-to-date: /home/jacob/MTRN4231/MTRN4231/fruit_picker_ws/install/input_interfaces/share/input_interfaces/cmake/export_input_interfaces__rosidl_generator_cppExport.cmake
[1.547s] -- Up-to-date: /home/jacob/MTRN4231/MTRN4231/fruit_picker_ws/install/input_interfaces/share/input_interfaces/cmake/export_input_interfaces__rosidl_typesupport_fastrtps_cppExport.cmake
[1.548s] -- Up-to-date: /home/jacob/MTRN4231/MTRN4231/fruit_picker_ws/install/input_interfaces/share/input_interfaces/cmake/export_input_interfaces__rosidl_typesupport_fastrtps_cppExport-noconfig.cmake
[1.549s] -- Up-to-date: /home/jacob/MTRN4231/MTRN4231/fruit_picker_ws/install/input_interfaces/share/input_interfaces/cmake/input_interfaces__rosidl_typesupport_introspection_cppExport.cmake
[1.549s] -- Up-to-date: /home/jacob/MTRN4231/MTRN4231/fruit_picker_ws/install/input_interfaces/share/input_interfaces/cmake/input_interfaces__rosidl_typesupport_introspection_cppExport-noconfig.cmake
[1.551s] -- Up-to-date: /home/jacob/MTRN4231/MTRN4231/fruit_picker_ws/install/input_interfaces/share/input_interfaces/cmake/input_interfaces__rosidl_typesupport_cppExport.cmake
[1.551s] -- Up-to-date: /home/jacob/MTRN4231/MTRN4231/fruit_picker_ws/install/input_interfaces/share/input_interfaces/cmake/input_interfaces__rosidl_typesupport_cppExport-noconfig.cmake
[1.552s] -- Up-to-date: /home/jacob/MTRN4231/MTRN4231/fruit_picker_ws/install/input_interfaces/share/input_interfaces/cmake/export_input_interfaces__rosidl_generator_pyExport.cmake
[1.553s] -- Up-to-date: /home/jacob/MTRN4231/MTRN4231/fruit_picker_ws/install/input_interfaces/share/input_interfaces/cmake/export_input_interfaces__rosidl_generator_pyExport-noconfig.cmake
[1.553s] -- Up-to-date: /home/jacob/MTRN4231/MTRN4231/fruit_picker_ws/install/input_interfaces/share/input_interfaces/cmake/rosidl_cmake-extras.cmake
[1.554s] -- Up-to-date: /home/jacob/MTRN4231/MTRN4231/fruit_picker_ws/install/input_interfaces/share/input_interfaces/cmake/ament_cmake_export_dependencies-extras.cmake
[1.554s] -- Up-to-date: /home/jacob/MTRN4231/MTRN4231/fruit_picker_ws/install/input_interfaces/share/input_interfaces/cmake/ament_cmake_export_include_directories-extras.cmake
[1.554s] -- Up-to-date: /home/jacob/MTRN4231/MTRN4231/fruit_picker_ws/install/input_interfaces/share/input_interfaces/cmake/ament_cmake_export_libraries-extras.cmake
[1.554s] -- Up-to-date: /home/jacob/MTRN4231/MTRN4231/fruit_picker_ws/install/input_interfaces/share/input_interfaces/cmake/ament_cmake_export_targets-extras.cmake
[1.554s] -- Up-to-date: /home/jacob/MTRN4231/MTRN4231/fruit_picker_ws/install/input_interfaces/share/input_interfaces/cmake/rosidl_cmake_export_typesupport_targets-extras.cmake
[1.554s] -- Up-to-date: /home/jacob/MTRN4231/MTRN4231/fruit_picker_ws/install/input_interfaces/share/input_interfaces/cmake/rosidl_cmake_export_typesupport_libraries-extras.cmake
[1.555s] -- Up-to-date: /home/jacob/MTRN4231/MTRN4231/fruit_picker_ws/install/input_interfaces/share/input_interfaces/cmake/input_interfacesConfig.cmake
[1.555s] -- Up-to-date: /home/jacob/MTRN4231/MTRN4231/fruit_picker_ws/install/input_interfaces/share/input_interfaces/cmake/input_interfacesConfig-version.cmake
[1.555s] -- Up-to-date: /home/jacob/MTRN4231/MTRN4231/fruit_picker_ws/install/input_interfaces/share/input_interfaces/package.xml
[1.560s] Invoked command in '/home/jacob/MTRN4231/MTRN4231/fruit_picker_ws/build/input_interfaces' returned '0': CMAKE_PREFIX_PATH=${CMAKE_PREFIX_PATH}:/opt/ros/humble /usr/bin/cmake --install /home/jacob/MTRN4231/MTRN4231/fruit_picker_ws/build/input_interfaces
