[0.036s] Invoking command in '/home/jacob/MTRN4231/MTRN4231/fruit_picker_ws/build/input_interfaces': CMAKE_PREFIX_PATH=${CMAKE_PREFIX_PATH}:/opt/ros/humble /usr/bin/cmake --build /home/jacob/MTRN4231/MTRN4231/fruit_picker_ws/build/input_interfaces -- -j8 -l8
[0.191s] [  3%] Built target input_interfaces__cpp
[0.209s] [ 12%] Built target input_interfaces__rosidl_generator_c
[0.240s] [ 12%] Built target ament_cmake_python_copy_input_interfaces
[0.276s] [ 22%] Built target input_interfaces__rosidl_typesupport_cpp
[0.289s] [ 32%] Built target input_interfaces__rosidl_typesupport_introspection_cpp
[0.295s] [ 41%] Built target input_interfaces__rosidl_typesupport_fastrtps_cpp
[0.300s] [ 51%] Built target input_interfaces__rosidl_typesupport_introspection_c
[0.307s] [ 61%] Built target input_interfaces__rosidl_typesupport_c
[0.318s] [ 70%] Built target input_interfaces__rosidl_typesupport_fastrtps_c
[0.376s] [ 70%] Built target input_interfaces
[0.425s] [ 74%] Built target input_interfaces__py
[0.484s] [ 80%] Built target input_interfaces__rosidl_generator_py
[0.545s] [ 87%] Built target input_interfaces__rosidl_typesupport_fastrtps_c__pyext
[0.547s] [ 93%] Built target input_interfaces__rosidl_typesupport_c__pyext
[0.555s] [100%] Built target input_interfaces__rosidl_typesupport_introspection_c__pyext
[0.883s] running egg_info
[0.888s] writing input_interfaces.egg-info/PKG-INFO
[0.889s] writing dependency_links to input_interfaces.egg-info/dependency_links.txt
[0.889s] writing top-level names to input_interfaces.egg-info/top_level.txt
[0.894s] reading manifest file 'input_interfaces.egg-info/SOURCES.txt'
[0.896s] writing manifest file 'input_interfaces.egg-info/SOURCES.txt'
[0.996s] [100%] Built target ament_cmake_python_build_input_interfaces_egg
[1.029s] Invoked command in '/home/jacob/MTRN4231/MTRN4231/fruit_picker_ws/build/input_interfaces' returned '0': CMAKE_PREFIX_PATH=${CMAKE_PREFIX_PATH}:/opt/ros/humble /usr/bin/cmake --build /home/jacob/MTRN4231/MTRN4231/fruit_picker_ws/build/input_interfaces -- -j8 -l8
[1.058s] Invoking command in '/home/jacob/MTRN4231/MTRN4231/fruit_picker_ws/build/input_interfaces': CMAKE_PREFIX_PATH=${CMAKE_PREFIX_PATH}:/opt/ros/humble /usr/bin/cmake --install /home/jacob/MTRN4231/MTRN4231/fruit_picker_ws/build/input_interfaces
[1.072s] -- Install configuration: ""
[1.073s] -- Up-to-date: /home/jacob/MTRN4231/MTRN4231/fruit_picker_ws/install/input_interfaces/share/ament_index/resource_index/rosidl_interfaces/input_interfaces
[1.074s] -- Up-to-date: /home/jacob/MTRN4231/MTRN4231/fruit_picker_ws/install/input_interfaces/include/input_interfaces/input_interfaces
[1.074s] -- Up-to-date: /home/jacob/MTRN4231/MTRN4231/fruit_picker_ws/install/input_interfaces/include/input_interfaces/input_interfaces/msg
[1.075s] -- Up-to-date: /home/jacob/MTRN4231/MTRN4231/fruit_picker_ws/install/input_interfaces/include/input_interfaces/input_interfaces/msg/rosidl_generator_c__visibility_control.h
[1.075s] -- Up-to-date: /home/jacob/MTRN4231/MTRN4231/fruit_picker_ws/install/input_interfaces/include/input_interfaces/input_interfaces/action
[1.075s] -- Up-to-date: /home/jacob/MTRN4231/MTRN4231/fruit_picker_ws/install/input_interfaces/include/input_interfaces/input_interfaces/action/user_input.h
[1.076s] -- Up-to-date: /home/jacob/MTRN4231/MTRN4231/fruit_picker_ws/install/input_interfaces/include/input_interfaces/input_interfaces/action/detail
[1.076s] -- Up-to-date: /home/jacob/MTRN4231/MTRN4231/fruit_picker_ws/install/input_interfaces/include/input_interfaces/input_interfaces/action/detail/user_input__struct.h
[1.076s] -- Up-to-date: /home/jacob/MTRN4231/MTRN4231/fruit_picker_ws/install/input_interfaces/include/input_interfaces/input_interfaces/action/detail/user_input__functions.c
[1.076s] -- Up-to-date: /home/jacob/MTRN4231/MTRN4231/fruit_picker_ws/install/input_interfaces/include/input_interfaces/input_interfaces/action/detail/user_input__type_support.h
[1.076s] -- Up-to-date: /home/jacob/MTRN4231/MTRN4231/fruit_picker_ws/install/input_interfaces/include/input_interfaces/input_interfaces/action/detail/user_input__functions.h
[1.077s] -- Up-to-date: /home/jacob/MTRN4231/MTRN4231/fruit_picker_ws/install/input_interfaces/share/input_interfaces/environment/library_path.sh
[1.077s] -- Up-to-date: /home/jacob/MTRN4231/MTRN4231/fruit_picker_ws/install/input_interfaces/share/input_interfaces/environment/library_path.dsv
[1.077s] -- Up-to-date: /home/jacob/MTRN4231/MTRN4231/fruit_picker_ws/install/input_interfaces/lib/libinput_interfaces__rosidl_generator_c.so
[1.078s] -- Up-to-date: /home/jacob/MTRN4231/MTRN4231/fruit_picker_ws/install/input_interfaces/include/input_interfaces/input_interfaces
[1.079s] -- Up-to-date: /home/jacob/MTRN4231/MTRN4231/fruit_picker_ws/install/input_interfaces/include/input_interfaces/input_interfaces/msg
[1.079s] -- Up-to-date: /home/jacob/MTRN4231/MTRN4231/fruit_picker_ws/install/input_interfaces/include/input_interfaces/input_interfaces/msg/rosidl_typesupport_fastrtps_c__visibility_control.h
[1.079s] -- Up-to-date: /home/jacob/MTRN4231/MTRN4231/fruit_picker_ws/install/input_interfaces/include/input_interfaces/input_interfaces/action
[1.080s] -- Up-to-date: /home/jacob/MTRN4231/MTRN4231/fruit_picker_ws/install/input_interfaces/include/input_interfaces/input_interfaces/action/detail
[1.080s] -- Up-to-date: /home/jacob/MTRN4231/MTRN4231/fruit_picker_ws/install/input_interfaces/include/input_interfaces/input_interfaces/action/detail/user_input__rosidl_typesupport_fastrtps_c.h
[1.081s] -- Up-to-date: /home/jacob/MTRN4231/MTRN4231/fruit_picker_ws/install/input_interfaces/lib/libinput_interfaces__rosidl_typesupport_fastrtps_c.so
[1.081s] -- Up-to-date: /home/jacob/MTRN4231/MTRN4231/fruit_picker_ws/install/input_interfaces/include/input_interfaces/input_interfaces
[1.082s] -- Up-to-date: /home/jacob/MTRN4231/MTRN4231/fruit_picker_ws/install/input_interfaces/include/input_interfaces/input_interfaces/msg
[1.082s] -- Up-to-date: /home/jacob/MTRN4231/MTRN4231/fruit_picker_ws/install/input_interfaces/include/input_interfaces/input_interfaces/msg/rosidl_typesupport_introspection_c__visibility_control.h
[1.082s] -- Up-to-date: /home/jacob/MTRN4231/MTRN4231/fruit_picker_ws/install/input_interfaces/include/input_interfaces/input_interfaces/action
[1.083s] -- Up-to-date: /home/jacob/MTRN4231/MTRN4231/fruit_picker_ws/install/input_interfaces/include/input_interfaces/input_interfaces/action/detail
[1.083s] -- Up-to-date: /home/jacob/MTRN4231/MTRN4231/fruit_picker_ws/install/input_interfaces/include/input_interfaces/input_interfaces/action/detail/user_input__rosidl_typesupport_introspection_c.h
[1.083s] -- Up-to-date: /home/jacob/MTRN4231/MTRN4231/fruit_picker_ws/install/input_interfaces/include/input_interfaces/input_interfaces/action/detail/user_input__type_support.c
[1.083s] -- Up-to-date: /home/jacob/MTRN4231/MTRN4231/fruit_picker_ws/install/input_interfaces/lib/libinput_interfaces__rosidl_typesupport_introspection_c.so
[1.084s] -- Up-to-date: /home/jacob/MTRN4231/MTRN4231/fruit_picker_ws/install/input_interfaces/lib/libinput_interfaces__rosidl_typesupport_c.so
[1.084s] -- Up-to-date: /home/jacob/MTRN4231/MTRN4231/fruit_picker_ws/install/input_interfaces/include/input_interfaces/input_interfaces
[1.085s] -- Up-to-date: /home/jacob/MTRN4231/MTRN4231/fruit_picker_ws/install/input_interfaces/include/input_interfaces/input_interfaces/msg
[1.086s] -- Up-to-date: /home/jacob/MTRN4231/MTRN4231/fruit_picker_ws/install/input_interfaces/include/input_interfaces/input_interfaces/msg/rosidl_generator_cpp__visibility_control.hpp
[1.086s] -- Up-to-date: /home/jacob/MTRN4231/MTRN4231/fruit_picker_ws/install/input_interfaces/include/input_interfaces/input_interfaces/action
[1.087s] -- Up-to-date: /home/jacob/MTRN4231/MTRN4231/fruit_picker_ws/install/input_interfaces/include/input_interfaces/input_interfaces/action/user_input.hpp
[1.089s] -- Up-to-date: /home/jacob/MTRN4231/MTRN4231/fruit_picker_ws/install/input_interfaces/include/input_interfaces/input_interfaces/action/detail
[1.089s] -- Up-to-date: /home/jacob/MTRN4231/MTRN4231/fruit_picker_ws/install/input_interfaces/include/input_interfaces/input_interfaces/action/detail/user_input__traits.hpp
[1.090s] -- Up-to-date: /home/jacob/MTRN4231/MTRN4231/fruit_picker_ws/install/input_interfaces/include/input_interfaces/input_interfaces/action/detail/user_input__struct.hpp
[1.090s] -- Up-to-date: /home/jacob/MTRN4231/MTRN4231/fruit_picker_ws/install/input_interfaces/include/input_interfaces/input_interfaces/action/detail/user_input__builder.hpp
[1.091s] -- Up-to-date: /home/jacob/MTRN4231/MTRN4231/fruit_picker_ws/install/input_interfaces/include/input_interfaces/input_interfaces/action/detail/user_input__type_support.hpp
[1.091s] -- Up-to-date: /home/jacob/MTRN4231/MTRN4231/fruit_picker_ws/install/input_interfaces/include/input_interfaces/input_interfaces
[1.091s] -- Up-to-date: /home/jacob/MTRN4231/MTRN4231/fruit_picker_ws/install/input_interfaces/include/input_interfaces/input_interfaces/msg
[1.092s] -- Up-to-date: /home/jacob/MTRN4231/MTRN4231/fruit_picker_ws/install/input_interfaces/include/input_interfaces/input_interfaces/msg/rosidl_typesupport_fastrtps_cpp__visibility_control.h
[1.092s] -- Up-to-date: /home/jacob/MTRN4231/MTRN4231/fruit_picker_ws/install/input_interfaces/include/input_interfaces/input_interfaces/action
[1.093s] -- Up-to-date: /home/jacob/MTRN4231/MTRN4231/fruit_picker_ws/install/input_interfaces/include/input_interfaces/input_interfaces/action/detail
[1.094s] -- Up-to-date: /home/jacob/MTRN4231/MTRN4231/fruit_picker_ws/install/input_interfaces/include/input_interfaces/input_interfaces/action/detail/user_input__rosidl_typesupport_fastrtps_cpp.hpp
[1.094s] -- Up-to-date: /home/jacob/MTRN4231/MTRN4231/fruit_picker_ws/install/input_interfaces/include/input_interfaces/input_interfaces/action/detail/dds_fastrtps
[1.094s] -- Up-to-date: /home/jacob/MTRN4231/MTRN4231/fruit_picker_ws/install/input_interfaces/lib/libinput_interfaces__rosidl_typesupport_fastrtps_cpp.so
[1.095s] -- Up-to-date: /home/jacob/MTRN4231/MTRN4231/fruit_picker_ws/install/input_interfaces/include/input_interfaces/input_interfaces
[1.095s] -- Up-to-date: /home/jacob/MTRN4231/MTRN4231/fruit_picker_ws/install/input_interfaces/include/input_interfaces/input_interfaces/action
[1.096s] -- Up-to-date: /home/jacob/MTRN4231/MTRN4231/fruit_picker_ws/install/input_interfaces/include/input_interfaces/input_interfaces/action/detail
[1.096s] -- Up-to-date: /home/jacob/MTRN4231/MTRN4231/fruit_picker_ws/install/input_interfaces/include/input_interfaces/input_interfaces/action/detail/user_input__rosidl_typesupport_introspection_cpp.hpp
[1.096s] -- Up-to-date: /home/jacob/MTRN4231/MTRN4231/fruit_picker_ws/install/input_interfaces/include/input_interfaces/input_interfaces/action/detail/user_input__type_support.cpp
[1.096s] -- Up-to-date: /home/jacob/MTRN4231/MTRN4231/fruit_picker_ws/install/input_interfaces/lib/libinput_interfaces__rosidl_typesupport_introspection_cpp.so
[1.096s] -- Up-to-date: /home/jacob/MTRN4231/MTRN4231/fruit_picker_ws/install/input_interfaces/lib/libinput_interfaces__rosidl_typesupport_cpp.so
[1.096s] -- Up-to-date: /home/jacob/MTRN4231/MTRN4231/fruit_picker_ws/install/input_interfaces/share/input_interfaces/environment/pythonpath.sh
[1.096s] -- Up-to-date: /home/jacob/MTRN4231/MTRN4231/fruit_picker_ws/install/input_interfaces/share/input_interfaces/environment/pythonpath.dsv
[1.096s] -- Up-to-date: /home/jacob/MTRN4231/MTRN4231/fruit_picker_ws/install/input_interfaces/local/lib/python3.10/dist-packages/input_interfaces-0.0.0-py3.10.egg-info
[1.097s] -- Installing: /home/jacob/MTRN4231/MTRN4231/fruit_picker_ws/install/input_interfaces/local/lib/python3.10/dist-packages/input_interfaces-0.0.0-py3.10.egg-info/SOURCES.txt
[1.097s] -- Installing: /home/jacob/MTRN4231/MTRN4231/fruit_picker_ws/install/input_interfaces/local/lib/python3.10/dist-packages/input_interfaces-0.0.0-py3.10.egg-info/dependency_links.txt
[1.097s] -- Installing: /home/jacob/MTRN4231/MTRN4231/fruit_picker_ws/install/input_interfaces/local/lib/python3.10/dist-packages/input_interfaces-0.0.0-py3.10.egg-info/top_level.txt
[1.097s] -- Installing: /home/jacob/MTRN4231/MTRN4231/fruit_picker_ws/install/input_interfaces/local/lib/python3.10/dist-packages/input_interfaces-0.0.0-py3.10.egg-info/PKG-INFO
[1.097s] -- Up-to-date: /home/jacob/MTRN4231/MTRN4231/fruit_picker_ws/install/input_interfaces/local/lib/python3.10/dist-packages/input_interfaces
[1.097s] -- Up-to-date: /home/jacob/MTRN4231/MTRN4231/fruit_picker_ws/install/input_interfaces/local/lib/python3.10/dist-packages/input_interfaces/libinput_interfaces__rosidl_generator_py.so
[1.097s] -- Up-to-date: /home/jacob/MTRN4231/MTRN4231/fruit_picker_ws/install/input_interfaces/local/lib/python3.10/dist-packages/input_interfaces/__init__.py
[1.097s] -- Up-to-date: /home/jacob/MTRN4231/MTRN4231/fruit_picker_ws/install/input_interfaces/local/lib/python3.10/dist-packages/input_interfaces/_input_interfaces_s.ep.rosidl_typesupport_fastrtps_c.c
[1.097s] -- Up-to-date: /home/jacob/MTRN4231/MTRN4231/fruit_picker_ws/install/input_interfaces/local/lib/python3.10/dist-packages/input_interfaces/input_interfaces_s__rosidl_typesupport_c.cpython-310-x86_64-linux-gnu.so
[1.097s] -- Up-to-date: /home/jacob/MTRN4231/MTRN4231/fruit_picker_ws/install/input_interfaces/local/lib/python3.10/dist-packages/input_interfaces/_input_interfaces_s.ep.rosidl_typesupport_introspection_c.c
[1.098s] -- Up-to-date: /home/jacob/MTRN4231/MTRN4231/fruit_picker_ws/install/input_interfaces/local/lib/python3.10/dist-packages/input_interfaces/input_interfaces_s__rosidl_typesupport_introspection_c.cpython-310-x86_64-linux-gnu.so
[1.098s] -- Up-to-date: /home/jacob/MTRN4231/MTRN4231/fruit_picker_ws/install/input_interfaces/local/lib/python3.10/dist-packages/input_interfaces/action
[1.098s] -- Up-to-date: /home/jacob/MTRN4231/MTRN4231/fruit_picker_ws/install/input_interfaces/local/lib/python3.10/dist-packages/input_interfaces/action/__init__.py
[1.098s] -- Up-to-date: /home/jacob/MTRN4231/MTRN4231/fruit_picker_ws/install/input_interfaces/local/lib/python3.10/dist-packages/input_interfaces/action/_user_input.py
[1.098s] -- Up-to-date: /home/jacob/MTRN4231/MTRN4231/fruit_picker_ws/install/input_interfaces/local/lib/python3.10/dist-packages/input_interfaces/action/_user_input_s.c
[1.098s] -- Up-to-date: /home/jacob/MTRN4231/MTRN4231/fruit_picker_ws/install/input_interfaces/local/lib/python3.10/dist-packages/input_interfaces/input_interfaces_s__rosidl_typesupport_fastrtps_c.cpython-310-x86_64-linux-gnu.so
[1.098s] -- Up-to-date: /home/jacob/MTRN4231/MTRN4231/fruit_picker_ws/install/input_interfaces/local/lib/python3.10/dist-packages/input_interfaces/_input_interfaces_s.ep.rosidl_typesupport_c.c
[1.173s] Listing '/home/jacob/MTRN4231/MTRN4231/fruit_picker_ws/install/input_interfaces/local/lib/python3.10/dist-packages/input_interfaces'...
[1.173s] Listing '/home/jacob/MTRN4231/MTRN4231/fruit_picker_ws/install/input_interfaces/local/lib/python3.10/dist-packages/input_interfaces/action'...
[1.181s] -- Up-to-date: /home/jacob/MTRN4231/MTRN4231/fruit_picker_ws/install/input_interfaces/local/lib/python3.10/dist-packages/input_interfaces/input_interfaces_s__rosidl_typesupport_fastrtps_c.cpython-310-x86_64-linux-gnu.so
[1.182s] -- Up-to-date: /home/jacob/MTRN4231/MTRN4231/fruit_picker_ws/install/input_interfaces/local/lib/python3.10/dist-packages/input_interfaces/input_interfaces_s__rosidl_typesupport_introspection_c.cpython-310-x86_64-linux-gnu.so
[1.183s] -- Up-to-date: /home/jacob/MTRN4231/MTRN4231/fruit_picker_ws/install/input_interfaces/local/lib/python3.10/dist-packages/input_interfaces/input_interfaces_s__rosidl_typesupport_c.cpython-310-x86_64-linux-gnu.so
[1.187s] -- Up-to-date: /home/jacob/MTRN4231/MTRN4231/fruit_picker_ws/install/input_interfaces/lib/libinput_interfaces__rosidl_generator_py.so
[1.187s] -- Up-to-date: /home/jacob/MTRN4231/MTRN4231/fruit_picker_ws/install/input_interfaces/share/input_interfaces/action/UserInput.idl
[1.187s] -- Up-to-date: /home/jacob/MTRN4231/MTRN4231/fruit_picker_ws/install/input_interfaces/share/input_interfaces/action/UserInput.action
[1.187s] -- Up-to-date: /home/jacob/MTRN4231/MTRN4231/fruit_picker_ws/install/input_interfaces/share/ament_index/resource_index/package_run_dependencies/input_interfaces
[1.188s] -- Up-to-date: /home/jacob/MTRN4231/MTRN4231/fruit_picker_ws/install/input_interfaces/share/ament_index/resource_index/parent_prefix_path/input_interfaces
[1.188s] -- Up-to-date: /home/jacob/MTRN4231/MTRN4231/fruit_picker_ws/install/input_interfaces/share/input_interfaces/environment/ament_prefix_path.sh
[1.188s] -- Up-to-date: /home/jacob/MTRN4231/MTRN4231/fruit_picker_ws/install/input_interfaces/share/input_interfaces/environment/ament_prefix_path.dsv
[1.190s] -- Up-to-date: /home/jacob/MTRN4231/MTRN4231/fruit_picker_ws/install/input_interfaces/share/input_interfaces/environment/path.sh
[1.190s] -- Up-to-date: /home/jacob/MTRN4231/MTRN4231/fruit_picker_ws/install/input_interfaces/share/input_interfaces/environment/path.dsv
[1.191s] -- Up-to-date: /home/jacob/MTRN4231/MTRN4231/fruit_picker_ws/install/input_interfaces/share/input_interfaces/local_setup.bash
[1.191s] -- Up-to-date: /home/jacob/MTRN4231/MTRN4231/fruit_picker_ws/install/input_interfaces/share/input_interfaces/local_setup.sh
[1.191s] -- Up-to-date: /home/jacob/MTRN4231/MTRN4231/fruit_picker_ws/install/input_interfaces/share/input_interfaces/local_setup.zsh
[1.192s] -- Up-to-date: /home/jacob/MTRN4231/MTRN4231/fruit_picker_ws/install/input_interfaces/share/input_interfaces/local_setup.dsv
[1.192s] -- Installing: /home/jacob/MTRN4231/MTRN4231/fruit_picker_ws/install/input_interfaces/share/input_interfaces/package.dsv
[1.192s] -- Up-to-date: /home/jacob/MTRN4231/MTRN4231/fruit_picker_ws/install/input_interfaces/share/ament_index/resource_index/packages/input_interfaces
[1.193s] -- Up-to-date: /home/jacob/MTRN4231/MTRN4231/fruit_picker_ws/install/input_interfaces/share/input_interfaces/cmake/export_input_interfaces__rosidl_generator_cExport.cmake
[1.194s] -- Up-to-date: /home/jacob/MTRN4231/MTRN4231/fruit_picker_ws/install/input_interfaces/share/input_interfaces/cmake/export_input_interfaces__rosidl_generator_cExport-noconfig.cmake
[1.194s] -- Up-to-date: /home/jacob/MTRN4231/MTRN4231/fruit_picker_ws/install/input_interfaces/share/input_interfaces/cmake/export_input_interfaces__rosidl_typesupport_fastrtps_cExport.cmake
[1.194s] -- Up-to-date: /home/jacob/MTRN4231/MTRN4231/fruit_picker_ws/install/input_interfaces/share/input_interfaces/cmake/export_input_interfaces__rosidl_typesupport_fastrtps_cExport-noconfig.cmake
[1.195s] -- Up-to-date: /home/jacob/MTRN4231/MTRN4231/fruit_picker_ws/install/input_interfaces/share/input_interfaces/cmake/input_interfaces__rosidl_typesupport_introspection_cExport.cmake
[1.196s] -- Up-to-date: /home/jacob/MTRN4231/MTRN4231/fruit_picker_ws/install/input_interfaces/share/input_interfaces/cmake/input_interfaces__rosidl_typesupport_introspection_cExport-noconfig.cmake
[1.196s] -- Up-to-date: /home/jacob/MTRN4231/MTRN4231/fruit_picker_ws/install/input_interfaces/share/input_interfaces/cmake/input_interfaces__rosidl_typesupport_cExport.cmake
[1.197s] -- Up-to-date: /home/jacob/MTRN4231/MTRN4231/fruit_picker_ws/install/input_interfaces/share/input_interfaces/cmake/input_interfaces__rosidl_typesupport_cExport-noconfig.cmake
[1.197s] -- Up-to-date: /home/jacob/MTRN4231/MTRN4231/fruit_picker_ws/install/input_interfaces/share/input_interfaces/cmake/export_input_interfaces__rosidl_generator_cppExport.cmake
[1.198s] -- Up-to-date: /home/jacob/MTRN4231/MTRN4231/fruit_picker_ws/install/input_interfaces/share/input_interfaces/cmake/export_input_interfaces__rosidl_typesupport_fastrtps_cppExport.cmake
[1.198s] -- Up-to-date: /home/jacob/MTRN4231/MTRN4231/fruit_picker_ws/install/input_interfaces/share/input_interfaces/cmake/export_input_interfaces__rosidl_typesupport_fastrtps_cppExport-noconfig.cmake
[1.198s] -- Up-to-date: /home/jacob/MTRN4231/MTRN4231/fruit_picker_ws/install/input_interfaces/share/input_interfaces/cmake/input_interfaces__rosidl_typesupport_introspection_cppExport.cmake
[1.198s] -- Up-to-date: /home/jacob/MTRN4231/MTRN4231/fruit_picker_ws/install/input_interfaces/share/input_interfaces/cmake/input_interfaces__rosidl_typesupport_introspection_cppExport-noconfig.cmake
[1.198s] -- Up-to-date: /home/jacob/MTRN4231/MTRN4231/fruit_picker_ws/install/input_interfaces/share/input_interfaces/cmake/input_interfaces__rosidl_typesupport_cppExport.cmake
[1.199s] -- Up-to-date: /home/jacob/MTRN4231/MTRN4231/fruit_picker_ws/install/input_interfaces/share/input_interfaces/cmake/input_interfaces__rosidl_typesupport_cppExport-noconfig.cmake
[1.199s] -- Up-to-date: /home/jacob/MTRN4231/MTRN4231/fruit_picker_ws/install/input_interfaces/share/input_interfaces/cmake/export_input_interfaces__rosidl_generator_pyExport.cmake
[1.199s] -- Up-to-date: /home/jacob/MTRN4231/MTRN4231/fruit_picker_ws/install/input_interfaces/share/input_interfaces/cmake/export_input_interfaces__rosidl_generator_pyExport-noconfig.cmake
[1.207s] -- Up-to-date: /home/jacob/MTRN4231/MTRN4231/fruit_picker_ws/install/input_interfaces/share/input_interfaces/cmake/rosidl_cmake-extras.cmake
[1.208s] -- Up-to-date: /home/jacob/MTRN4231/MTRN4231/fruit_picker_ws/install/input_interfaces/share/input_interfaces/cmake/ament_cmake_export_dependencies-extras.cmake
[1.209s] -- Up-to-date: /home/jacob/MTRN4231/MTRN4231/fruit_picker_ws/install/input_interfaces/share/input_interfaces/cmake/ament_cmake_export_include_directories-extras.cmake
[1.209s] -- Up-to-date: /home/jacob/MTRN4231/MTRN4231/fruit_picker_ws/install/input_interfaces/share/input_interfaces/cmake/ament_cmake_export_libraries-extras.cmake
[1.209s] -- Up-to-date: /home/jacob/MTRN4231/MTRN4231/fruit_picker_ws/install/input_interfaces/share/input_interfaces/cmake/ament_cmake_export_targets-extras.cmake
[1.210s] -- Up-to-date: /home/jacob/MTRN4231/MTRN4231/fruit_picker_ws/install/input_interfaces/share/input_interfaces/cmake/rosidl_cmake_export_typesupport_targets-extras.cmake
[1.211s] -- Up-to-date: /home/jacob/MTRN4231/MTRN4231/fruit_picker_ws/install/input_interfaces/share/input_interfaces/cmake/rosidl_cmake_export_typesupport_libraries-extras.cmake
[1.211s] -- Up-to-date: /home/jacob/MTRN4231/MTRN4231/fruit_picker_ws/install/input_interfaces/share/input_interfaces/cmake/input_interfacesConfig.cmake
[1.212s] -- Up-to-date: /home/jacob/MTRN4231/MTRN4231/fruit_picker_ws/install/input_interfaces/share/input_interfaces/cmake/input_interfacesConfig-version.cmake
[1.212s] -- Up-to-date: /home/jacob/MTRN4231/MTRN4231/fruit_picker_ws/install/input_interfaces/share/input_interfaces/package.xml
[1.213s] Invoked command in '/home/jacob/MTRN4231/MTRN4231/fruit_picker_ws/build/input_interfaces' returned '0': CMAKE_PREFIX_PATH=${CMAKE_PREFIX_PATH}:/opt/ros/humble /usr/bin/cmake --install /home/jacob/MTRN4231/MTRN4231/fruit_picker_ws/build/input_interfaces
