[0.047s] Invoking command in '/home/jacob/MTRN4231/MTRN4231/fruit_picker_ws/build/input_interfaces': CMAKE_PREFIX_PATH=${CMAKE_PREFIX_PATH}:/opt/ros/humble /usr/bin/cmake --build /home/jacob/MTRN4231/MTRN4231/fruit_picker_ws/build/input_interfaces -- -j8 -l8
[0.215s] [  3%] Built target input_interfaces__cpp
[0.231s] [ 12%] Built target input_interfaces__rosidl_generator_c
[0.251s] [ 12%] Built target ament_cmake_python_copy_input_interfaces
[0.329s] [ 22%] Built target input_interfaces__rosidl_typesupport_cpp
[0.339s] [ 32%] Built target input_interfaces__rosidl_typesupport_introspection_cpp
[0.342s] [ 41%] Built target input_interfaces__rosidl_typesupport_fastrtps_c
[0.350s] [ 51%] Built target input_interfaces__rosidl_typesupport_fastrtps_cpp
[0.356s] [ 61%] Built target input_interfaces__rosidl_typesupport_c
[0.362s] [ 70%] Built target input_interfaces__rosidl_typesupport_introspection_c
[0.427s] [ 70%] Built target input_interfaces
[0.476s] [ 74%] Built target input_interfaces__py
[0.534s] [ 80%] Built target input_interfaces__rosidl_generator_py
[0.624s] [ 87%] Built target input_interfaces__rosidl_typesupport_c__pyext
[0.624s] [ 93%] Built target input_interfaces__rosidl_typesupport_introspection_c__pyext
[0.625s] [100%] Built target input_interfaces__rosidl_typesupport_fastrtps_c__pyext
[1.138s] running egg_info
[1.144s] writing input_interfaces.egg-info/PKG-INFO
[1.144s] writing dependency_links to input_interfaces.egg-info/dependency_links.txt
[1.145s] writing top-level names to input_interfaces.egg-info/top_level.txt
[1.150s] reading manifest file 'input_interfaces.egg-info/SOURCES.txt'
[1.152s] writing manifest file 'input_interfaces.egg-info/SOURCES.txt'
[1.236s] [100%] Built target ament_cmake_python_build_input_interfaces_egg
[1.267s] Invoked command in '/home/jacob/MTRN4231/MTRN4231/fruit_picker_ws/build/input_interfaces' returned '0': CMAKE_PREFIX_PATH=${CMAKE_PREFIX_PATH}:/opt/ros/humble /usr/bin/cmake --build /home/jacob/MTRN4231/MTRN4231/fruit_picker_ws/build/input_interfaces -- -j8 -l8
[1.296s] Invoking command in '/home/jacob/MTRN4231/MTRN4231/fruit_picker_ws/build/input_interfaces': CMAKE_PREFIX_PATH=${CMAKE_PREFIX_PATH}:/opt/ros/humble /usr/bin/cmake --install /home/jacob/MTRN4231/MTRN4231/fruit_picker_ws/build/input_interfaces
[1.318s] -- Install configuration: ""
[1.319s] -- Up-to-date: /home/jacob/MTRN4231/MTRN4231/fruit_picker_ws/install/input_interfaces/share/ament_index/resource_index/rosidl_interfaces/input_interfaces
[1.320s] -- Up-to-date: /home/jacob/MTRN4231/MTRN4231/fruit_picker_ws/install/input_interfaces/include/input_interfaces/input_interfaces
[1.321s] -- Up-to-date: /home/jacob/MTRN4231/MTRN4231/fruit_picker_ws/install/input_interfaces/include/input_interfaces/input_interfaces/msg
[1.321s] -- Up-to-date: /home/jacob/MTRN4231/MTRN4231/fruit_picker_ws/install/input_interfaces/include/input_interfaces/input_interfaces/msg/rosidl_generator_c__visibility_control.h
[1.322s] -- Up-to-date: /home/jacob/MTRN4231/MTRN4231/fruit_picker_ws/install/input_interfaces/include/input_interfaces/input_interfaces/action
[1.322s] -- Up-to-date: /home/jacob/MTRN4231/MTRN4231/fruit_picker_ws/install/input_interfaces/include/input_interfaces/input_interfaces/action/user_input.h
[1.322s] -- Up-to-date: /home/jacob/MTRN4231/MTRN4231/fruit_picker_ws/install/input_interfaces/include/input_interfaces/input_interfaces/action/detail
[1.323s] -- Up-to-date: /home/jacob/MTRN4231/MTRN4231/fruit_picker_ws/install/input_interfaces/include/input_interfaces/input_interfaces/action/detail/user_input__struct.h
[1.325s] -- Up-to-date: /home/jacob/MTRN4231/MTRN4231/fruit_picker_ws/install/input_interfaces/include/input_interfaces/input_interfaces/action/detail/user_input__functions.c
[1.325s] -- Up-to-date: /home/jacob/MTRN4231/MTRN4231/fruit_picker_ws/install/input_interfaces/include/input_interfaces/input_interfaces/action/detail/user_input__type_support.h
[1.326s] -- Up-to-date: /home/jacob/MTRN4231/MTRN4231/fruit_picker_ws/install/input_interfaces/include/input_interfaces/input_interfaces/action/detail/user_input__functions.h
[1.327s] -- Up-to-date: /home/jacob/MTRN4231/MTRN4231/fruit_picker_ws/install/input_interfaces/share/input_interfaces/environment/library_path.sh
[1.327s] -- Up-to-date: /home/jacob/MTRN4231/MTRN4231/fruit_picker_ws/install/input_interfaces/share/input_interfaces/environment/library_path.dsv
[1.328s] -- Up-to-date: /home/jacob/MTRN4231/MTRN4231/fruit_picker_ws/install/input_interfaces/lib/libinput_interfaces__rosidl_generator_c.so
[1.328s] -- Up-to-date: /home/jacob/MTRN4231/MTRN4231/fruit_picker_ws/install/input_interfaces/include/input_interfaces/input_interfaces
[1.329s] -- Up-to-date: /home/jacob/MTRN4231/MTRN4231/fruit_picker_ws/install/input_interfaces/include/input_interfaces/input_interfaces/msg
[1.329s] -- Up-to-date: /home/jacob/MTRN4231/MTRN4231/fruit_picker_ws/install/input_interfaces/include/input_interfaces/input_interfaces/msg/rosidl_typesupport_fastrtps_c__visibility_control.h
[1.330s] -- Up-to-date: /home/jacob/MTRN4231/MTRN4231/fruit_picker_ws/install/input_interfaces/include/input_interfaces/input_interfaces/action
[1.331s] -- Up-to-date: /home/jacob/MTRN4231/MTRN4231/fruit_picker_ws/install/input_interfaces/include/input_interfaces/input_interfaces/action/detail
[1.331s] -- Up-to-date: /home/jacob/MTRN4231/MTRN4231/fruit_picker_ws/install/input_interfaces/include/input_interfaces/input_interfaces/action/detail/user_input__rosidl_typesupport_fastrtps_c.h
[1.332s] -- Up-to-date: /home/jacob/MTRN4231/MTRN4231/fruit_picker_ws/install/input_interfaces/lib/libinput_interfaces__rosidl_typesupport_fastrtps_c.so
[1.332s] -- Up-to-date: /home/jacob/MTRN4231/MTRN4231/fruit_picker_ws/install/input_interfaces/include/input_interfaces/input_interfaces
[1.332s] -- Up-to-date: /home/jacob/MTRN4231/MTRN4231/fruit_picker_ws/install/input_interfaces/include/input_interfaces/input_interfaces/msg
[1.333s] -- Up-to-date: /home/jacob/MTRN4231/MTRN4231/fruit_picker_ws/install/input_interfaces/include/input_interfaces/input_interfaces/msg/rosidl_typesupport_introspection_c__visibility_control.h
[1.334s] -- Up-to-date: /home/jacob/MTRN4231/MTRN4231/fruit_picker_ws/install/input_interfaces/include/input_interfaces/input_interfaces/action
[1.334s] -- Up-to-date: /home/jacob/MTRN4231/MTRN4231/fruit_picker_ws/install/input_interfaces/include/input_interfaces/input_interfaces/action/detail
[1.334s] -- Up-to-date: /home/jacob/MTRN4231/MTRN4231/fruit_picker_ws/install/input_interfaces/include/input_interfaces/input_interfaces/action/detail/user_input__rosidl_typesupport_introspection_c.h
[1.336s] -- Up-to-date: /home/jacob/MTRN4231/MTRN4231/fruit_picker_ws/install/input_interfaces/include/input_interfaces/input_interfaces/action/detail/user_input__type_support.c
[1.337s] -- Up-to-date: /home/jacob/MTRN4231/MTRN4231/fruit_picker_ws/install/input_interfaces/lib/libinput_interfaces__rosidl_typesupport_introspection_c.so
[1.337s] -- Up-to-date: /home/jacob/MTRN4231/MTRN4231/fruit_picker_ws/install/input_interfaces/lib/libinput_interfaces__rosidl_typesupport_c.so
[1.338s] -- Up-to-date: /home/jacob/MTRN4231/MTRN4231/fruit_picker_ws/install/input_interfaces/include/input_interfaces/input_interfaces
[1.341s] -- Up-to-date: /home/jacob/MTRN4231/MTRN4231/fruit_picker_ws/install/input_interfaces/include/input_interfaces/input_interfaces/msg
[1.343s] -- Up-to-date: /home/jacob/MTRN4231/MTRN4231/fruit_picker_ws/install/input_interfaces/include/input_interfaces/input_interfaces/msg/rosidl_generator_cpp__visibility_control.hpp
[1.344s] -- Up-to-date: /home/jacob/MTRN4231/MTRN4231/fruit_picker_ws/install/input_interfaces/include/input_interfaces/input_interfaces/action
[1.344s] -- Up-to-date: /home/jacob/MTRN4231/MTRN4231/fruit_picker_ws/install/input_interfaces/include/input_interfaces/input_interfaces/action/user_input.hpp
[1.345s] -- Up-to-date: /home/jacob/MTRN4231/MTRN4231/fruit_picker_ws/install/input_interfaces/include/input_interfaces/input_interfaces/action/detail
[1.346s] -- Up-to-date: /home/jacob/MTRN4231/MTRN4231/fruit_picker_ws/install/input_interfaces/include/input_interfaces/input_interfaces/action/detail/user_input__traits.hpp
[1.346s] -- Up-to-date: /home/jacob/MTRN4231/MTRN4231/fruit_picker_ws/install/input_interfaces/include/input_interfaces/input_interfaces/action/detail/user_input__struct.hpp
[1.346s] -- Up-to-date: /home/jacob/MTRN4231/MTRN4231/fruit_picker_ws/install/input_interfaces/include/input_interfaces/input_interfaces/action/detail/user_input__builder.hpp
[1.346s] -- Up-to-date: /home/jacob/MTRN4231/MTRN4231/fruit_picker_ws/install/input_interfaces/include/input_interfaces/input_interfaces/action/detail/user_input__type_support.hpp
[1.347s] -- Up-to-date: /home/jacob/MTRN4231/MTRN4231/fruit_picker_ws/install/input_interfaces/include/input_interfaces/input_interfaces
[1.347s] -- Up-to-date: /home/jacob/MTRN4231/MTRN4231/fruit_picker_ws/install/input_interfaces/include/input_interfaces/input_interfaces/msg
[1.347s] -- Up-to-date: /home/jacob/MTRN4231/MTRN4231/fruit_picker_ws/install/input_interfaces/include/input_interfaces/input_interfaces/msg/rosidl_typesupport_fastrtps_cpp__visibility_control.h
[1.347s] -- Up-to-date: /home/jacob/MTRN4231/MTRN4231/fruit_picker_ws/install/input_interfaces/include/input_interfaces/input_interfaces/action
[1.347s] -- Up-to-date: /home/jacob/MTRN4231/MTRN4231/fruit_picker_ws/install/input_interfaces/include/input_interfaces/input_interfaces/action/detail
[1.348s] -- Up-to-date: /home/jacob/MTRN4231/MTRN4231/fruit_picker_ws/install/input_interfaces/include/input_interfaces/input_interfaces/action/detail/user_input__rosidl_typesupport_fastrtps_cpp.hpp
[1.348s] -- Up-to-date: /home/jacob/MTRN4231/MTRN4231/fruit_picker_ws/install/input_interfaces/include/input_interfaces/input_interfaces/action/detail/dds_fastrtps
[1.348s] -- Up-to-date: /home/jacob/MTRN4231/MTRN4231/fruit_picker_ws/install/input_interfaces/lib/libinput_interfaces__rosidl_typesupport_fastrtps_cpp.so
[1.348s] -- Up-to-date: /home/jacob/MTRN4231/MTRN4231/fruit_picker_ws/install/input_interfaces/include/input_interfaces/input_interfaces
[1.348s] -- Up-to-date: /home/jacob/MTRN4231/MTRN4231/fruit_picker_ws/install/input_interfaces/include/input_interfaces/input_interfaces/action
[1.349s] -- Up-to-date: /home/jacob/MTRN4231/MTRN4231/fruit_picker_ws/install/input_interfaces/include/input_interfaces/input_interfaces/action/detail
[1.349s] -- Up-to-date: /home/jacob/MTRN4231/MTRN4231/fruit_picker_ws/install/input_interfaces/include/input_interfaces/input_interfaces/action/detail/user_input__rosidl_typesupport_introspection_cpp.hpp
[1.349s] -- Up-to-date: /home/jacob/MTRN4231/MTRN4231/fruit_picker_ws/install/input_interfaces/include/input_interfaces/input_interfaces/action/detail/user_input__type_support.cpp
[1.349s] -- Up-to-date: /home/jacob/MTRN4231/MTRN4231/fruit_picker_ws/install/input_interfaces/lib/libinput_interfaces__rosidl_typesupport_introspection_cpp.so
[1.349s] -- Up-to-date: /home/jacob/MTRN4231/MTRN4231/fruit_picker_ws/install/input_interfaces/lib/libinput_interfaces__rosidl_typesupport_cpp.so
[1.350s] -- Up-to-date: /home/jacob/MTRN4231/MTRN4231/fruit_picker_ws/install/input_interfaces/share/input_interfaces/environment/pythonpath.sh
[1.350s] -- Up-to-date: /home/jacob/MTRN4231/MTRN4231/fruit_picker_ws/install/input_interfaces/share/input_interfaces/environment/pythonpath.dsv
[1.350s] -- Up-to-date: /home/jacob/MTRN4231/MTRN4231/fruit_picker_ws/install/input_interfaces/local/lib/python3.10/dist-packages/input_interfaces-0.0.0-py3.10.egg-info
[1.350s] -- Installing: /home/jacob/MTRN4231/MTRN4231/fruit_picker_ws/install/input_interfaces/local/lib/python3.10/dist-packages/input_interfaces-0.0.0-py3.10.egg-info/SOURCES.txt
[1.350s] -- Installing: /home/jacob/MTRN4231/MTRN4231/fruit_picker_ws/install/input_interfaces/local/lib/python3.10/dist-packages/input_interfaces-0.0.0-py3.10.egg-info/dependency_links.txt
[1.351s] -- Installing: /home/jacob/MTRN4231/MTRN4231/fruit_picker_ws/install/input_interfaces/local/lib/python3.10/dist-packages/input_interfaces-0.0.0-py3.10.egg-info/top_level.txt
[1.351s] -- Installing: /home/jacob/MTRN4231/MTRN4231/fruit_picker_ws/install/input_interfaces/local/lib/python3.10/dist-packages/input_interfaces-0.0.0-py3.10.egg-info/PKG-INFO
[1.351s] -- Up-to-date: /home/jacob/MTRN4231/MTRN4231/fruit_picker_ws/install/input_interfaces/local/lib/python3.10/dist-packages/input_interfaces
[1.351s] -- Up-to-date: /home/jacob/MTRN4231/MTRN4231/fruit_picker_ws/install/input_interfaces/local/lib/python3.10/dist-packages/input_interfaces/libinput_interfaces__rosidl_generator_py.so
[1.352s] -- Up-to-date: /home/jacob/MTRN4231/MTRN4231/fruit_picker_ws/install/input_interfaces/local/lib/python3.10/dist-packages/input_interfaces/__init__.py
[1.352s] -- Up-to-date: /home/jacob/MTRN4231/MTRN4231/fruit_picker_ws/install/input_interfaces/local/lib/python3.10/dist-packages/input_interfaces/_input_interfaces_s.ep.rosidl_typesupport_fastrtps_c.c
[1.352s] -- Up-to-date: /home/jacob/MTRN4231/MTRN4231/fruit_picker_ws/install/input_interfaces/local/lib/python3.10/dist-packages/input_interfaces/input_interfaces_s__rosidl_typesupport_c.cpython-310-x86_64-linux-gnu.so
[1.353s] -- Up-to-date: /home/jacob/MTRN4231/MTRN4231/fruit_picker_ws/install/input_interfaces/local/lib/python3.10/dist-packages/input_interfaces/_input_interfaces_s.ep.rosidl_typesupport_introspection_c.c
[1.354s] -- Up-to-date: /home/jacob/MTRN4231/MTRN4231/fruit_picker_ws/install/input_interfaces/local/lib/python3.10/dist-packages/input_interfaces/input_interfaces_s__rosidl_typesupport_introspection_c.cpython-310-x86_64-linux-gnu.so
[1.358s] -- Up-to-date: /home/jacob/MTRN4231/MTRN4231/fruit_picker_ws/install/input_interfaces/local/lib/python3.10/dist-packages/input_interfaces/action
[1.359s] -- Up-to-date: /home/jacob/MTRN4231/MTRN4231/fruit_picker_ws/install/input_interfaces/local/lib/python3.10/dist-packages/input_interfaces/action/__init__.py
[1.360s] -- Up-to-date: /home/jacob/MTRN4231/MTRN4231/fruit_picker_ws/install/input_interfaces/local/lib/python3.10/dist-packages/input_interfaces/action/_user_input.py
[1.361s] -- Up-to-date: /home/jacob/MTRN4231/MTRN4231/fruit_picker_ws/install/input_interfaces/local/lib/python3.10/dist-packages/input_interfaces/action/_user_input_s.c
[1.362s] -- Up-to-date: /home/jacob/MTRN4231/MTRN4231/fruit_picker_ws/install/input_interfaces/local/lib/python3.10/dist-packages/input_interfaces/input_interfaces_s__rosidl_typesupport_fastrtps_c.cpython-310-x86_64-linux-gnu.so
[1.362s] -- Up-to-date: /home/jacob/MTRN4231/MTRN4231/fruit_picker_ws/install/input_interfaces/local/lib/python3.10/dist-packages/input_interfaces/_input_interfaces_s.ep.rosidl_typesupport_c.c
[1.444s] Listing '/home/jacob/MTRN4231/MTRN4231/fruit_picker_ws/install/input_interfaces/local/lib/python3.10/dist-packages/input_interfaces'...
[1.444s] Listing '/home/jacob/MTRN4231/MTRN4231/fruit_picker_ws/install/input_interfaces/local/lib/python3.10/dist-packages/input_interfaces/action'...
[1.462s] -- Up-to-date: /home/jacob/MTRN4231/MTRN4231/fruit_picker_ws/install/input_interfaces/local/lib/python3.10/dist-packages/input_interfaces/input_interfaces_s__rosidl_typesupport_fastrtps_c.cpython-310-x86_64-linux-gnu.so
[1.463s] -- Up-to-date: /home/jacob/MTRN4231/MTRN4231/fruit_picker_ws/install/input_interfaces/local/lib/python3.10/dist-packages/input_interfaces/input_interfaces_s__rosidl_typesupport_introspection_c.cpython-310-x86_64-linux-gnu.so
[1.464s] -- Up-to-date: /home/jacob/MTRN4231/MTRN4231/fruit_picker_ws/install/input_interfaces/local/lib/python3.10/dist-packages/input_interfaces/input_interfaces_s__rosidl_typesupport_c.cpython-310-x86_64-linux-gnu.so
[1.465s] -- Up-to-date: /home/jacob/MTRN4231/MTRN4231/fruit_picker_ws/install/input_interfaces/lib/libinput_interfaces__rosidl_generator_py.so
[1.465s] -- Up-to-date: /home/jacob/MTRN4231/MTRN4231/fruit_picker_ws/install/input_interfaces/share/input_interfaces/action/UserInput.idl
[1.466s] -- Up-to-date: /home/jacob/MTRN4231/MTRN4231/fruit_picker_ws/install/input_interfaces/share/input_interfaces/action/UserInput.action
[1.467s] -- Up-to-date: /home/jacob/MTRN4231/MTRN4231/fruit_picker_ws/install/input_interfaces/share/ament_index/resource_index/package_run_dependencies/input_interfaces
[1.467s] -- Up-to-date: /home/jacob/MTRN4231/MTRN4231/fruit_picker_ws/install/input_interfaces/share/ament_index/resource_index/parent_prefix_path/input_interfaces
[1.468s] -- Up-to-date: /home/jacob/MTRN4231/MTRN4231/fruit_picker_ws/install/input_interfaces/share/input_interfaces/environment/ament_prefix_path.sh
[1.468s] -- Up-to-date: /home/jacob/MTRN4231/MTRN4231/fruit_picker_ws/install/input_interfaces/share/input_interfaces/environment/ament_prefix_path.dsv
[1.468s] -- Up-to-date: /home/jacob/MTRN4231/MTRN4231/fruit_picker_ws/install/input_interfaces/share/input_interfaces/environment/path.sh
[1.469s] -- Up-to-date: /home/jacob/MTRN4231/MTRN4231/fruit_picker_ws/install/input_interfaces/share/input_interfaces/environment/path.dsv
[1.469s] -- Up-to-date: /home/jacob/MTRN4231/MTRN4231/fruit_picker_ws/install/input_interfaces/share/input_interfaces/local_setup.bash
[1.470s] -- Up-to-date: /home/jacob/MTRN4231/MTRN4231/fruit_picker_ws/install/input_interfaces/share/input_interfaces/local_setup.sh
[1.470s] -- Up-to-date: /home/jacob/MTRN4231/MTRN4231/fruit_picker_ws/install/input_interfaces/share/input_interfaces/local_setup.zsh
[1.471s] -- Up-to-date: /home/jacob/MTRN4231/MTRN4231/fruit_picker_ws/install/input_interfaces/share/input_interfaces/local_setup.dsv
[1.471s] -- Installing: /home/jacob/MTRN4231/MTRN4231/fruit_picker_ws/install/input_interfaces/share/input_interfaces/package.dsv
[1.471s] -- Up-to-date: /home/jacob/MTRN4231/MTRN4231/fruit_picker_ws/install/input_interfaces/share/ament_index/resource_index/packages/input_interfaces
[1.472s] -- Up-to-date: /home/jacob/MTRN4231/MTRN4231/fruit_picker_ws/install/input_interfaces/share/input_interfaces/cmake/export_input_interfaces__rosidl_generator_cExport.cmake
[1.472s] -- Up-to-date: /home/jacob/MTRN4231/MTRN4231/fruit_picker_ws/install/input_interfaces/share/input_interfaces/cmake/export_input_interfaces__rosidl_generator_cExport-noconfig.cmake
[1.474s] -- Up-to-date: /home/jacob/MTRN4231/MTRN4231/fruit_picker_ws/install/input_interfaces/share/input_interfaces/cmake/export_input_interfaces__rosidl_typesupport_fastrtps_cExport.cmake
[1.475s] -- Up-to-date: /home/jacob/MTRN4231/MTRN4231/fruit_picker_ws/install/input_interfaces/share/input_interfaces/cmake/export_input_interfaces__rosidl_typesupport_fastrtps_cExport-noconfig.cmake
[1.476s] -- Up-to-date: /home/jacob/MTRN4231/MTRN4231/fruit_picker_ws/install/input_interfaces/share/input_interfaces/cmake/input_interfaces__rosidl_typesupport_introspection_cExport.cmake
[1.476s] -- Up-to-date: /home/jacob/MTRN4231/MTRN4231/fruit_picker_ws/install/input_interfaces/share/input_interfaces/cmake/input_interfaces__rosidl_typesupport_introspection_cExport-noconfig.cmake
[1.477s] -- Up-to-date: /home/jacob/MTRN4231/MTRN4231/fruit_picker_ws/install/input_interfaces/share/input_interfaces/cmake/input_interfaces__rosidl_typesupport_cExport.cmake
[1.479s] -- Up-to-date: /home/jacob/MTRN4231/MTRN4231/fruit_picker_ws/install/input_interfaces/share/input_interfaces/cmake/input_interfaces__rosidl_typesupport_cExport-noconfig.cmake
[1.479s] -- Up-to-date: /home/jacob/MTRN4231/MTRN4231/fruit_picker_ws/install/input_interfaces/share/input_interfaces/cmake/export_input_interfaces__rosidl_generator_cppExport.cmake
[1.479s] -- Up-to-date: /home/jacob/MTRN4231/MTRN4231/fruit_picker_ws/install/input_interfaces/share/input_interfaces/cmake/export_input_interfaces__rosidl_typesupport_fastrtps_cppExport.cmake
[1.481s] -- Up-to-date: /home/jacob/MTRN4231/MTRN4231/fruit_picker_ws/install/input_interfaces/share/input_interfaces/cmake/export_input_interfaces__rosidl_typesupport_fastrtps_cppExport-noconfig.cmake
[1.483s] -- Up-to-date: /home/jacob/MTRN4231/MTRN4231/fruit_picker_ws/install/input_interfaces/share/input_interfaces/cmake/input_interfaces__rosidl_typesupport_introspection_cppExport.cmake
[1.483s] -- Up-to-date: /home/jacob/MTRN4231/MTRN4231/fruit_picker_ws/install/input_interfaces/share/input_interfaces/cmake/input_interfaces__rosidl_typesupport_introspection_cppExport-noconfig.cmake
[1.484s] -- Up-to-date: /home/jacob/MTRN4231/MTRN4231/fruit_picker_ws/install/input_interfaces/share/input_interfaces/cmake/input_interfaces__rosidl_typesupport_cppExport.cmake
[1.484s] -- Up-to-date: /home/jacob/MTRN4231/MTRN4231/fruit_picker_ws/install/input_interfaces/share/input_interfaces/cmake/input_interfaces__rosidl_typesupport_cppExport-noconfig.cmake
[1.484s] -- Up-to-date: /home/jacob/MTRN4231/MTRN4231/fruit_picker_ws/install/input_interfaces/share/input_interfaces/cmake/export_input_interfaces__rosidl_generator_pyExport.cmake
[1.485s] -- Up-to-date: /home/jacob/MTRN4231/MTRN4231/fruit_picker_ws/install/input_interfaces/share/input_interfaces/cmake/export_input_interfaces__rosidl_generator_pyExport-noconfig.cmake
[1.485s] -- Up-to-date: /home/jacob/MTRN4231/MTRN4231/fruit_picker_ws/install/input_interfaces/share/input_interfaces/cmake/rosidl_cmake-extras.cmake
[1.485s] -- Up-to-date: /home/jacob/MTRN4231/MTRN4231/fruit_picker_ws/install/input_interfaces/share/input_interfaces/cmake/ament_cmake_export_dependencies-extras.cmake
[1.486s] -- Up-to-date: /home/jacob/MTRN4231/MTRN4231/fruit_picker_ws/install/input_interfaces/share/input_interfaces/cmake/ament_cmake_export_include_directories-extras.cmake
[1.486s] -- Up-to-date: /home/jacob/MTRN4231/MTRN4231/fruit_picker_ws/install/input_interfaces/share/input_interfaces/cmake/ament_cmake_export_libraries-extras.cmake
[1.486s] -- Up-to-date: /home/jacob/MTRN4231/MTRN4231/fruit_picker_ws/install/input_interfaces/share/input_interfaces/cmake/ament_cmake_export_targets-extras.cmake
[1.486s] -- Up-to-date: /home/jacob/MTRN4231/MTRN4231/fruit_picker_ws/install/input_interfaces/share/input_interfaces/cmake/rosidl_cmake_export_typesupport_targets-extras.cmake
[1.487s] -- Up-to-date: /home/jacob/MTRN4231/MTRN4231/fruit_picker_ws/install/input_interfaces/share/input_interfaces/cmake/rosidl_cmake_export_typesupport_libraries-extras.cmake
[1.487s] -- Up-to-date: /home/jacob/MTRN4231/MTRN4231/fruit_picker_ws/install/input_interfaces/share/input_interfaces/cmake/input_interfacesConfig.cmake
[1.487s] -- Up-to-date: /home/jacob/MTRN4231/MTRN4231/fruit_picker_ws/install/input_interfaces/share/input_interfaces/cmake/input_interfacesConfig-version.cmake
[1.488s] -- Up-to-date: /home/jacob/MTRN4231/MTRN4231/fruit_picker_ws/install/input_interfaces/share/input_interfaces/package.xml
[1.491s] Invoked command in '/home/jacob/MTRN4231/MTRN4231/fruit_picker_ws/build/input_interfaces' returned '0': CMAKE_PREFIX_PATH=${CMAKE_PREFIX_PATH}:/opt/ros/humble /usr/bin/cmake --install /home/jacob/MTRN4231/MTRN4231/fruit_picker_ws/build/input_interfaces
