[35m[1mConsolidate compiler generated dependencies of target start_node[0m
[ 50%] Built target user_interface_node
[ 75%] [32mBuilding CXX object CMakeFiles/start_node.dir/src/start.cpp.o[0m
[100%] [32m[1mLinking CXX executable start_node[0m
[100%] Built target start_node
-- Install configuration: ""
-- Installing: /home/jacob/MTRN4231/MTRN4231/fruit_picker_ws/install/user_input/lib/user_input/user_interface_node
-- Set runtime path of "/home/jacob/MTRN4231/MTRN4231/fruit_picker_ws/install/user_input/lib/user_input/user_interface_node" to ""
-- Installing: /home/jacob/MTRN4231/MTRN4231/fruit_picker_ws/install/user_input/lib/user_input/start_node
-- Set runtime path of "/home/jacob/MTRN4231/MTRN4231/fruit_picker_ws/install/user_input/lib/user_input/start_node" to ""
-- Up-to-date: /home/jacob/MTRN4231/MTRN4231/fruit_picker_ws/install/user_input/share/ament_index/resource_index/package_run_dependencies/user_input
-- Installing: /home/jacob/MTRN4231/MTRN4231/fruit_picker_ws/install/user_input/share/ament_index/resource_index/parent_prefix_path/user_input
-- Up-to-date: /home/jacob/MTRN4231/MTRN4231/fruit_picker_ws/install/user_input/share/user_input/environment/ament_prefix_path.sh
-- Installing: /home/jacob/MTRN4231/MTRN4231/fruit_picker_ws/install/user_input/share/user_input/environment/ament_prefix_path.dsv
-- Up-to-date: /home/jacob/MTRN4231/MTRN4231/fruit_picker_ws/install/user_input/share/user_input/environment/path.sh
-- Installing: /home/jacob/MTRN4231/MTRN4231/fruit_picker_ws/install/user_input/share/user_input/environment/path.dsv
-- Up-to-date: /home/jacob/MTRN4231/MTRN4231/fruit_picker_ws/install/user_input/share/user_input/local_setup.bash
-- Up-to-date: /home/jacob/MTRN4231/MTRN4231/fruit_picker_ws/install/user_input/share/user_input/local_setup.sh
-- Up-to-date: /home/jacob/MTRN4231/MTRN4231/fruit_picker_ws/install/user_input/share/user_input/local_setup.zsh
-- Installing: /home/jacob/MTRN4231/MTRN4231/fruit_picker_ws/install/user_input/share/user_input/local_setup.dsv
-- Installing: /home/jacob/MTRN4231/MTRN4231/fruit_picker_ws/install/user_input/share/user_input/package.dsv
-- Up-to-date: /home/jacob/MTRN4231/MTRN4231/fruit_picker_ws/install/user_input/share/ament_index/resource_index/packages/user_input
-- Up-to-date: /home/jacob/MTRN4231/MTRN4231/fruit_picker_ws/install/user_input/share/user_input/cmake/user_inputConfig.cmake
-- Up-to-date: /home/jacob/MTRN4231/MTRN4231/fruit_picker_ws/install/user_input/share/user_input/cmake/user_inputConfig-version.cmake
-- Up-to-date: /home/jacob/MTRN4231/MTRN4231/fruit_picker_ws/install/user_input/share/user_input/package.xml
