[0.036s] Invoking command in '/home/jacob/MTRN4231/MTRN4231/fruit_picker_ws/build/user_input': CMAKE_PREFIX_PATH=${CMAKE_PREFIX_PATH}:/opt/ros/humble /usr/bin/cmake --build /home/jacob/MTRN4231/MTRN4231/fruit_picker_ws/build/user_input -- -j8 -l8
[0.162s] [35m[1mConsolidate compiler generated dependencies of target start_node[0m
[0.210s] [ 50%] Built target user_interface_node
[0.236s] [ 75%] [32mBuilding CXX object CMakeFiles/start_node.dir/src/start.cpp.o[0m
[6.503s] [01m[K/home/jacob/MTRN4231/MTRN4231/fruit_picker_ws/src/user_input/src/start.cpp:[m[K In function ‘[01m[Kint main(int, char**)[m[K’:
[6.503s] [01m[K/home/jacob/MTRN4231/MTRN4231/fruit_picker_ws/src/user_input/src/start.cpp:124:5:[m[K [01;35m[Kwarning: [m[Klabel ‘[01m[Krclcpp[m[K’ defined but not used [[01;35m[K]8;;https://gcc.gnu.org/onlinedocs/gcc/Warning-Options.html#index-Wunused-label-Wunused-label]8;;[m[K]
[6.504s]   124 |     [01;35m[Krclcpp[m[K:spin_some(action_client_node);
[6.504s]       |     [01;35m[K^~~~~~[m[K
[9.133s] [100%] [32m[1mLinking CXX executable start_node[0m
[9.933s] [100%] Built target start_node
[9.955s] Invoked command in '/home/jacob/MTRN4231/MTRN4231/fruit_picker_ws/build/user_input' returned '0': CMAKE_PREFIX_PATH=${CMAKE_PREFIX_PATH}:/opt/ros/humble /usr/bin/cmake --build /home/jacob/MTRN4231/MTRN4231/fruit_picker_ws/build/user_input -- -j8 -l8
[9.959s] Invoking command in '/home/jacob/MTRN4231/MTRN4231/fruit_picker_ws/build/user_input': CMAKE_PREFIX_PATH=${CMAKE_PREFIX_PATH}:/opt/ros/humble /usr/bin/cmake --install /home/jacob/MTRN4231/MTRN4231/fruit_picker_ws/build/user_input
[9.971s] -- Install configuration: ""
[9.974s] -- Installing: /home/jacob/MTRN4231/MTRN4231/fruit_picker_ws/install/user_input/lib/user_input/user_interface_node
[9.980s] -- Set runtime path of "/home/jacob/MTRN4231/MTRN4231/fruit_picker_ws/install/user_input/lib/user_input/user_interface_node" to ""
[9.981s] -- Installing: /home/jacob/MTRN4231/MTRN4231/fruit_picker_ws/install/user_input/lib/user_input/start_node
[9.983s] -- Set runtime path of "/home/jacob/MTRN4231/MTRN4231/fruit_picker_ws/install/user_input/lib/user_input/start_node" to ""
[9.984s] -- Up-to-date: /home/jacob/MTRN4231/MTRN4231/fruit_picker_ws/install/user_input/share/ament_index/resource_index/package_run_dependencies/user_input
[9.984s] -- Installing: /home/jacob/MTRN4231/MTRN4231/fruit_picker_ws/install/user_input/share/ament_index/resource_index/parent_prefix_path/user_input
[9.985s] -- Up-to-date: /home/jacob/MTRN4231/MTRN4231/fruit_picker_ws/install/user_input/share/user_input/environment/ament_prefix_path.sh
[9.985s] -- Installing: /home/jacob/MTRN4231/MTRN4231/fruit_picker_ws/install/user_input/share/user_input/environment/ament_prefix_path.dsv
[9.986s] -- Up-to-date: /home/jacob/MTRN4231/MTRN4231/fruit_picker_ws/install/user_input/share/user_input/environment/path.sh
[9.986s] -- Installing: /home/jacob/MTRN4231/MTRN4231/fruit_picker_ws/install/user_input/share/user_input/environment/path.dsv
[9.988s] -- Up-to-date: /home/jacob/MTRN4231/MTRN4231/fruit_picker_ws/install/user_input/share/user_input/local_setup.bash
[9.988s] -- Up-to-date: /home/jacob/MTRN4231/MTRN4231/fruit_picker_ws/install/user_input/share/user_input/local_setup.sh
[9.989s] -- Up-to-date: /home/jacob/MTRN4231/MTRN4231/fruit_picker_ws/install/user_input/share/user_input/local_setup.zsh
[9.989s] -- Installing: /home/jacob/MTRN4231/MTRN4231/fruit_picker_ws/install/user_input/share/user_input/local_setup.dsv
[9.990s] -- Installing: /home/jacob/MTRN4231/MTRN4231/fruit_picker_ws/install/user_input/share/user_input/package.dsv
[9.991s] -- Up-to-date: /home/jacob/MTRN4231/MTRN4231/fruit_picker_ws/install/user_input/share/ament_index/resource_index/packages/user_input
[9.991s] -- Up-to-date: /home/jacob/MTRN4231/MTRN4231/fruit_picker_ws/install/user_input/share/user_input/cmake/user_inputConfig.cmake
[9.991s] -- Up-to-date: /home/jacob/MTRN4231/MTRN4231/fruit_picker_ws/install/user_input/share/user_input/cmake/user_inputConfig-version.cmake
[9.992s] -- Up-to-date: /home/jacob/MTRN4231/MTRN4231/fruit_picker_ws/install/user_input/share/user_input/package.xml
[9.995s] Invoked command in '/home/jacob/MTRN4231/MTRN4231/fruit_picker_ws/build/user_input' returned '0': CMAKE_PREFIX_PATH=${CMAKE_PREFIX_PATH}:/opt/ros/humble /usr/bin/cmake --install /home/jacob/MTRN4231/MTRN4231/fruit_picker_ws/build/user_input
